Archive member included to satisfy reference by file (symbol)

obj_cooja/mtype733.a(simEnvChange.o)
                              obj_cooja/mtype733.o (simDontFallAsleep)
obj_cooja/mtype733.a(cooja_mt.o)
                              obj_cooja/mtype733.o (cooja_mt_start)
obj_cooja/mtype733.a(cooja_mtarch.o)
                              obj_cooja/mtype733.a(cooja_mt.o) (cooja_mtarch_init)
obj_cooja/mtype733.a(rtimer-arch.o)
                              obj_cooja/mtype733.o (rtimer_arch_next)
obj_cooja/mtype733.a(beep.o)  obj_cooja/mtype733.o (beep_interface)
obj_cooja/mtype733.a(button-sensor.o)
                              obj_cooja/mtype733.o (button_interface)
obj_cooja/mtype733.a(leds-arch.o)
                              obj_cooja/mtype733.o (leds_interface)
obj_cooja/mtype733.a(moteid.o)
                              obj_cooja/mtype733.o (moteid_interface)
obj_cooja/mtype733.a(pir-sensor.o)
                              obj_cooja/mtype733.o (pir_interface)
obj_cooja/mtype733.a(rs232.o)
                              obj_cooja/mtype733.o (rs232_interface)
obj_cooja/mtype733.a(vib-sensor.o)
                              obj_cooja/mtype733.o (vib_interface)
obj_cooja/mtype733.a(clock.o)
                              obj_cooja/mtype733.o (clock_interface)
obj_cooja/mtype733.a(log.o)   obj_cooja/mtype733.o (simlog_interface)
obj_cooja/mtype733.a(cfs-cooja.o)
                              obj_cooja/mtype733.o (cfs_interface)
obj_cooja/mtype733.a(cooja-radio.o)
                              obj_cooja/mtype733.o (radio_interface)
obj_cooja/mtype733.a(eeprom.o)
                              obj_cooja/mtype733.o (eeprom_interface)
obj_cooja/mtype733.a(random.o)
                              obj_cooja/mtype733.a(moteid.o) (random_init)
obj_cooja/mtype733.a(sensors.o)
                              udp-server.co (sensors_event)
obj_cooja/mtype733.a(leds.o)  obj_cooja/mtype733.a(cooja-radio.o) (leds_on)
obj_cooja/mtype733.a(dual_conf.o)
                              obj_cooja/mtype733.a(cooja-radio.o) (long_range_radio)
obj_cooja/mtype733.a(autostart.o)
                              obj_cooja/mtype733.o (autostart_start)
obj_cooja/mtype733.a(ctimer.o)
                              obj_cooja/mtype733.o (ctimer_init)
obj_cooja/mtype733.a(etimer.o)
                              obj_cooja/mtype733.o (etimer_process)
obj_cooja/mtype733.a(log_message.o)
                              obj_cooja/mtype733.o (log_initialization)
obj_cooja/mtype733.a(process.o)
                              udp-server.co (process_current)
obj_cooja/mtype733.a(residual.o)
                              obj_cooja/mtype733.o (DISSIPATION_RATE)
obj_cooja/mtype733.a(rtimer.o)
                              obj_cooja/mtype733.a(rtimer-arch.o) (rtimer_run_next)
obj_cooja/mtype733.a(timer.o)
                              obj_cooja/mtype733.a(button-sensor.o) (timer_set)
obj_cooja/mtype733.a(serial-line.o)
                              obj_cooja/mtype733.a(rs232.o) (serial_line_input_byte)
obj_cooja/mtype733.a(list.o)  obj_cooja/mtype733.a(ctimer.o) (list_init)
obj_cooja/mtype733.a(ringbuf.o)
                              obj_cooja/mtype733.a(serial-line.o) (ringbuf_init)
obj_cooja/mtype733.a(sicslowpan.o)
                              obj_cooja/mtype733.o (sicslowpan_driver)
obj_cooja/mtype733.a(uip-ds6-nbr.o)
                              obj_cooja/mtype733.a(sicslowpan.o) (uip_ds6_link_neighbor_callback)
obj_cooja/mtype733.a(uip-ds6.o)
                              udp-server.co (uip_ds6_if)
obj_cooja/mtype733.a(uip6.o)  obj_cooja/mtype733.o (uip_lladdr)
obj_cooja/mtype733.a(tcpip.o)
                              udp-server.co (tcpip_event)
obj_cooja/mtype733.a(uip-debug.o)
                              udp-server.co (uip_debug_ipaddr_print)
obj_cooja/mtype733.a(uip-packetqueue)
                              obj_cooja/mtype733.a(uip-ds6-nbr.o) (uip_packetqueue_new)
obj_cooja/mtype733.a(rpl-dag.o)
                              udp-server.co (rpl_set_root)
obj_cooja/mtype733.a(rpl-ext-header.)
                              obj_cooja/mtype733.a(uip6.o) (rpl_verify_header)
obj_cooja/mtype733.a(rpl-icmp6.o)
                              obj_cooja/mtype733.a(rpl-dag.o) (rpl_icmp6_update_nbr_table)
obj_cooja/mtype733.a(rpl-ltmax2.o)
                              obj_cooja/mtype733.a(rpl-dag.o) (rpl_ltmax2_of)
obj_cooja/mtype733.a(rpl-timers.o)
                              obj_cooja/mtype733.a(rpl-dag.o) (rpl_reset_dio_timer)
obj_cooja/mtype733.a(rpl.o)   obj_cooja/mtype733.a(rpl-icmp6.o) (rpl_get_mode)
obj_cooja/mtype733.a(csma.o)  udp-server.co (csma_driver)
obj_cooja/mtype733.a(framer-802154.o)
                              obj_cooja/mtype733.a(sicslowpan.o) (framer_802154)
obj_cooja/mtype733.a(mac.o)   obj_cooja/mtype733.a(csma.o) (mac_call_sent_callback)
obj_cooja/mtype733.a(cxmac.o)
                              obj_cooja/mtype733.o (cxmac_driver)
obj_cooja/mtype733.a(linkaddr.o)
                              obj_cooja/mtype733.o (linkaddr_node_addr)
[...]
Memory Configuration

Name             Origin             Length             Attributes
*default*        0x0000000000000000 0xffffffffffffffff

Linker script and memory map

LOAD /usr/lib/gcc/i686-linux-gnu/4.8/../../../i386-linux-gnu/crti.o
LOAD /usr/lib/gcc/i686-linux-gnu/4.8/crtbeginS.o
LOAD udp-server.co
LOAD obj_cooja/mtype733.o
LOAD obj_cooja/mtype733.a
LOAD /usr/lib/gcc/i686-linux-gnu/4.8/libgcc.a
LOAD /usr/lib/gcc/i686-linux-gnu/4.8/libgcc_s.so
LOAD /usr/lib/gcc/i686-linux-gnu/4.8/../../../i386-linux-gnu/libc.so
START GROUP
LOAD /lib/i386-linux-gnu/libc.so.6
LOAD /usr/lib/i386-linux-gnu/libc_nonshared.a
LOAD /lib/i386-linux-gnu/ld-linux.so.2
END GROUP
LOAD /usr/lib/gcc/i686-linux-gnu/4.8/libgcc.a
LOAD /usr/lib/gcc/i686-linux-gnu/4.8/libgcc_s.so
LOAD /usr/lib/gcc/i686-linux-gnu/4.8/crtendS.o
LOAD /usr/lib/gcc/i686-linux-gnu/4.8/../../../i386-linux-gnu/crtn.o
                0x0000000000000114                . = (0x0 + SIZEOF_HEADERS)

.note.gnu.build-id
                0x0000000000000114       0x24
 *(.note.gnu.build-id)
 .note.gnu.build-id
                0x0000000000000114       0x24 /usr/lib/gcc/i686-linux-gnu/4.8/../../../i386-linux-gnu/crti.o

.hash
 *(.hash)

.gnu.hash       0x0000000000000138     0x13b8
 *(.gnu.hash)
 .gnu.hash      0x0000000000000138     0x13b8 /usr/lib/gcc/i686-linux-gnu/4.8/../../../i386-linux-gnu/crti.o

.dynsym         0x00000000000014f0     0x2740
 *(.dynsym)
 .dynsym        0x00000000000014f0     0x2740 /usr/lib/gcc/i686-linux-gnu/4.8/../../../i386-linux-gnu/crti.o

.dynstr         0x0000000000003c30     0x27ef
 *(.dynstr)
 .dynstr        0x0000000000003c30     0x27ef /usr/lib/gcc/i686-linux-gnu/4.8/../../../i386-linux-gnu/crti.o

.gnu.version    0x0000000000006420      0x4e8
 *(.gnu.version)
 .gnu.version   0x0000000000006420      0x4e8 /usr/lib/gcc/i686-linux-gnu/4.8/../../../i386-linux-gnu/crti.o

.gnu.version_d  0x0000000000006908        0x0
 *(.gnu.version_d)
 .gnu.version_d
                0x0000000000000000        0x0 /usr/lib/gcc/i686-linux-gnu/4.8/../../../i386-linux-gnu/crti.o

.gnu.version_r  0x0000000000006908       0x50
 *(.gnu.version_r)
 .gnu.version_r
                0x0000000000006908       0x50 /usr/lib/gcc/i686-linux-gnu/4.8/../../../i386-linux-gnu/crti.o

.rel.dyn        0x0000000000006958     0x9570
 *(.rel.init)
 .rel.init      0x0000000000000000        0x0 /usr/lib/gcc/i686-linux-gnu/4.8/../../../i386-linux-gnu/crti.o
 *(.rel.text .rel.text.* .rel.gnu.linkonce.t.*)
 .rel.text      0x0000000000006958     0x8db0 /usr/lib/gcc/i686-linux-gnu/4.8/../../../i386-linux-gnu/crti.o
 *(.rel.fini)
 .rel.fini      0x0000000000000000        0x0 /usr/lib/gcc/i686-linux-gnu/4.8/../../../i386-linux-gnu/crti.o
 *(.rel.rodata .rel.rodata.* .rel.gnu.linkonce.r.*)
 .rel.rodata    0x000000000000f708      0x4e0 /usr/lib/gcc/i686-linux-gnu/4.8/../../../i386-linux-gnu/crti.o
 *(.rel.data.rel.ro .rel.data.rel.ro.* .rel.gnu.linkonce.d.rel.ro.*)
 *(.rel.data .rel.data.* .rel.gnu.linkonce.d.*)
 .rel.data.rel  0x000000000000fbe8        0x8 /usr/lib/gcc/i686-linux-gnu/4.8/../../../i386-linux-gnu/crti.o
 .rel.data      0x000000000000fbf0      0x2a0 /usr/lib/gcc/i686-linux-gnu/4.8/../../../i386-linux-gnu/crti.o
 *(.rel.tdata .rel.tdata.* .rel.gnu.linkonce.td.*)
 *(.rel.tbss .rel.tbss.* .rel.gnu.linkonce.tb.*)
 *(.rel.ctors)
 *(.rel.dtors)
 *(.rel.got)
 .rel.got       0x000000000000fe90       0x28 /usr/lib/gcc/i686-linux-gnu/4.8/../../../i386-linux-gnu/crti.o
 *(.rel.bss .rel.bss.* .rel.gnu.linkonce.b.*)
 *(.rel.ifunc)
 .rel.ifunc     0x0000000000000000        0x0 /usr/lib/gcc/i686-linux-gnu/4.8/../../../i386-linux-gnu/crti.o
 .rel.fini_array
                0x000000000000feb8        0x8 /usr/lib/gcc/i686-linux-gnu/4.8/../../../i386-linux-gnu/crti.o
 .rel.init_array
                0x000000000000fec0        0x8 /usr/lib/gcc/i686-linux-gnu/4.8/../../../i386-linux-gnu/crti.o

.rel.plt        0x000000000000fec8       0x10
 *(.rel.plt)
 .rel.plt       0x000000000000fec8       0x10 /usr/lib/gcc/i686-linux-gnu/4.8/../../../i386-linux-gnu/crti.o
 *(.rel.iplt)

.init           0x000000000000fed8       0x23
 *(SORT(.init))
 .init          0x000000000000fed8       0x1e /usr/lib/gcc/i686-linux-gnu/4.8/../../../i386-linux-gnu/crti.o
                0x000000000000fed8                _init
 .init          0x000000000000fef6        0x5 /usr/lib/gcc/i686-linux-gnu/4.8/../../../i386-linux-gnu/crtn.o

.plt            0x000000000000ff00       0x30
 *(.plt)
 .plt           0x000000000000ff00       0x30 /usr/lib/gcc/i686-linux-gnu/4.8/../../../i386-linux-gnu/crti.o
 *(.iplt)

.text           0x000000000000ff30    0x17470
 *(.text.unlikely .text.*_unlikely .text.unlikely.*)
 *(.text.exit .text.exit.*)
 *(.text.startup .text.startup.*)
 *(.text.hot .text.hot.*)
 *(.text .stub .text.* .gnu.linkonce.t.*)
 .text          0x000000000000ff30        0x0 /usr/lib/gcc/i686-linux-gnu/4.8/../../../i386-linux-gnu/crti.o
 .gnu.linkonce.t.__x86.get_pc_thunk.bx
                0x000000000000ff30        0x4 /usr/lib/gcc/i686-linux-gnu/4.8/../../../i386-linux-gnu/crti.o
                0x000000000000ff30                __x86.get_pc_thunk.bx
 *fill*         0x000000000000ff34        0xc 
 .text          0x000000000000ff40      0x11b /usr/lib/gcc/i686-linux-gnu/4.8/crtbeginS.o
 .text          0x000000000001005b      0x4fc udp-server.co
 .text          0x0000000000010557      0x96a obj_cooja/mtype733.o
                0x0000000000010705                contiki_init
                0x0000000000010cd8                Java_org_contikios_cooja_corecomm_Lib1_init
                0x0000000000010d18                Java_org_contikios_cooja_corecomm_Lib1_getMemory
                0x0000000000010d58                Java_org_contikios_cooja_corecomm_Lib1_setMemory
                0x0000000000010dcf                Java_org_contikios_cooja_corecomm_Lib1_tick
                0x0000000000010eaf                Java_org_contikios_cooja_corecomm_Lib1_setReferenceAddress
 .text          0x0000000000010ec1       0x63 obj_cooja/mtype733.a(simEnvChange.o)
                0x0000000000010ec1                doActionsBeforeTick
                0x0000000000010ef2                doActionsAfterTick
 .text          0x0000000000010f24       0xbc obj_cooja/mtype733.a(cooja_mt.o)
                0x0000000000010f24                cooja_mt_init
                0x0000000000010f31                cooja_mt_remove
                0x0000000000010f3e                cooja_mt_start
                0x0000000000010f6b                cooja_mt_exec
                0x0000000000010f9c                cooja_mt_exit
                0x0000000000010fbe                cooja_mt_yield
 .text          0x0000000000010fe0      0x115 obj_cooja/mtype733.a(cooja_mtarch.o)
                0x0000000000010fe0                cooja_mtarch_init
                0x0000000000010fe5                cooja_mtarch_start
                0x0000000000011060                cooja_sw
                0x0000000000011082                cooja_mtarch_exec
                0x000000000001109e                cooja_mtarch_remove
                0x00000000000110a3                cooja_mtarch_yield
                0x00000000000110ad                cooja_mtarch_pstop
                0x00000000000110b2                cooja_mtarch_pstart
                0x00000000000110b7                cooja_mtarch_stack_usage
 .text          0x00000000000110f5       0xc2 obj_cooja/mtype733.a(rtimer-arch.o)
                0x00000000000110f5                rtimer_arch_init
                0x0000000000011118                rtimer_arch_schedule
                0x000000000001112f                rtimer_arch_next
                0x0000000000011139                rtimer_arch_pending
                0x0000000000011143                rtimer_arch_check
                0x0000000000011175                rtimer_arch_now
 .text          0x00000000000111b7       0x76 obj_cooja/mtype733.a(beep.o)
                0x00000000000111b7                beep_alarm
                0x00000000000111c3                beep_beep
                0x00000000000111cf                beep
                0x00000000000111db                beep_down
                0x00000000000111e7                beep_on
                0x00000000000111f3                beep_off
                0x00000000000111ff                beep_spinup
                0x000000000001120b                beep_quick
                0x0000000000011217                beep_long
 .text          0x000000000001122d      0x103 obj_cooja/mtype733.a(button-sensor.o)
 .text          0x0000000000011330       0x45 obj_cooja/mtype733.a(leds-arch.o)
                0x0000000000011330                leds_arch_init
                0x000000000001133c                leds_arch_get
                0x0000000000011348                leds_arch_set
 .text          0x0000000000011375       0x2f obj_cooja/mtype733.a(moteid.o)
 .text          0x00000000000113a4       0xb1 obj_cooja/mtype733.a(pir-sensor.o)
 .text          0x0000000000011455      0x131 obj_cooja/mtype733.a(rs232.o)
                0x0000000000011455                rs232_init
                0x000000000001145a                rs232_set_speed
                0x0000000000011468                rs232_set_input
                0x0000000000011475                rs232_send
                0x0000000000011497                rs232_print
                0x00000000000114b2                slip_arch_writeb
 .text          0x0000000000011586       0xb1 obj_cooja/mtype733.a(vib-sensor.o)
 .text          0x0000000000011637       0x34 obj_cooja/mtype733.a(clock.o)
                0x0000000000011637                clock_init
                0x000000000001163c                clock_time
                0x0000000000011646                clock_seconds
                0x000000000001165c                clock_delay
 .text          0x000000000001166b      0x1ed obj_cooja/mtype733.a(log.o)
                0x000000000001166b                simlog_char
                0x00000000000116ad                simlog
                0x000000000001171a                log_message
                0x0000000000011742                log_set_putchar_with_slip
                0x000000000001174f                log_putchar
                0x00000000000117d3                log_puts
                0x00000000000117f7                log_printf
 .text          0x0000000000011858      0x2c4 obj_cooja/mtype733.a(cfs-cooja.o)
                0x0000000000011858                cfs_open
                0x00000000000118c1                cfs_close
                0x00000000000118cd                cfs_read
                0x000000000001196b                cfs_write
                0x0000000000011a48                cfs_seek
                0x0000000000011ad0                cfs_remove
                0x0000000000011af9                cfs_opendir
                0x0000000000011b03                cfs_readdir
                0x0000000000011b0d                cfs_closedir
 .text          0x0000000000011b1c      0x793 obj_cooja/mtype733.a(cooja-radio.o)
                0x0000000000011b46                radio_set_channel
                0x0000000000011b5b                radio_set_txpower
                0x0000000000011b7b                radio_signal_strength_last
                0x0000000000011b85                radio_signal_strength_current
                0x0000000000011b8f                radio_LQI
 .text          0x00000000000122af       0xef obj_cooja/mtype733.a(eeprom.o)
                0x00000000000122af                eeprom_init
                0x00000000000122b4                eeprom_read
                0x0000000000012324                eeprom_write
 .text          0x000000000001239e       0x28 obj_cooja/mtype733.a(random.o)
                0x000000000001239e                random_init
                0x00000000000123b9                random_rand
 .text          0x00000000000123c6      0x2a1 obj_cooja/mtype733.a(sensors.o)
                0x0000000000012401                sensors_first
                0x000000000001240b                sensors_next
                0x0000000000012428                sensors_changed
                0x0000000000012457                sensors_find
 .text          0x0000000000012667      0x134 obj_cooja/mtype733.a(leds.o)
                0x00000000000126b8                leds_init
                0x00000000000126cc                leds_blink
                0x0000000000012704                leds_get
                0x0000000000012711                leds_set
                0x000000000001272b                leds_on
                0x000000000001274e                leds_off
                0x0000000000012778                leds_toggle
 .text          0x000000000001279b      0x318 obj_cooja/mtype733.a(dual_conf.o)
                0x000000000001279b                dual_radio_switch
                0x00000000000127db                dual_radio_change
                0x0000000000012815                sending_in_LR
                0x0000000000012840                dual_radio_received
                0x0000000000012878                radio_received_is_longrange
                0x0000000000012893                dual_radio_turn_on
                0x00000000000128b6                dual_radio_turn_off
                0x0000000000012a69                dio_broadcast
                0x0000000000012a92                dis_broadcast
 .text          0x0000000000012ab3       0x8e obj_cooja/mtype733.a(autostart.o)
                0x0000000000012ab3                autostart_start
                0x0000000000012afe                autostart_exit
 .text          0x0000000000012b41      0x334 obj_cooja/mtype733.a(ctimer.o)
                0x0000000000012c58                ctimer_init
                0x0000000000012c88                ctimer_set
                0x0000000000012cb9                ctimer_set_with_process
                0x0000000000012d35                ctimer_reset
                0x0000000000012d84                ctimer_restart
                0x0000000000012dd3                ctimer_stop
                0x0000000000012e1e                ctimer_expired
 .text          0x0000000000012e75      0x40b obj_cooja/mtype733.a(etimer.o)
                0x0000000000013088                etimer_request_poll
                0x000000000001310c                etimer_set
                0x0000000000013131                etimer_reset_with_new_interval
                0x0000000000013158                etimer_reset
                0x0000000000013176                etimer_restart
                0x0000000000013194                etimer_adjust
                0x00000000000131b0                etimer_expired
                0x00000000000131c3                etimer_expiration_time
                0x00000000000131d5                etimer_start_time
                0x00000000000131df                etimer_pending
                0x00000000000131f1                etimer_next_expiration_time
                0x000000000001320b                etimer_stop
 .text          0x0000000000013280      0x225 obj_cooja/mtype733.a(log_message.o)
                0x0000000000013280                log_initialization
                0x000000000001347f                log_reinit
                0x0000000000013484                log_finisher
 .text          0x00000000000134a5      0x560 obj_cooja/mtype733.a(process.o)
                0x00000000000134a5                process_alloc_event
                0x00000000000134ba                process_start
                0x00000000000136a3                process_exit
                0x00000000000136bf                process_init
                0x0000000000013890                process_run
                0x00000000000138c3                process_nevents
                0x00000000000138de                process_post
                0x000000000001398a                process_post_synch
                0x00000000000139c2                process_poll
                0x00000000000139f1                process_is_running
 .text          0x0000000000013a05       0xd3 obj_cooja/mtype733.a(residual.o)
                0x0000000000013a05                get_residual_energy
 .text          0x0000000000013ad8       0xba obj_cooja/mtype733.a(rtimer.o)
                0x0000000000013ad8                rtimer_init
                0x0000000000013ae5                rtimer_set
                0x0000000000013b3c                rtimer_run_next
 .text          0x0000000000013b92       0x91 obj_cooja/mtype733.a(timer.o)
                0x0000000000013b92                timer_set
                0x0000000000013bad                timer_reset
                0x0000000000013bc4                timer_restart
                0x0000000000013bd6                timer_expired
                0x0000000000013bff                timer_remaining
 .text          0x0000000000013c23      0x1fb obj_cooja/mtype733.a(serial-line.o)
                0x0000000000013c23                serial_line_input_byte
                0x0000000000013de6                serial_line_init
 .text          0x0000000000013e1e      0x244 obj_cooja/mtype733.a(list.o)
                0x0000000000013e1e                list_init
                0x0000000000013e2c                list_head
                0x0000000000013e36                list_copy
                0x0000000000013e45                list_tail
                0x0000000000013e7b                list_add
                0x0000000000013ec4                list_push
                0x0000000000013ef0                list_chop
                0x0000000000013f5a                list_pop
                0x0000000000013f82                list_remove
                0x0000000000013fe9                list_length
                0x0000000000014017                list_insert
                0x000000000001404b                list_item_next
 .text          0x0000000000014062      0x155 obj_cooja/mtype733.a(ringbuf.o)
                0x0000000000014062                ringbuf_init
                0x0000000000014093                ringbuf_put
                0x0000000000014111                ringbuf_get
                0x000000000001417e                ringbuf_size
                0x0000000000014190                ringbuf_elements
 .text          0x00000000000141b7     0x258b obj_cooja/mtype733.a(sicslowpan.o)
                0x0000000000014741                rime_sniffer_add
                0x000000000001474e                rime_sniffer_remove
                0x00000000000166e1                sicslowpan_init
                0x0000000000016738                sicslowpan_get_last_rssi
 .text          0x0000000000016742      0x2d9 obj_cooja/mtype733.a(uip-ds6-nbr.o)
                0x000000000001675f                uip_ds6_neighbors_init
                0x000000000001677c                uip_ds6_nbr_add
                0x000000000001682a                uip_ds6_nbr_rm
                0x0000000000016887                uip_ds6_nbr_get_ipaddr
                0x000000000001689c                uip_ds6_nbr_get_ll
                0x00000000000168b8                uip_ds6_nbr_num
                0x00000000000168fd                uip_ds6_nbr_lookup
                0x0000000000016962                uip_ds6_nbr_ll_lookup
                0x000000000001697e                uip_ds6_nbr_ipaddr_from_lladdr
                0x00000000000169a4                uip_ds6_nbr_lladdr_from_ipaddr
                0x00000000000169d2                uip_ds6_link_neighbor_callback
 .text          0x0000000000016a1b     0x12ad obj_cooja/mtype733.a(uip-ds6.o)
                0x0000000000016a1b                uip_ds6_init
                0x0000000000016d70                uip_ds6_periodic
                0x0000000000016e48                uip_ds6_list_loop
                0x0000000000016eef                uip_ds6_prefix_add
                0x0000000000016fad                uip_ds6_prefix_rm
                0x0000000000016fbf                uip_ds6_prefix_lookup
                0x0000000000017010                uip_ds6_is_addr_onlink
                0x0000000000017084                uip_ds6_addr_add
                0x00000000000171b2                uip_ds6_long_addr_add
                0x00000000000172e0                uip_ds6_addr_rm
                0x0000000000017380                uip_ds6_addr_lookup
                0x00000000000173cb                uip_ds6_long_addr_lookup
                0x0000000000017416                uip_ds6_get_link_local
                0x0000000000017495                uip_ds6_long_get_link_local
                0x0000000000017514                uip_ds6_get_global
                0x0000000000017593                uip_ds6_long_get_global
                0x0000000000017612                uip_ds6_maddr_add
                0x0000000000017684                uip_ds6_long_maddr_add
                0x00000000000176f6                uip_ds6_maddr_rm
                0x0000000000017708                uip_ds6_maddr_lookup
                0x0000000000017753                uip_ds6_long_maddr_lookup
                0x000000000001779e                uip_ds6_aaddr_add
                0x0000000000017810                uip_ds6_long_aaddr_add
                0x0000000000017882                uip_ds6_aaddr_rm
                0x0000000000017894                uip_ds6_aaddr_lookup
                0x00000000000178df                uip_ds6_long_aaddr_lookup
                0x000000000001792a                uip_ds6_select_src
                0x0000000000017bb3                uip_ds6_set_addr_iid
                0x0000000000017bea                get_match_length
                0x0000000000017c7c                uip_ds6_compute_reachable_time
 .text          0x0000000000017cc8     0x29ac obj_cooja/mtype733.a(uip6.o)
                0x0000000000017cc8                uip_add32
                0x0000000000017e61                uip_chksum
                0x0000000000017f4f                uip_icmp6chksum
                0x0000000000017f63                uip_tcpchksum
                0x0000000000017f77                uip_init
                0x0000000000018047                uip_connect
                0x00000000000181f6                remove_ext_hdr
                0x00000000000182cb                uip_udp_new
                0x0000000000018427                uip_unlisten
                0x0000000000018487                uip_listen
                0x0000000000018749                uip_process
                0x000000000001a568                uip_htons
                0x000000000001a58a                uip_htonl
                0x000000000001a5ca                uip_send
 .text          0x000000000001a674      0xa53 obj_cooja/mtype733.a(tcpip.o)
                0x000000000001a674                tcpip_output
                0x000000000001a6af                tcpip_set_outputfunc
                0x000000000001a743                tcp_connect
                0x000000000001a798                tcp_unlisten
                0x000000000001a7f3                tcp_listen
                0x000000000001a84c                tcp_attach
                0x000000000001a871                udp_attach
                0x000000000001a896                udp_new
                0x000000000001a8e8                udp_broadcast_new
                0x000000000001ab5c                tcpip_input
                0x000000000001ab90                tcpip_ipv6_output
                0x000000000001af03                tcpip_poll_udp
                0x000000000001af26                tcpip_poll_tcp
                0x000000000001af49                tcpip_uipcall
 .text          0x000000000001b0c7      0x1c1 obj_cooja/mtype733.a(uip-debug.o)
                0x000000000001b0c7                uip_debug_ipaddr_print
                0x000000000001b229                uip_debug_lladdr_print
 .text          0x000000000001b288      0x141 obj_cooja/mtype733.a(uip-packetqueue)
                0x000000000001b2b4                uip_packetqueue_new
                0x000000000001b2c2                uip_packetqueue_alloc
                0x000000000001b322                uip_packetqueue_free
                0x000000000001b363                uip_packetqueue_buf
                0x000000000001b380                uip_packetqueue_buflen
                0x000000000001b3a1                uip_packetqueue_set_buflen
 .text          0x000000000001b3c9     0x25ec obj_cooja/mtype733.a(rpl-dag.o)
                0x000000000001b3c9                rpl_print_neighbor_list
                0x000000000001b430                rpl_print_child_neighbor_list
                0x000000000001b497                rpl_get_nbr
                0x000000000001b4f1                rpl_get_nbr_child
                0x000000000001b54b                rpl_dag_init
                0x000000000001b57d                rpl_get_parent
                0x000000000001b59f                rpl_get_parent_rank
                0x000000000001b5d2                rpl_get_parent_link_metric
                0x000000000001b605                rpl_get_parent_ipaddr
                0x000000000001b62f                rpl_get_child_ipaddr
                0x000000000001b939                rpl_set_root
                0x000000000001bb67                rpl_repair_root
                0x000000000001bda3                rpl_set_prefix
                0x000000000001bea2                rpl_set_default_route
                0x000000000001bf2e                rpl_alloc_instance
                0x000000000001bfb6                rpl_alloc_dag
                0x000000000001c069                rpl_set_default_instance
                0x000000000001c076                rpl_get_default_instance
                0x000000000001c080                rpl_free_instance
                0x000000000001c121                rpl_free_dag
                0x000000000001c187                rpl_add_parent
                0x000000000001c270                rpl_find_parent
                0x000000000001c2a0                rpl_add_child
                0x000000000001c344                rpl_find_child
                0x000000000001c392                rpl_find_parent_any_dag
                0x000000000001c3ce                rpl_select_dag
                0x000000000001c7af                rpl_select_parent
                0x000000000001c811                rpl_remove_parent
                0x000000000001c847                rpl_remove_child
                0x000000000001c863                rpl_nullify_parent
                0x000000000001c901                rpl_move_parent
                0x000000000001c99e                rpl_has_downward_route
                0x000000000001c9f1                rpl_get_any_dag
                0x000000000001ca53                rpl_get_instance
                0x000000000001cab6                rpl_find_of
                0x000000000001caf3                rpl_join_instance
                0x000000000001cdc9                rpl_add_dag
                0x000000000001d1b8                rpl_local_repair
                0x000000000001d291                rpl_recalculate_ranks
                0x000000000001d317                rpl_process_parent_event
                0x000000000001d3c9                rpl_process_dio
 .text          0x000000000001d9b5      0xbf3 obj_cooja/mtype733.a(rpl-ext-header.)
                0x000000000001d9d2                rpl_verify_header
                0x000000000001de4c                rpl_update_header_empty
                0x000000000001e163                rpl_update_header_final
                0x000000000001e2f2                rpl_remove_header
                0x000000000001e3fc                rpl_invert_header
                0x000000000001e586                rpl_insert_header
 .text          0x000000000001e5a8     0x2377 obj_cooja/mtype733.a(rpl-icmp6.o)
                0x000000000001e807                rpl_icmp6_update_nbr_table
                0x000000000001e8f7                dis_output
                0x000000000001f1f9                dio_output
                0x000000000002048a                dao_output
                0x0000000000020552                dao_output_target
                0x00000000000208d3                dao_ack_output
                0x00000000000208e7                rpl_icmp6_register_handlers
 .text          0x000000000002091f      0x62c obj_cooja/mtype733.a(rpl-ltmax2.o)
 .text          0x0000000000020f4b      0x59d obj_cooja/mtype733.a(rpl-timers.o)
                0x0000000000021191                rpl_reset_periodic_timer
                0x00000000000211e6                rpl_reset_dio_timer
                0x0000000000021420                rpl_schedule_dao
                0x000000000002143b                rpl_schedule_dao_immediately
                0x0000000000021456                rpl_cancel_dao
                0x00000000000214b8                rpl_schedule_unicast_dio_immediately
 .text          0x00000000000214e8      0x5cc obj_cooja/mtype733.a(rpl.o)
                0x00000000000214e8                rpl_get_mode
                0x00000000000214f2                rpl_set_mode
                0x0000000000021580                rpl_purge_routes
                0x000000000002167a                rpl_remove_routes
                0x00000000000216c0                rpl_remove_routes_by_nexthop
                0x000000000002172c                rpl_add_route
                0x00000000000217a7                rpl_link_neighbor_callback
                0x00000000000218ac                rpl_ipv6_neighbor_callback
                0x000000000002191b                rpl_purge_dags
                0x0000000000021a27                rpl_init
 .text          0x0000000000021ab4      0x8e3 obj_cooja/mtype733.a(csma.o)
 .text          0x0000000000022397      0x3f5 obj_cooja/mtype733.a(framer-802154.o)
 .text          0x000000000002278c       0x3c obj_cooja/mtype733.a(mac.o)
                0x000000000002278c                mac_call_sent_callback
 .text          0x00000000000227c8     0x14cc obj_cooja/mtype733.a(cxmac.o)
                0x0000000000023be1                cxmac_set_announcement_radio_txpower
                0x0000000000023be6                cxmac_init
 .text          0x0000000000023c94       0x82 obj_cooja/mtype733.a(linkaddr.o)
                0x0000000000023c94                linkaddr_copy
                0x0000000000023cb6                linkaddr_cmp
                0x0000000000023ce0                linkaddr_set_node_addr
                0x0000000000023cfb                linkaddr_set_node_long_addr
 .text          0x0000000000023d16      0x919 obj_cooja/mtype733.a(nbr-table.o)
                0x0000000000023d16                long_ip_from_lladdr_map
                0x0000000000023da3                lladdr_map_add_lr
                0x0000000000023e60                lladdr_map_rm_lr
                0x0000000000024325                nbr_table_register
                0x000000000002436d                nbr_table_head
                0x00000000000243c9                nbr_table_next
                0x0000000000024430                nbr_table_add_lladdr
                0x000000000002450c                nbr_table_get_from_lladdr
                0x0000000000024559                nbr_table_remove
                0x00000000000245ab                nbr_table_lock
                0x00000000000245d5                nbr_table_unlock
                0x00000000000245ff                nbr_table_get_lladdr
 .text          0x000000000002462f       0x2b obj_cooja/mtype733.a(netstack.o)
                0x000000000002462f                netstack_init
 .text          0x000000000002465a      0x3cd obj_cooja/mtype733.a(packetbuf.o)
                0x000000000002465a                packetbuf_clear
                0x0000000000024684                packetbuf_copyfrom
                0x00000000000246d6                packetbuf_compact
                0x0000000000024753                packetbuf_copyto
                0x00000000000247ea                packetbuf_hdralloc
                0x0000000000024867                packetbuf_hdrreduce
                0x00000000000248af                packetbuf_set_datalen
                0x00000000000248c8                packetbuf_dataptr
                0x00000000000248e5                packetbuf_hdrptr
                0x00000000000248ef                packetbuf_datalen
                0x00000000000248fb                packetbuf_hdrlen
                0x0000000000024912                packetbuf_totlen
                0x0000000000024928                packetbuf_attr_clear
                0x000000000002497a                packetbuf_attr_copyto
                0x00000000000249c3                packetbuf_attr_copyfrom
                0x0000000000024a0b                packetbuf_holds_broadcast
 .text          0x0000000000024a27      0x2b4 obj_cooja/mtype733.a(queuebuf.o)
                0x0000000000024a31                queuebuf_init
                0x0000000000024a51                queuebuf_numfree
                0x0000000000024a65                queuebuf_new_from_packetbuf
                0x0000000000024af5                queuebuf_update_attr_from_packetbuf
                0x0000000000024b28                queuebuf_update_from_packetbuf
                0x0000000000024b72                queuebuf_free
                0x0000000000024bb9                queuebuf_to_packetbuf
                0x0000000000024c1f                queuebuf_dataptr
                0x0000000000024c56                queuebuf_datalen
                0x0000000000024c79                queuebuf_addr
                0x0000000000024cab                queuebuf_attr
                0x0000000000024cd6                queuebuf_debug_print
 .text          0x0000000000024cdb       0x6e obj_cooja/mtype733.a(nullsec.o)
 .text          0x0000000000024d49       0x19 obj_cooja/mtype733.a(watchdog.o)
                0x0000000000024d49                watchdog_init
                0x0000000000024d4e                watchdog_start
                0x0000000000024d53                watchdog_periodic
                0x0000000000024d58                watchdog_stop
                0x0000000000024d5d                watchdog_reboot
 .text          0x0000000000024d62        0x0 obj_cooja/mtype733.a(rimestats.o)
 .text          0x0000000000024d62       0xa3 obj_cooja/mtype733.a(stimer.o)
                0x0000000000024d62                stimer_set
                0x0000000000024d7d                stimer_reset
                0x0000000000024d94                stimer_restart
                0x0000000000024da6                stimer_expired
                0x0000000000024dcd                stimer_remaining
                0x0000000000024df1                stimer_elapsed
 .text          0x0000000000024e05      0x1c1 obj_cooja/mtype733.a(memb.o)
                0x0000000000024e05                memb_init
                0x0000000000024e63                memb_alloc
                0x0000000000024ec8                memb_free
                0x0000000000024f43                memb_inmemb
                0x0000000000024f82                memb_numfree
 .text          0x0000000000024fc6      0x916 obj_cooja/mtype733.a(uip-ds6-route.o)
                0x000000000002503d                uip_ds6_notification_add
                0x000000000002506e                uip_ds6_notification_rm
                0x000000000002508a                uip_ds6_route_init
                0x0000000000025112                uip_ds6_route_nexthop
                0x000000000002513a                uip_ds6_route_head
                0x000000000002514f                uip_ds6_route_next
                0x0000000000025175                uip_ds6_route_is_nexthop
                0x00000000000251b4                uip_ds6_route_num_routes
                0x00000000000251be                uip_ds6_route_lookup
                0x0000000000025280                uip_ds6_route_add
                0x00000000000254b4                uip_ds6_route_rm
                0x0000000000025648                uip_ds6_route_rm_by_nexthop
                0x0000000000025680                uip_ds6_defrt_add
                0x0000000000025731                uip_ds6_defrt_rm
                0x00000000000257b0                uip_ds6_defrt_lookup
                0x0000000000025809                uip_ds6_defrt_choose
                0x0000000000025874                uip_ds6_defrt_periodic
 .text          0x00000000000258dc      0xabf obj_cooja/mtype733.a(uip-icmp6.o)
                0x000000000002594a                uip_icmp6_input
                0x00000000000259a0                uip_icmp6_register_input_handler
                0x0000000000025c68                uip_icmp6_error_output
                0x0000000000025fad                uip_icmp6_send
                0x000000000002632e                uip_icmp6_echo_reply_callback_add
                0x000000000002635f                uip_icmp6_echo_reply_callback_rm
                0x000000000002637b                uip_icmp6_init
 .text          0x000000000002639b      0x358 obj_cooja/mtype733.a(uip-nd6.o)
                0x00000000000263ef                uip_nd6_ns_output
                0x00000000000266ee                uip_nd6_init
 .text          0x00000000000266f3      0x331 obj_cooja/mtype733.a(rpl-nbr-policy.)
                0x00000000000268cb                find_removable_dis
                0x00000000000268ee                find_removable_dio
                0x000000000002697d                find_removable_dao
                0x00000000000269cd                rpl_nbr_policy_find_removable
 .text          0x0000000000026a24      0x97c obj_cooja/mtype733.a(frame802154.o)
                0x0000000000026a55                frame802154_get_pan_id
                0x0000000000026a61                frame802154_set_pan_id
                0x0000000000026a7a                frame802154_has_panid
                0x0000000000026b66                frame802154_check_dest_panid
                0x0000000000026bce                frame802154_is_broadcast_addr
                0x0000000000026c1b                frame802154_extract_linkaddr
                0x0000000000026e5b                frame802154_hdrlen
                0x0000000000026eac                frame802154_create
                0x0000000000027097                frame802154_parse
 .text          0x00000000000273a0        0x0 /usr/lib/gcc/i686-linux-gnu/4.8/crtendS.o
 .text          0x00000000000273a0        0x0 /usr/lib/gcc/i686-linux-gnu/4.8/../../../i386-linux-gnu/crtn.o
 *(.gnu.warning)

.fini           0x00000000000273a0       0x14
 *(SORT(.fini))
 .fini          0x00000000000273a0        0xf /usr/lib/gcc/i686-linux-gnu/4.8/../../../i386-linux-gnu/crti.o
                0x00000000000273a0                _fini
 .fini          0x00000000000273af        0x5 /usr/lib/gcc/i686-linux-gnu/4.8/../../../i386-linux-gnu/crtn.o
                0x00000000000273b4                PROVIDE (__etext, .)
                0x00000000000273b4                PROVIDE (_etext, .)
                0x00000000000273b4                PROVIDE (etext, .)

.rodata         0x00000000000273c0      0x8e0
 *(.rodata .rodata.* .gnu.linkonce.r.*)
 .rodata        0x00000000000273c0      0x170 udp-server.co
                0x00000000000273d4                autostart_processes
 .rodata        0x0000000000027530      0x1e6 obj_cooja/mtype733.o
 *fill*         0x0000000000027716        0x2 
 .rodata        0x0000000000027718        0x8 obj_cooja/mtype733.a(beep.o)
                0x0000000000027718                beep_interface
 .rodata        0x0000000000027720       0x20 obj_cooja/mtype733.a(button-sensor.o)
                0x0000000000027720                button_interface
                0x0000000000027730                button_sensor
 .rodata        0x0000000000027740        0x8 obj_cooja/mtype733.a(leds-arch.o)
                0x0000000000027740                leds_interface
 .rodata        0x0000000000027748        0x8 obj_cooja/mtype733.a(moteid.o)
                0x0000000000027748                moteid_interface
 .rodata        0x0000000000027750       0x1c obj_cooja/mtype733.a(pir-sensor.o)
                0x0000000000027750                pir_interface
                0x000000000002775c                pir_sensor
 .rodata        0x000000000002776c        0xe obj_cooja/mtype733.a(rs232.o)
                0x000000000002776c                rs232_interface
 *fill*         0x000000000002777a        0x2 
 .rodata        0x000000000002777c       0x24 obj_cooja/mtype733.a(vib-sensor.o)
                0x000000000002777c                vib_interface
                0x0000000000027790                vib_sensor
 .rodata        0x00000000000277a0        0x8 obj_cooja/mtype733.a(clock.o)
                0x00000000000277a0                clock_interface
 .rodata        0x00000000000277a8        0x8 obj_cooja/mtype733.a(log.o)
                0x00000000000277a8                simlog_interface
 .rodata        0x00000000000277b0       0x2f obj_cooja/mtype733.a(cfs-cooja.o)
                0x00000000000277b0                cfs_interface
 *fill*         0x00000000000277df        0x1 
 .rodata        0x00000000000277e0       0x60 obj_cooja/mtype733.a(cooja-radio.o)
                0x0000000000027800                cooja_radio_driver
                0x0000000000027838                radio_interface
 .rodata        0x0000000000027840        0x8 obj_cooja/mtype733.a(eeprom.o)
                0x0000000000027840                eeprom_interface
 .rodata        0x0000000000027848        0x8 obj_cooja/mtype733.a(sensors.o)
 .rodata        0x0000000000027850       0x1c obj_cooja/mtype733.a(dual_conf.o)
 .rodata        0x000000000002786c        0xf obj_cooja/mtype733.a(ctimer.o)
 .rodata        0x000000000002787b        0xc obj_cooja/mtype733.a(etimer.o)
 *fill*         0x0000000000027887        0x1 
 .rodata        0x0000000000027888      0x16d obj_cooja/mtype733.a(log_message.o)
 *fill*         0x00000000000279f5        0x3 
 .rodata        0x00000000000279f8       0x20 obj_cooja/mtype733.a(residual.o)
                0x00000000000279f8                DISSIPATION_RATE
 .rodata        0x0000000000027a18        0xe obj_cooja/mtype733.a(serial-line.o)
 *fill*         0x0000000000027a26        0x2 
 .rodata        0x0000000000027a28       0x2c obj_cooja/mtype733.a(sicslowpan.o)
                0x0000000000027a28                unc_llconf
                0x0000000000027a2c                unc_ctxconf
                0x0000000000027a30                unc_mxconf
                0x0000000000027a34                llprefix
                0x0000000000027a48                sicslowpan_driver
 .rodata        0x0000000000027a54      0x13c obj_cooja/mtype733.a(uip6.o)
 .rodata        0x0000000000027b90        0xd obj_cooja/mtype733.a(tcpip.o)
 .rodata        0x0000000000027b9d       0x3e obj_cooja/mtype733.a(uip-debug.o)
 *fill*         0x0000000000027bdb        0x1 
 .rodata        0x0000000000027bdc        0x4 obj_cooja/mtype733.a(rpl-dag.o)
 .rodata        0x0000000000027be0       0x38 obj_cooja/mtype733.a(csma.o)
                0x0000000000027bfc                csma_driver
 .rodata        0x0000000000027c18        0xc obj_cooja/mtype733.a(framer-802154.o)
                0x0000000000027c18                framer_802154
 *fill*         0x0000000000027c24       0x1c 
 .rodata        0x0000000000027c40       0x40 obj_cooja/mtype733.a(cxmac.o)
                0x0000000000027c60                cxmac_driver
 .rodata        0x0000000000027c80        0x8 obj_cooja/mtype733.a(linkaddr.o)
                0x0000000000027c80                linkaddr_null
 .rodata        0x0000000000027c88       0x18 obj_cooja/mtype733.a(nullsec.o)
                0x0000000000027c90                nullsec_driver

.rodata1
 *(.rodata1)

.eh_frame_hdr   0x0000000000027ca0     0x13dc
 *(.eh_frame_hdr)
 .eh_frame_hdr  0x0000000000027ca0     0x13dc udp-server.co

.eh_frame       0x000000000002907c     0x50d0
 *(.eh_frame)
 .eh_frame      0x000000000002907c       0x3c /usr/lib/gcc/i686-linux-gnu/4.8/../../../i386-linux-gnu/crti.o
                                         0x40 (size before relaxing)
 .eh_frame      0x00000000000290b8       0x68 udp-server.co
                                         0x80 (size before relaxing)
 .eh_frame      0x0000000000029120      0x148 obj_cooja/mtype733.o
                                        0x160 (size before relaxing)
 .eh_frame      0x0000000000029268       0x40 obj_cooja/mtype733.a(simEnvChange.o)
                                         0x58 (size before relaxing)
 .eh_frame      0x00000000000292a8       0xc0 obj_cooja/mtype733.a(cooja_mt.o)
                                         0xd8 (size before relaxing)
 .eh_frame      0x0000000000029368      0x120 obj_cooja/mtype733.a(cooja_mtarch.o)
                                        0x138 (size before relaxing)
 .eh_frame      0x0000000000029488       0xc0 obj_cooja/mtype733.a(rtimer-arch.o)
                                         0xd8 (size before relaxing)
 .eh_frame      0x0000000000029548      0x160 obj_cooja/mtype733.a(beep.o)
                                        0x178 (size before relaxing)
 .eh_frame      0x00000000000296a8       0xa0 obj_cooja/mtype733.a(button-sensor.o)
                                         0xb8 (size before relaxing)
 .eh_frame      0x0000000000029748       0xa0 obj_cooja/mtype733.a(leds-arch.o)
                                         0xb8 (size before relaxing)
 .eh_frame      0x00000000000297e8       0x40 obj_cooja/mtype733.a(moteid.o)
                                         0x58 (size before relaxing)
 .eh_frame      0x0000000000029828       0xa0 obj_cooja/mtype733.a(pir-sensor.o)
                                         0xb8 (size before relaxing)
 .eh_frame      0x00000000000298c8      0x100 obj_cooja/mtype733.a(rs232.o)
                                        0x118 (size before relaxing)
 .eh_frame      0x00000000000299c8       0xa0 obj_cooja/mtype733.a(vib-sensor.o)
                                         0xb8 (size before relaxing)
 .eh_frame      0x0000000000029a68       0xc0 obj_cooja/mtype733.a(clock.o)
                                         0xd8 (size before relaxing)
 .eh_frame      0x0000000000029b28      0x120 obj_cooja/mtype733.a(log.o)
                                        0x138 (size before relaxing)
 .eh_frame      0x0000000000029c48      0x160 obj_cooja/mtype733.a(cfs-cooja.o)
                                        0x178 (size before relaxing)
 .eh_frame      0x0000000000029da8      0x2e0 obj_cooja/mtype733.a(cooja-radio.o)
                                        0x2f8 (size before relaxing)
 .eh_frame      0x000000000002a088       0xa0 obj_cooja/mtype733.a(eeprom.o)
                                         0xb8 (size before relaxing)
 .eh_frame      0x000000000002a128       0x40 obj_cooja/mtype733.a(random.o)
                                         0x58 (size before relaxing)
 .eh_frame      0x000000000002a168       0xc0 obj_cooja/mtype733.a(sensors.o)
                                         0xd8 (size before relaxing)
 .eh_frame      0x000000000002a228      0x100 obj_cooja/mtype733.a(leds.o)
                                        0x118 (size before relaxing)
 .eh_frame      0x000000000002a328      0x160 obj_cooja/mtype733.a(dual_conf.o)
                                        0x178 (size before relaxing)
 .eh_frame      0x000000000002a488       0x40 obj_cooja/mtype733.a(autostart.o)
                                         0x58 (size before relaxing)
 .eh_frame      0x000000000002a4c8      0x100 obj_cooja/mtype733.a(ctimer.o)
                                        0x118 (size before relaxing)
 .eh_frame      0x000000000002a5c8      0x1e0 obj_cooja/mtype733.a(etimer.o)
                                        0x1f8 (size before relaxing)
 .eh_frame      0x000000000002a7a8       0x70 obj_cooja/mtype733.a(log_message.o)
                                         0x88 (size before relaxing)
 .eh_frame      0x000000000002a818      0x1c8 obj_cooja/mtype733.a(process.o)
                                        0x1e0 (size before relaxing)
 .eh_frame      0x000000000002a9e0       0x2c obj_cooja/mtype733.a(residual.o)
                                         0x44 (size before relaxing)
 .eh_frame      0x000000000002aa0c       0x60 obj_cooja/mtype733.a(rtimer.o)
                                         0x78 (size before relaxing)
 .eh_frame      0x000000000002aa6c       0xa4 obj_cooja/mtype733.a(timer.o)
                                         0xbc (size before relaxing)
 .eh_frame      0x000000000002ab10       0x60 obj_cooja/mtype733.a(serial-line.o)
                                         0x78 (size before relaxing)
 .eh_frame      0x000000000002ab70      0x180 obj_cooja/mtype733.a(list.o)
                                        0x198 (size before relaxing)
 .eh_frame      0x000000000002acf0       0xa0 obj_cooja/mtype733.a(ringbuf.o)
                                         0xb8 (size before relaxing)
 .eh_frame      0x000000000002ad90      0x350 obj_cooja/mtype733.a(sicslowpan.o)
                                        0x368 (size before relaxing)
 .eh_frame      0x000000000002b0e0      0x180 obj_cooja/mtype733.a(uip-ds6-nbr.o)
                                        0x198 (size before relaxing)
 .eh_frame      0x000000000002b260      0x3c8 obj_cooja/mtype733.a(uip-ds6.o)
                                        0x3e0 (size before relaxing)
 .eh_frame      0x000000000002b628      0x25c obj_cooja/mtype733.a(uip6.o)
                                        0x274 (size before relaxing)
 .eh_frame      0x000000000002b884      0x270 obj_cooja/mtype733.a(tcpip.o)
                                        0x288 (size before relaxing)
 .eh_frame      0x000000000002baf4       0x48 obj_cooja/mtype733.a(uip-debug.o)
                                         0x60 (size before relaxing)
 .eh_frame      0x000000000002bb3c       0xe0 obj_cooja/mtype733.a(uip-packetqueue)
                                         0xf8 (size before relaxing)
 .eh_frame      0x000000000002bc1c      0x74c obj_cooja/mtype733.a(rpl-dag.o)
                                        0x764 (size before relaxing)
 .eh_frame      0x000000000002c368      0x10c obj_cooja/mtype733.a(rpl-ext-header.)
                                        0x124 (size before relaxing)
 .eh_frame      0x000000000002c474      0x278 obj_cooja/mtype733.a(rpl-icmp6.o)
                                        0x290 (size before relaxing)
 .eh_frame      0x000000000002c6ec       0xe0 obj_cooja/mtype733.a(rpl-ltmax2.o)
                                         0xf8 (size before relaxing)
 .eh_frame      0x000000000002c7cc      0x1ac obj_cooja/mtype733.a(rpl-timers.o)
                                        0x1c4 (size before relaxing)
 .eh_frame      0x000000000002c978      0x148 obj_cooja/mtype733.a(rpl.o)
                                        0x160 (size before relaxing)
 .eh_frame      0x000000000002cac0      0x28c obj_cooja/mtype733.a(csma.o)
                                        0x2a4 (size before relaxing)
 .eh_frame      0x000000000002cd4c      0x108 obj_cooja/mtype733.a(framer-802154.o)
                                        0x120 (size before relaxing)
 .eh_frame      0x000000000002ce54       0x20 obj_cooja/mtype733.a(mac.o)
                                         0x38 (size before relaxing)
 .eh_frame      0x000000000002ce74      0x29c obj_cooja/mtype733.a(cxmac.o)
                                        0x2b4 (size before relaxing)
 .eh_frame      0x000000000002d110       0x80 obj_cooja/mtype733.a(linkaddr.o)
                                         0x98 (size before relaxing)
 .eh_frame      0x000000000002d190      0x2cc obj_cooja/mtype733.a(nbr-table.o)
                                        0x2e4 (size before relaxing)
 .eh_frame      0x000000000002d45c       0x20 obj_cooja/mtype733.a(netstack.o)
                                         0x38 (size before relaxing)
 .eh_frame      0x000000000002d47c      0x214 obj_cooja/mtype733.a(packetbuf.o)
                                        0x22c (size before relaxing)
 .eh_frame      0x000000000002d690      0x1a0 obj_cooja/mtype733.a(queuebuf.o)
                                        0x1b8 (size before relaxing)
 .eh_frame      0x000000000002d830       0x80 obj_cooja/mtype733.a(nullsec.o)
                                         0x98 (size before relaxing)
 .eh_frame      0x000000000002d8b0       0xa0 obj_cooja/mtype733.a(watchdog.o)
                                         0xb8 (size before relaxing)
 .eh_frame      0x000000000002d950       0xc4 obj_cooja/mtype733.a(stimer.o)
                                         0xdc (size before relaxing)
 .eh_frame      0x000000000002da14       0xa0 obj_cooja/mtype733.a(memb.o)
                                         0xb8 (size before relaxing)
 .eh_frame      0x000000000002dab4      0x2a0 obj_cooja/mtype733.a(uip-ds6-route.o)
                                        0x2b8 (size before relaxing)
 .eh_frame      0x000000000002dd54      0x168 obj_cooja/mtype733.a(uip-icmp6.o)
                                        0x180 (size before relaxing)
 .eh_frame      0x000000000002debc       0x68 obj_cooja/mtype733.a(uip-nd6.o)
                                         0x80 (size before relaxing)
 .eh_frame      0x000000000002df24       0xc0 obj_cooja/mtype733.a(rpl-nbr-policy.)
                                         0xd8 (size before relaxing)
 .eh_frame      0x000000000002dfe4      0x164 obj_cooja/mtype733.a(frame802154.o)
                                        0x17c (size before relaxing)
 .eh_frame      0x000000000002e148        0x4 /usr/lib/gcc/i686-linux-gnu/4.8/crtendS.o

.gcc_except_table
 *(.gcc_except_table .gcc_except_table.*)

.exception_ranges
 *(.exception_ranges .exception_ranges*)
                0x000000000002e14c                . = (ALIGN (0x1000) - ((0x1000 - .) & 0xfff))
                0x000000000002fef8                . = DATA_SEGMENT_ALIGN (0x1000, 0x1000)

.eh_frame
 *(.eh_frame)

.gcc_except_table
 *(.gcc_except_table .gcc_except_table.*)

.exception_ranges
 *(.exception_ranges .exception_ranges*)

.tdata
 *(.tdata .tdata.* .gnu.linkonce.td.*)

.tbss
 *(.tbss .tbss.* .gnu.linkonce.tb.*)
 *(.tcommon)

.preinit_array
 *(.preinit_array)

.init_array     0x000000000002fef8        0x4
 *(SORT(.init_array.*) SORT(.ctors.*))
 *(.init_array EXCLUDE_FILE(*crtend?.o *crtend.o *crtbegin?.o *crtbegin.o) .ctors)
 .init_array    0x000000000002fef8        0x4 /usr/lib/gcc/i686-linux-gnu/4.8/crtbeginS.o

.fini_array     0x000000000002fefc        0x4
 *(SORT(.fini_array.*) SORT(.dtors.*))
 *(.fini_array EXCLUDE_FILE(*crtend?.o *crtend.o *crtbegin?.o *crtbegin.o) .dtors)
 .fini_array    0x000000000002fefc        0x4 /usr/lib/gcc/i686-linux-gnu/4.8/crtbeginS.o

.ctors
 *crtbegin.o(.ctors)
 *crtbegin?.o(.ctors)
 *(EXCLUDE_FILE(*crtend?.o *crtend.o) .ctors)
 *(SORT(.ctors.*))
 *(.ctors)

.dtors
 *crtbegin.o(.dtors)
 *crtbegin?.o(.dtors)
 *(EXCLUDE_FILE(*crtend?.o *crtend.o) .dtors)
 *(SORT(.dtors.*))
 *(.dtors)

.jcr            0x000000000002ff00        0x4
 *(.jcr)
 .jcr           0x000000000002ff00        0x0 /usr/lib/gcc/i686-linux-gnu/4.8/crtbeginS.o
 .jcr           0x000000000002ff00        0x4 /usr/lib/gcc/i686-linux-gnu/4.8/crtendS.o

.data.rel.ro
 *(.data.rel.ro.local* .gnu.linkonce.d.rel.ro.local.*)
 *(.data.rel.ro .data.rel.ro.* .gnu.linkonce.d.rel.ro.*)

.dynamic        0x000000000002ff04       0xe8
 *(.dynamic)
 .dynamic       0x000000000002ff04       0xe8 /usr/lib/gcc/i686-linux-gnu/4.8/../../../i386-linux-gnu/crti.o
                0x000000000002ff04                _DYNAMIC

.got            0x000000000002ffec       0x14
 *(.got)
 .got           0x000000000002ffec       0x14 /usr/lib/gcc/i686-linux-gnu/4.8/../../../i386-linux-gnu/crti.o
 *(.igot)
                0x0000000000030ff4                . = DATA_SEGMENT_RELRO_END (., (SIZEOF (.got.plt) >= 0xc)?0xc:0x0)

.got.plt        0x0000000000030000       0x14
 *(.got.plt)
 .got.plt       0x0000000000030000       0x14 /usr/lib/gcc/i686-linux-gnu/4.8/../../../i386-linux-gnu/crti.o
                0x0000000000030000                _GLOBAL_OFFSET_TABLE_
 *(.igot.plt)

.data           0x0000000000030020      0x2a2
 *(.data .data.* .gnu.linkonce.d.*)
 .data          0x0000000000030020        0x0 /usr/lib/gcc/i686-linux-gnu/4.8/../../../i386-linux-gnu/crti.o
 .data          0x0000000000030020        0x0 /usr/lib/gcc/i686-linux-gnu/4.8/crtbeginS.o
 .data.rel      0x0000000000030020        0x4 /usr/lib/gcc/i686-linux-gnu/4.8/crtbeginS.o
                0x0000000000030020                __dso_handle
 .data          0x0000000000030024       0x10 udp-server.co
                0x0000000000030024                udp_server_process
 *fill*         0x0000000000030034        0xc 
 .data          0x0000000000030040       0x44 obj_cooja/mtype733.o
                0x0000000000030040                simInterfaces
                0x0000000000030074                sensors
 .data          0x0000000000030084        0x0 obj_cooja/mtype733.a(simEnvChange.o)
 .data          0x0000000000030084        0x0 obj_cooja/mtype733.a(cooja_mt.o)
 .data          0x0000000000030084        0x0 obj_cooja/mtype733.a(cooja_mtarch.o)
 .data          0x0000000000030084        0x0 obj_cooja/mtype733.a(rtimer-arch.o)
 .data          0x0000000000030084        0x0 obj_cooja/mtype733.a(beep.o)
 .data          0x0000000000030084        0x0 obj_cooja/mtype733.a(button-sensor.o)
 .data          0x0000000000030084        0x0 obj_cooja/mtype733.a(leds-arch.o)
 .data          0x0000000000030084        0x0 obj_cooja/mtype733.a(moteid.o)
 .data          0x0000000000030084        0x0 obj_cooja/mtype733.a(pir-sensor.o)
 .data          0x0000000000030084        0x0 obj_cooja/mtype733.a(rs232.o)
 .data          0x0000000000030084        0x0 obj_cooja/mtype733.a(vib-sensor.o)
 .data          0x0000000000030084        0x0 obj_cooja/mtype733.a(clock.o)
 .data          0x0000000000030084        0x0 obj_cooja/mtype733.a(log.o)
 .data          0x0000000000030084        0x0 obj_cooja/mtype733.a(cfs-cooja.o)
 .data          0x0000000000030084       0x40 obj_cooja/mtype733.a(cooja-radio.o)
                0x0000000000030084                simRadioChannelLR
                0x0000000000030088                simRadioHWOnLR
                0x000000000003008c                simSignalStrengthLR
                0x0000000000030090                simLastSignalStrengthLR
                0x0000000000030094                simPowerLR
                0x0000000000030098                simLQILR
                0x000000000003009c                simRadioChannel
                0x00000000000300a0                simRadioHWOn
                0x00000000000300a4                simSignalStrength
                0x00000000000300a8                simLastSignalStrength
                0x00000000000300ac                simPower
                0x00000000000300b0                simLQI
                0x00000000000300b4                cooja_radio_process
 .data          0x00000000000300c4        0x0 obj_cooja/mtype733.a(eeprom.o)
 .data          0x00000000000300c4        0x0 obj_cooja/mtype733.a(random.o)
 .data          0x00000000000300c4       0x10 obj_cooja/mtype733.a(sensors.o)
                0x00000000000300c4                sensors_process
 .data          0x00000000000300d4        0x0 obj_cooja/mtype733.a(leds.o)
 .data          0x00000000000300d4       0x28 obj_cooja/mtype733.a(dual_conf.o)
                0x00000000000300d4                radio_received
                0x00000000000300d8                dual_dio_broadcast
                0x00000000000300e8                dual_dis_broadcast
 .data          0x00000000000300fc        0x0 obj_cooja/mtype733.a(autostart.o)
 .data          0x00000000000300fc       0x14 obj_cooja/mtype733.a(ctimer.o)
                0x0000000000030100                ctimer_process
 .data          0x0000000000030110       0x10 obj_cooja/mtype733.a(etimer.o)
                0x0000000000030110                etimer_process
 .data          0x0000000000030120        0x0 obj_cooja/mtype733.a(log_message.o)
 .data          0x0000000000030120        0x0 obj_cooja/mtype733.a(process.o)
 .data          0x0000000000030120        0x0 obj_cooja/mtype733.a(residual.o)
 .data          0x0000000000030120        0x0 obj_cooja/mtype733.a(rtimer.o)
 .data          0x0000000000030120        0x0 obj_cooja/mtype733.a(timer.o)
 .data          0x0000000000030120       0x10 obj_cooja/mtype733.a(serial-line.o)
                0x0000000000030120                serial_line_process
 .data          0x0000000000030130        0x0 obj_cooja/mtype733.a(list.o)
 .data          0x0000000000030130        0x0 obj_cooja/mtype733.a(ringbuf.o)
 .data          0x0000000000030130        0x0 obj_cooja/mtype733.a(sicslowpan.o)
 .data          0x0000000000030130       0x14 obj_cooja/mtype733.a(uip-ds6-nbr.o)
                0x0000000000030140                ds6_neighbors
 .data          0x0000000000030144        0x0 obj_cooja/mtype733.a(uip-ds6.o)
 .data          0x0000000000030144        0x0 obj_cooja/mtype733.a(uip6.o)
 .data          0x0000000000030144       0x10 obj_cooja/mtype733.a(tcpip.o)
                0x0000000000030144                tcpip_process
 .data          0x0000000000030154        0x0 obj_cooja/mtype733.a(uip-debug.o)
 .data          0x0000000000030154        0xc obj_cooja/mtype733.a(uip-packetqueue)
 .data          0x0000000000030160       0x28 obj_cooja/mtype733.a(rpl-dag.o)
                0x0000000000030170                rpl_parents
                0x0000000000030184                rpl_children
 .data          0x0000000000030188        0x0 obj_cooja/mtype733.a(rpl-ext-header.)
 .data          0x0000000000030188       0x34 obj_cooja/mtype733.a(rpl-icmp6.o)
 .data          0x00000000000301bc       0x1c obj_cooja/mtype733.a(rpl-ltmax2.o)
                0x00000000000301bc                rpl_ltmax2_of
 .data          0x00000000000301d8        0x0 obj_cooja/mtype733.a(rpl-timers.o)
 .data          0x00000000000301d8        0x0 obj_cooja/mtype733.a(rpl.o)
 .data          0x00000000000301d8       0x28 obj_cooja/mtype733.a(csma.o)
 .data          0x0000000000030200        0x0 obj_cooja/mtype733.a(framer-802154.o)
 .data          0x0000000000030200        0x0 obj_cooja/mtype733.a(mac.o)
 .data          0x0000000000030200       0x30 obj_cooja/mtype733.a(cxmac.o)
                0x0000000000030200                cxmac_config
                0x0000000000030210                cxmac_long_config
                0x0000000000030220                strobe_wait
 .data          0x0000000000030230        0x0 obj_cooja/mtype733.a(linkaddr.o)
 .data          0x0000000000030230       0x10 obj_cooja/mtype733.a(nbr-table.o)
 .data          0x0000000000030240        0x0 obj_cooja/mtype733.a(netstack.o)
 .data          0x0000000000030240        0x4 obj_cooja/mtype733.a(packetbuf.o)
 .data          0x0000000000030244       0x18 obj_cooja/mtype733.a(queuebuf.o)
 .data          0x000000000003025c        0x0 obj_cooja/mtype733.a(nullsec.o)
 .data          0x000000000003025c        0x0 obj_cooja/mtype733.a(watchdog.o)
 .data          0x000000000003025c        0x0 obj_cooja/mtype733.a(rimestats.o)
 .data          0x000000000003025c        0x0 obj_cooja/mtype733.a(stimer.o)
 .data          0x000000000003025c        0x0 obj_cooja/mtype733.a(memb.o)
 .data          0x000000000003025c       0x44 obj_cooja/mtype733.a(uip-ds6-route.o)
                0x000000000003026c                nbr_routes
 .data          0x00000000000302a0       0x20 obj_cooja/mtype733.a(uip-icmp6.o)
 .data          0x00000000000302c0        0x0 obj_cooja/mtype733.a(uip-nd6.o)
 .data          0x00000000000302c0        0x0 obj_cooja/mtype733.a(rpl-nbr-policy.)
 .data          0x00000000000302c0        0x2 obj_cooja/mtype733.a(frame802154.o)
 .data          0x00000000000302c2        0x0 /usr/lib/gcc/i686-linux-gnu/4.8/crtendS.o
 .data          0x00000000000302c2        0x0 /usr/lib/gcc/i686-linux-gnu/4.8/../../../i386-linux-gnu/crtn.o

.tm_clone_table
                0x00000000000302c4        0x0
 .tm_clone_table
                0x00000000000302c4        0x0 /usr/lib/gcc/i686-linux-gnu/4.8/crtbeginS.o
 .tm_clone_table
                0x00000000000302c4        0x0 /usr/lib/gcc/i686-linux-gnu/4.8/crtendS.o

.data1
 *(.data1)
                0x00000000000302c4                _edata = .
                0x00000000000302c4                PROVIDE (edata, .)
                0x00000000000302c4                . = .
                0x00000000000302c4                __bss_start = .

.bss            0x00000000000302e0     0x9ca8
 *(.dynbss)
 .dynbss        0x0000000000000000        0x0 /usr/lib/gcc/i686-linux-gnu/4.8/../../../i386-linux-gnu/crti.o
 *(.bss .bss.* .gnu.linkonce.b.*)
 .bss           0x00000000000302e0        0x0 /usr/lib/gcc/i686-linux-gnu/4.8/../../../i386-linux-gnu/crti.o
 .bss           0x00000000000302e0        0x1 /usr/lib/gcc/i686-linux-gnu/4.8/crtbeginS.o
 *fill*         0x00000000000302e1       0x1f 
 .bss           0x0000000000030300      0x994 udp-server.co
                0x0000000000030300                my_weight
                0x0000000000030320                id_array
                0x00000000000304c0                id_count
 *fill*         0x0000000000030c94        0xc 
 .bss           0x0000000000030ca0     0x2030 obj_cooja/mtype733.o
 .bss           0x0000000000032cd0        0x1 obj_cooja/mtype733.a(simEnvChange.o)
                0x0000000000032cd0                simDontFallAsleep
 *fill*         0x0000000000032cd1        0x3 
 .bss           0x0000000000032cd4        0x4 obj_cooja/mtype733.a(cooja_mt.o)
 .bss           0x0000000000032cd8        0x4 obj_cooja/mtype733.a(cooja_mtarch.o)
 .bss           0x0000000000032cdc        0xc obj_cooja/mtype733.a(rtimer-arch.o)
 .bss           0x0000000000032ce8        0x0 obj_cooja/mtype733.a(beep.o)
 .bss           0x0000000000032ce8        0x8 obj_cooja/mtype733.a(button-sensor.o)
 .bss           0x0000000000032cf0        0x0 obj_cooja/mtype733.a(leds-arch.o)
 .bss           0x0000000000032cf0        0x0 obj_cooja/mtype733.a(moteid.o)
 .bss           0x0000000000032cf0        0x1 obj_cooja/mtype733.a(pir-sensor.o)
                0x0000000000032cf0                simPirValue
 *fill*         0x0000000000032cf1        0x3 
 .bss           0x0000000000032cf4        0x4 obj_cooja/mtype733.a(rs232.o)
 .bss           0x0000000000032cf8        0x1 obj_cooja/mtype733.a(vib-sensor.o)
                0x0000000000032cf8                simVibValue
 .bss           0x0000000000032cf9        0x0 obj_cooja/mtype733.a(clock.o)
 *fill*         0x0000000000032cf9        0x7 
 .bss           0x0000000000032d00      0x420 obj_cooja/mtype733.a(log.o)
 .bss           0x0000000000033120      0xfc0 obj_cooja/mtype733.a(cfs-cooja.o)
                0x0000000000033120                simCFSData
                0x00000000000340c0                simCFSSize
                0x00000000000340c4                simCFSChanged
                0x00000000000340c8                simCFSRead
                0x00000000000340cc                simCFSWritten
 .bss           0x00000000000340e0       0x24 obj_cooja/mtype733.a(cooja-radio.o)
                0x00000000000340e0                simReceivingLR
                0x00000000000340e4                simInSizeLR
                0x00000000000340e8                simOutSizeLR
                0x00000000000340ec                simReceiving
                0x00000000000340f0                simInSize
                0x00000000000340f4                simOutSize
                0x00000000000340f8                LongRangeTransmit
                0x00000000000340fc                LongRangeReceiving
 .bss           0x0000000000034104        0xc obj_cooja/mtype733.a(eeprom.o)
                0x0000000000034104                simEEPROMChanged
                0x0000000000034108                simEEPROMRead
                0x000000000003410c                simEEPROMWritten
 .bss           0x0000000000034110        0x0 obj_cooja/mtype733.a(random.o)
 .bss           0x0000000000034110        0xc obj_cooja/mtype733.a(sensors.o)
 .bss           0x000000000003411c        0x1 obj_cooja/mtype733.a(leds.o)
 *fill*         0x000000000003411d        0x3 
 .bss           0x0000000000034120       0x2c obj_cooja/mtype733.a(dual_conf.o)
                0x0000000000034120                long_range_radio
 .bss           0x000000000003414c        0x0 obj_cooja/mtype733.a(autostart.o)
 .bss           0x000000000003414c        0x5 obj_cooja/mtype733.a(ctimer.o)
 *fill*         0x0000000000034151        0x3 
 .bss           0x0000000000034154        0x8 obj_cooja/mtype733.a(etimer.o)
 .bss           0x000000000003415c        0x0 obj_cooja/mtype733.a(log_message.o)
 *fill*         0x000000000003415c        0x4 
 .bss           0x0000000000034160      0x1b1 obj_cooja/mtype733.a(process.o)
                0x0000000000034160                process_list
                0x0000000000034164                process_current
 .bss           0x0000000000034311        0x0 obj_cooja/mtype733.a(residual.o)
 *fill*         0x0000000000034311        0x3 
 .bss           0x0000000000034314        0x4 obj_cooja/mtype733.a(rtimer.o)
 .bss           0x0000000000034318        0x0 obj_cooja/mtype733.a(timer.o)
 *fill*         0x0000000000034318        0x8 
 .bss           0x0000000000034320      0x140 obj_cooja/mtype733.a(serial-line.o)
 .bss           0x0000000000034460        0x0 obj_cooja/mtype733.a(list.o)
 .bss           0x0000000000034460        0x0 obj_cooja/mtype733.a(ringbuf.o)
 .bss           0x0000000000034460      0x70c obj_cooja/mtype733.a(sicslowpan.o)
 *fill*         0x0000000000034b6c       0x14 
 .bss           0x0000000000034b80      0x4b0 obj_cooja/mtype733.a(uip-ds6-nbr.o)
 .bss           0x0000000000035030       0x30 obj_cooja/mtype733.a(uip-ds6.o)
 .bss           0x0000000000035060        0xe obj_cooja/mtype733.a(uip6.o)
                0x0000000000035060                uip_ext_bitmap
                0x0000000000035061                uip_ext_len
                0x0000000000035062                uip_ext_opt_offset
 *fill*         0x000000000003506e       0x12 
 .bss           0x0000000000035080       0x68 obj_cooja/mtype733.a(tcpip.o)
 .bss           0x00000000000350e8        0x0 obj_cooja/mtype733.a(uip-debug.o)
 *fill*         0x00000000000350e8       0x18 
 .bss           0x0000000000035100      0xcf8 obj_cooja/mtype733.a(uip-packetqueue)
 *fill*         0x0000000000035df8        0x8 
 .bss           0x0000000000035e00      0x432 obj_cooja/mtype733.a(rpl-dag.o)
 .bss           0x0000000000036232        0x0 obj_cooja/mtype733.a(rpl-ext-header.)
 .bss           0x0000000000036232        0x0 obj_cooja/mtype733.a(rpl-icmp6.o)
 .bss           0x0000000000036232        0x0 obj_cooja/mtype733.a(rpl-ltmax2.o)
 *fill*         0x0000000000036232        0xe 
 .bss           0x0000000000036240       0x23 obj_cooja/mtype733.a(rpl-timers.o)
 *fill*         0x0000000000036263        0x1 
 .bss           0x0000000000036264        0x4 obj_cooja/mtype733.a(rpl.o)
 *fill*         0x0000000000036268       0x18 
 .bss           0x0000000000036280      0x348 obj_cooja/mtype733.a(csma.o)
 .bss           0x00000000000365c8        0x2 obj_cooja/mtype733.a(framer-802154.o)
 .bss           0x00000000000365ca        0x0 obj_cooja/mtype733.a(mac.o)
 *fill*         0x00000000000365ca       0x16 
 .bss           0x00000000000365e0       0x72 obj_cooja/mtype733.a(cxmac.o)
 .bss           0x0000000000036652        0x0 obj_cooja/mtype733.a(linkaddr.o)
 *fill*         0x0000000000036652        0xe 
 .bss           0x0000000000036660      0x35c obj_cooja/mtype733.a(nbr-table.o)
 .bss           0x00000000000369bc        0x0 obj_cooja/mtype733.a(netstack.o)
 *fill*         0x00000000000369bc        0x4 
 .bss           0x00000000000369c0       0xa0 obj_cooja/mtype733.a(packetbuf.o)
 .bss           0x0000000000036a60      0xb80 obj_cooja/mtype733.a(queuebuf.o)
 .bss           0x00000000000375e0        0x0 obj_cooja/mtype733.a(nullsec.o)
 .bss           0x00000000000375e0        0x0 obj_cooja/mtype733.a(watchdog.o)
 .bss           0x00000000000375e0        0x0 obj_cooja/mtype733.a(rimestats.o)
 .bss           0x00000000000375e0        0x0 obj_cooja/mtype733.a(stimer.o)
 .bss           0x00000000000375e0        0x0 obj_cooja/mtype733.a(memb.o)
 .bss           0x00000000000375e0      0x608 obj_cooja/mtype733.a(uip-ds6-route.o)
 .bss           0x0000000000037be8       0x18 obj_cooja/mtype733.a(uip-icmp6.o)
 .bss           0x0000000000037c00        0x0 obj_cooja/mtype733.a(uip-nd6.o)
 .bss           0x0000000000037c00       0x44 obj_cooja/mtype733.a(rpl-nbr-policy.)
 .bss           0x0000000000037c44        0x0 obj_cooja/mtype733.a(frame802154.o)
 .bss           0x0000000000037c44        0x0 /usr/lib/gcc/i686-linux-gnu/4.8/crtendS.o
 .bss           0x0000000000037c44        0x0 /usr/lib/gcc/i686-linux-gnu/4.8/../../../i386-linux-gnu/crtn.o
 *(COMMON)
 COMMON         0x0000000000037c44       0x15 udp-server.co
                0x0000000000037c44                avg_est_load
                0x0000000000037c48                data_btb
                0x0000000000037c49                dead
                0x0000000000037c4a                my_sink_reachability
                0x0000000000037c4b                join_instance
                0x0000000000037c4c                count_index
                0x0000000000037c50                my_parent_number
                0x0000000000037c51                MLS
                0x0000000000037c54                latest_id
                0x0000000000037c58                parent_update
 *fill*         0x0000000000037c59        0x3 
 COMMON         0x0000000000037c5c       0x70 obj_cooja/mtype733.o
                0x0000000000037c5c                dio_count
                0x0000000000037c60                dis_count
                0x0000000000037c64                csma_drop_count
                0x0000000000037c68                tcp_output_count
                0x0000000000037c6c                rdc_retransmission_count
                0x0000000000037c70                csma_transmission_count
                0x0000000000037c74                dao_ack_fwd_count
                0x0000000000037c78                COOJA_radioRxLong
                0x0000000000037c7c                rdc_collision_count
                0x0000000000037c80                control_message_count
                0x0000000000037c84                dao_count
                0x0000000000037c88                icmp_count
                0x0000000000037c8c                COOJA_radioTx
                0x0000000000037c90                referenceVar
                0x0000000000037c94                dao_ack_count
                0x0000000000037c98                data_message_count
                0x0000000000037c9c                rdc_transmission_count
                0x0000000000037ca0                COOJA_radioTxLong
                0x0000000000037ca4                COOJA_radioRx
                0x0000000000037ca8                debugfp
                0x0000000000037cac                COOJA_radioOn
                0x0000000000037cb0                LSA_count
                0x0000000000037cb4                dao_fwd_count
                0x0000000000037cb8                COOJA_duration
                0x0000000000037cbc                dio_ack_count
                0x0000000000037cc0                COOJA_radioOnLong
                0x0000000000037cc4                sensors_flags
                0x0000000000037cc8                data_fwd_count
 COMMON         0x0000000000037ccc        0xc obj_cooja/mtype733.a(simEnvChange.o)
                0x0000000000037ccc                simEtimerPending
                0x0000000000037cd0                simProcessRunValue
                0x0000000000037cd4                simNextExpirationTime
 COMMON         0x0000000000037cd8        0x1 obj_cooja/mtype733.a(beep.o)
                0x0000000000037cd8                simBeeped
 COMMON         0x0000000000037cd9        0x3 obj_cooja/mtype733.a(button-sensor.o)
                0x0000000000037cd9                simButtonIsActive
                0x0000000000037cda                simButtonIsDown
                0x0000000000037cdb                simButtonChanged
 COMMON         0x0000000000037cdc        0x2 obj_cooja/mtype733.a(leds-arch.o)
                0x0000000000037cdc                led_end
                0x0000000000037cdd                simLedsValue
 *fill*         0x0000000000037cde        0x2 
 COMMON         0x0000000000037ce0        0xc obj_cooja/mtype733.a(moteid.o)
                0x0000000000037ce0                simRandomSeed
                0x0000000000037ce4                simMoteIDChanged
                0x0000000000037ce8                simMoteID
 COMMON         0x0000000000037cec        0x2 obj_cooja/mtype733.a(pir-sensor.o)
                0x0000000000037cec                simPirIsActive
                0x0000000000037ced                simPirChanged
 *fill*         0x0000000000037cee       0x12 
 COMMON         0x0000000000037d00      0x820 obj_cooja/mtype733.a(rs232.o)
                0x0000000000037d00                simSerialReceivingFlag
                0x0000000000037d04                simSerialReceivingLength
                0x0000000000037d20                simSerialReceivingData
 COMMON         0x0000000000038520        0x2 obj_cooja/mtype733.a(vib-sensor.o)
                0x0000000000038520                simVibChanged
                0x0000000000038521                simVibIsActive
 *fill*         0x0000000000038522        0x2 
 COMMON         0x0000000000038524        0x4 obj_cooja/mtype733.a(clock.o)
                0x0000000000038524                simCurrentTime
 *fill*         0x0000000000038528       0x18 
 COMMON         0x0000000000038540      0x420 obj_cooja/mtype733.a(log.o)
                0x0000000000038540                simLoggedLength
                0x0000000000038544                simLoggedFlag
                0x0000000000038560                simLoggedData
 COMMON         0x0000000000038960      0x260 obj_cooja/mtype733.a(cooja-radio.o)
                0x0000000000038960                simOutDataBuffer
                0x00000000000389e0                simRadioTarget
                0x0000000000038a00                simInDataBufferLR
                0x0000000000038a80                packet_forwarding
                0x0000000000038aa0                simOutDataBufferLR
                0x0000000000038b20                dual_duty_cycle_count
                0x0000000000038b40                simInDataBuffer
 COMMON         0x0000000000038bc0      0x400 obj_cooja/mtype733.a(eeprom.o)
                0x0000000000038bc0                simEEPROMData
 COMMON         0x0000000000038fc0        0x1 obj_cooja/mtype733.a(sensors.o)
                0x0000000000038fc0                sensors_event
 *fill*         0x0000000000038fc1        0x3 
 COMMON         0x0000000000038fc4        0x4 obj_cooja/mtype733.a(log_message.o)
                0x0000000000038fc4                log_fp
 COMMON         0x0000000000038fc8        0x1 obj_cooja/mtype733.a(serial-line.o)
                0x0000000000038fc8                serial_line_event_message
 *fill*         0x0000000000038fc9       0x17 
 COMMON         0x0000000000038fe0      0x1f4 obj_cooja/mtype733.a(uip-ds6-nbr.o)
                0x0000000000038fe0                ds6_lr_addrmap
 *fill*         0x00000000000391d4        0xc 
 COMMON         0x00000000000391e0      0x298 obj_cooja/mtype733.a(uip-ds6.o)
                0x00000000000391e0                uip_ds6_prefix_list
                0x0000000000039240                uip_ds6_timer_periodic
                0x0000000000039250                uip_ds6_netif_addr_list_offset
                0x0000000000039260                uip_ds6_if
                0x0000000000039358                uip_ds6_timer_ra
                0x0000000000039360                uip_ds6_addr_size
                0x0000000000039380                long_uip_ds6_if
 *fill*         0x0000000000039478        0x8 
 COMMON         0x0000000000039480      0x8ec obj_cooja/mtype733.a(uip6.o)
                0x0000000000039480                uip_slen
                0x0000000000039482                uip_acc32
                0x00000000000394a0                uip_conns
                0x0000000000039560                uip_lladdr
                0x0000000000039568                uip_appdata
                0x000000000003956c                uip_flags
                0x0000000000039580                uip_aligned_buf
                0x0000000000039bc0                uip_listenports
                0x0000000000039bd0                uip_len
                0x0000000000039bd2                uip_long_lladdr
                0x0000000000039bdc                uip_sappdata
                0x0000000000039be0                uip_udp_conns
                0x0000000000039d60                uip_udp_conn
                0x0000000000039d64                uip_next_hdr
                0x0000000000039d68                uip_conn
 COMMON         0x0000000000039d6c        0x1 obj_cooja/mtype733.a(tcpip.o)
                0x0000000000039d6c                tcpip_event
 *fill*         0x0000000000039d6d       0x13 
 COMMON         0x0000000000039d80      0x178 obj_cooja/mtype733.a(rpl-dag.o)
                0x0000000000039d80                default_instance
                0x0000000000039da0                instance_table
 COMMON         0x0000000000039ef8       0x10 obj_cooja/mtype733.a(linkaddr.o)
                0x0000000000039ef8                linkaddr_node_addr
                0x0000000000039f00                long_linkaddr_node_addr
 COMMON         0x0000000000039f08       0x2e obj_cooja/mtype733.a(packetbuf.o)
                0x0000000000039f08                packetbuf_attrs
                0x0000000000039f26                packetbuf_addrs
 *fill*         0x0000000000039f36        0xa 
 COMMON         0x0000000000039f40       0x48 obj_cooja/mtype733.a(rimestats.o)
                0x0000000000039f40                rimestats
                0x0000000000039f88                . = ALIGN ((. != 0x0)?0x4:0x1)
                0x0000000000039f88                . = ALIGN (0x4)
                0x0000000000039f88                . = SEGMENT_START ("ldata-segment", .)
                0x0000000000039f88                . = ALIGN (0x4)
                0x0000000000039f88                _end = .
                0x0000000000039f88                PROVIDE (end, .)
                0x0000000000039f88                . = DATA_SEGMENT_END (.)

.stab
 *(.stab)

.stabstr
 *(.stabstr)

.stab.excl
 *(.stab.excl)

.stab.exclstr
 *(.stab.exclstr)

.stab.index
 *(.stab.index)

.stab.indexstr
 *(.stab.indexstr)

.comment        0x0000000000000000       0x29
 *(.comment)
 .comment       0x0000000000000000       0x29 /usr/lib/gcc/i686-linux-gnu/4.8/crtbeginS.o
                                         0x2a (size before relaxing)
 .comment       0x0000000000000000       0x2a udp-server.co
 .comment       0x0000000000000000       0x2a obj_cooja/mtype733.o
 .comment       0x0000000000000000       0x2a obj_cooja/mtype733.a(simEnvChange.o)
 .comment       0x0000000000000000       0x2a obj_cooja/mtype733.a(cooja_mt.o)
 .comment       0x0000000000000000       0x2a obj_cooja/mtype733.a(cooja_mtarch.o)
 .comment       0x0000000000000000       0x2a obj_cooja/mtype733.a(rtimer-arch.o)
 .comment       0x0000000000000000       0x2a obj_cooja/mtype733.a(beep.o)
 .comment       0x0000000000000000       0x2a obj_cooja/mtype733.a(button-sensor.o)
 .comment       0x0000000000000000       0x2a obj_cooja/mtype733.a(leds-arch.o)
 .comment       0x0000000000000000       0x2a obj_cooja/mtype733.a(moteid.o)
 .comment       0x0000000000000000       0x2a obj_cooja/mtype733.a(pir-sensor.o)
 .comment       0x0000000000000000       0x2a obj_cooja/mtype733.a(rs232.o)
 .comment       0x0000000000000000       0x2a obj_cooja/mtype733.a(vib-sensor.o)
 .comment       0x0000000000000000       0x2a obj_cooja/mtype733.a(clock.o)
 .comment       0x0000000000000000       0x2a obj_cooja/mtype733.a(log.o)
 .comment       0x0000000000000000       0x2a obj_cooja/mtype733.a(cfs-cooja.o)
 .comment       0x0000000000000000       0x2a obj_cooja/mtype733.a(cooja-radio.o)
 .comment       0x0000000000000000       0x2a obj_cooja/mtype733.a(eeprom.o)
 .comment       0x0000000000000000       0x2a obj_cooja/mtype733.a(random.o)
 .comment       0x0000000000000000       0x2a obj_cooja/mtype733.a(sensors.o)
 .comment       0x0000000000000000       0x2a obj_cooja/mtype733.a(leds.o)
 .comment       0x0000000000000000       0x2a obj_cooja/mtype733.a(dual_conf.o)
 .comment       0x0000000000000000       0x2a obj_cooja/mtype733.a(autostart.o)
 .comment       0x0000000000000000       0x2a obj_cooja/mtype733.a(ctimer.o)
 .comment       0x0000000000000000       0x2a obj_cooja/mtype733.a(etimer.o)
 .comment       0x0000000000000000       0x2a obj_cooja/mtype733.a(log_message.o)
 .comment       0x0000000000000000       0x2a obj_cooja/mtype733.a(process.o)
 .comment       0x0000000000000000       0x2a obj_cooja/mtype733.a(residual.o)
 .comment       0x0000000000000000       0x2a obj_cooja/mtype733.a(rtimer.o)
 .comment       0x0000000000000000       0x2a obj_cooja/mtype733.a(timer.o)
 .comment       0x0000000000000000       0x2a obj_cooja/mtype733.a(serial-line.o)
 .comment       0x0000000000000000       0x2a obj_cooja/mtype733.a(list.o)
 .comment       0x0000000000000000       0x2a obj_cooja/mtype733.a(ringbuf.o)
 .comment       0x0000000000000000       0x2a obj_cooja/mtype733.a(sicslowpan.o)
 .comment       0x0000000000000000       0x2a obj_cooja/mtype733.a(uip-ds6-nbr.o)
 .comment       0x0000000000000000       0x2a obj_cooja/mtype733.a(uip-ds6.o)
 .comment       0x0000000000000000       0x2a obj_cooja/mtype733.a(uip6.o)
 .comment       0x0000000000000000       0x2a obj_cooja/mtype733.a(tcpip.o)
 .comment       0x0000000000000000       0x2a obj_cooja/mtype733.a(uip-debug.o)
 .comment       0x0000000000000000       0x2a obj_cooja/mtype733.a(uip-packetqueue)
 .comment       0x0000000000000000       0x2a obj_cooja/mtype733.a(rpl-dag.o)
 .comment       0x0000000000000000       0x2a obj_cooja/mtype733.a(rpl-ext-header.)
 .comment       0x0000000000000000       0x2a obj_cooja/mtype733.a(rpl-icmp6.o)
 .comment       0x0000000000000000       0x2a obj_cooja/mtype733.a(rpl-ltmax2.o)
 .comment       0x0000000000000000       0x2a obj_cooja/mtype733.a(rpl-timers.o)
 .comment       0x0000000000000000       0x2a obj_cooja/mtype733.a(rpl.o)
 .comment       0x0000000000000000       0x2a obj_cooja/mtype733.a(csma.o)
 .comment       0x0000000000000000       0x2a obj_cooja/mtype733.a(framer-802154.o)
 .comment       0x0000000000000000       0x2a obj_cooja/mtype733.a(mac.o)
 .comment       0x0000000000000000       0x2a obj_cooja/mtype733.a(cxmac.o)
 .comment       0x0000000000000000       0x2a obj_cooja/mtype733.a(linkaddr.o)
 .comment       0x0000000000000000       0x2a obj_cooja/mtype733.a(nbr-table.o)
 .comment       0x0000000000000000       0x2a obj_cooja/mtype733.a(netstack.o)
 .comment       0x0000000000000000       0x2a obj_cooja/mtype733.a(packetbuf.o)
 .comment       0x0000000000000000       0x2a obj_cooja/mtype733.a(queuebuf.o)
 .comment       0x0000000000000000       0x2a obj_cooja/mtype733.a(nullsec.o)
 .comment       0x0000000000000000       0x2a obj_cooja/mtype733.a(watchdog.o)
 .comment       0x0000000000000000       0x2a obj_cooja/mtype733.a(rimestats.o)
 .comment       0x0000000000000000       0x2a obj_cooja/mtype733.a(stimer.o)
 .comment       0x0000000000000000       0x2a obj_cooja/mtype733.a(memb.o)
 .comment       0x0000000000000000       0x2a obj_cooja/mtype733.a(uip-ds6-route.o)
 .comment       0x0000000000000000       0x2a obj_cooja/mtype733.a(uip-icmp6.o)
 .comment       0x0000000000000000       0x2a obj_cooja/mtype733.a(uip-nd6.o)
 .comment       0x0000000000000000       0x2a obj_cooja/mtype733.a(rpl-nbr-policy.)
 .comment       0x0000000000000000       0x2a obj_cooja/mtype733.a(frame802154.o)
 .comment       0x0000000000000000       0x2a /usr/lib/gcc/i686-linux-gnu/4.8/crtendS.o

.debug
 *(.debug)

.line
 *(.line)

.debug_srcinfo
 *(.debug_srcinfo)

.debug_sfnames
 *(.debug_sfnames)

.debug_aranges  0x0000000000000000      0x818
 *(.debug_aranges)
 .debug_aranges
                0x0000000000000000       0x20 udp-server.co
 .debug_aranges
                0x0000000000000020       0x20 obj_cooja/mtype733.o
 .debug_aranges
                0x0000000000000040       0x20 obj_cooja/mtype733.a(simEnvChange.o)
 .debug_aranges
                0x0000000000000060       0x20 obj_cooja/mtype733.a(cooja_mt.o)
 .debug_aranges
                0x0000000000000080       0x20 obj_cooja/mtype733.a(cooja_mtarch.o)
 .debug_aranges
                0x00000000000000a0       0x20 obj_cooja/mtype733.a(rtimer-arch.o)
 .debug_aranges
                0x00000000000000c0       0x20 obj_cooja/mtype733.a(beep.o)
 .debug_aranges
                0x00000000000000e0       0x20 obj_cooja/mtype733.a(button-sensor.o)
 .debug_aranges
                0x0000000000000100       0x20 obj_cooja/mtype733.a(leds-arch.o)
 .debug_aranges
                0x0000000000000120       0x20 obj_cooja/mtype733.a(moteid.o)
 .debug_aranges
                0x0000000000000140       0x20 obj_cooja/mtype733.a(pir-sensor.o)
 .debug_aranges
                0x0000000000000160       0x20 obj_cooja/mtype733.a(rs232.o)
 .debug_aranges
                0x0000000000000180       0x20 obj_cooja/mtype733.a(vib-sensor.o)
 .debug_aranges
                0x00000000000001a0       0x20 obj_cooja/mtype733.a(clock.o)
 .debug_aranges
                0x00000000000001c0       0x20 obj_cooja/mtype733.a(log.o)
 .debug_aranges
                0x00000000000001e0       0x20 obj_cooja/mtype733.a(cfs-cooja.o)
 .debug_aranges
                0x0000000000000200       0x20 obj_cooja/mtype733.a(cooja-radio.o)
 .debug_aranges
                0x0000000000000220       0x20 obj_cooja/mtype733.a(eeprom.o)
 .debug_aranges
                0x0000000000000240       0x20 obj_cooja/mtype733.a(random.o)
 .debug_aranges
                0x0000000000000260       0x20 obj_cooja/mtype733.a(sensors.o)
 .debug_aranges
                0x0000000000000280       0x20 obj_cooja/mtype733.a(leds.o)
 .debug_aranges
                0x00000000000002a0       0x20 obj_cooja/mtype733.a(dual_conf.o)
 .debug_aranges
                0x00000000000002c0       0x20 obj_cooja/mtype733.a(autostart.o)
 .debug_aranges
                0x00000000000002e0       0x20 obj_cooja/mtype733.a(ctimer.o)
 .debug_aranges
                0x0000000000000300       0x20 obj_cooja/mtype733.a(etimer.o)
 .debug_aranges
                0x0000000000000320       0x20 obj_cooja/mtype733.a(log_message.o)
 .debug_aranges
                0x0000000000000340       0x20 obj_cooja/mtype733.a(process.o)
 .debug_aranges
                0x0000000000000360       0x20 obj_cooja/mtype733.a(residual.o)
 .debug_aranges
                0x0000000000000380       0x20 obj_cooja/mtype733.a(rtimer.o)
 .debug_aranges
                0x00000000000003a0       0x20 obj_cooja/mtype733.a(timer.o)
 .debug_aranges
                0x00000000000003c0       0x20 obj_cooja/mtype733.a(serial-line.o)
 .debug_aranges
                0x00000000000003e0       0x20 obj_cooja/mtype733.a(list.o)
 .debug_aranges
                0x0000000000000400       0x20 obj_cooja/mtype733.a(ringbuf.o)
 .debug_aranges
                0x0000000000000420       0x20 obj_cooja/mtype733.a(sicslowpan.o)
 .debug_aranges
                0x0000000000000440       0x20 obj_cooja/mtype733.a(uip-ds6-nbr.o)
 .debug_aranges
                0x0000000000000460       0x20 obj_cooja/mtype733.a(uip-ds6.o)
 .debug_aranges
                0x0000000000000480       0x20 obj_cooja/mtype733.a(uip6.o)
 .debug_aranges
                0x00000000000004a0       0x20 obj_cooja/mtype733.a(tcpip.o)
 .debug_aranges
                0x00000000000004c0       0x20 obj_cooja/mtype733.a(uip-debug.o)
 .debug_aranges
                0x00000000000004e0       0x20 obj_cooja/mtype733.a(uip-packetqueue)
 .debug_aranges
                0x0000000000000500       0x20 obj_cooja/mtype733.a(rpl-dag.o)
 .debug_aranges
                0x0000000000000520       0x20 obj_cooja/mtype733.a(rpl-ext-header.)
 .debug_aranges
                0x0000000000000540       0x20 obj_cooja/mtype733.a(rpl-icmp6.o)
 .debug_aranges
                0x0000000000000560       0x20 obj_cooja/mtype733.a(rpl-ltmax2.o)
 .debug_aranges
                0x0000000000000580       0x20 obj_cooja/mtype733.a(rpl-timers.o)
 .debug_aranges
                0x00000000000005a0       0x20 obj_cooja/mtype733.a(rpl.o)
 .debug_aranges
                0x00000000000005c0       0x20 obj_cooja/mtype733.a(csma.o)
 .debug_aranges
                0x00000000000005e0       0x20 obj_cooja/mtype733.a(framer-802154.o)
 .debug_aranges
                0x0000000000000600       0x20 obj_cooja/mtype733.a(mac.o)
 .debug_aranges
                0x0000000000000620       0x20 obj_cooja/mtype733.a(cxmac.o)
 .debug_aranges
                0x0000000000000640       0x20 obj_cooja/mtype733.a(linkaddr.o)
 .debug_aranges
                0x0000000000000660       0x20 obj_cooja/mtype733.a(nbr-table.o)
 .debug_aranges
                0x0000000000000680       0x20 obj_cooja/mtype733.a(netstack.o)
 .debug_aranges
                0x00000000000006a0       0x20 obj_cooja/mtype733.a(packetbuf.o)
 .debug_aranges
                0x00000000000006c0       0x20 obj_cooja/mtype733.a(queuebuf.o)
 .debug_aranges
                0x00000000000006e0       0x20 obj_cooja/mtype733.a(nullsec.o)
 .debug_aranges
                0x0000000000000700       0x20 obj_cooja/mtype733.a(watchdog.o)
 .debug_aranges
                0x0000000000000720       0x18 obj_cooja/mtype733.a(rimestats.o)
 .debug_aranges
                0x0000000000000738       0x20 obj_cooja/mtype733.a(stimer.o)
 .debug_aranges
                0x0000000000000758       0x20 obj_cooja/mtype733.a(memb.o)
 .debug_aranges
                0x0000000000000778       0x20 obj_cooja/mtype733.a(uip-ds6-route.o)
 .debug_aranges
                0x0000000000000798       0x20 obj_cooja/mtype733.a(uip-icmp6.o)
 .debug_aranges
                0x00000000000007b8       0x20 obj_cooja/mtype733.a(uip-nd6.o)
 .debug_aranges
                0x00000000000007d8       0x20 obj_cooja/mtype733.a(rpl-nbr-policy.)
 .debug_aranges
                0x00000000000007f8       0x20 obj_cooja/mtype733.a(frame802154.o)

.debug_pubnames
 *(.debug_pubnames)

.debug_info     0x0000000000000000    0x1f3aa
 *(.debug_info .gnu.linkonce.wi.*)
 .debug_info    0x0000000000000000      0xf6f udp-server.co
 .debug_info    0x0000000000000f6f     0x3b8f obj_cooja/mtype733.o
 .debug_info    0x0000000000004afe      0x15a obj_cooja/mtype733.a(simEnvChange.o)
 .debug_info    0x0000000000004c58      0x1e2 obj_cooja/mtype733.a(cooja_mt.o)