Archive member included to satisfy reference by file (symbol)

obj_cooja/mtype752.a(simEnvChange.o)
                              obj_cooja/mtype752.o (simDontFallAsleep)
obj_cooja/mtype752.a(cooja_mt.o)
                              obj_cooja/mtype752.o (cooja_mt_start)
obj_cooja/mtype752.a(cooja_mtarch.o)
                              obj_cooja/mtype752.a(cooja_mt.o) (cooja_mtarch_init)
obj_cooja/mtype752.a(rtimer-arch.o)
                              obj_cooja/mtype752.o (rtimer_arch_next)
obj_cooja/mtype752.a(beep.o)  obj_cooja/mtype752.o (beep_interface)
obj_cooja/mtype752.a(button-sensor.o)
                              obj_cooja/mtype752.o (button_interface)
obj_cooja/mtype752.a(leds-arch.o)
                              obj_cooja/mtype752.o (leds_interface)
obj_cooja/mtype752.a(moteid.o)
                              obj_cooja/mtype752.o (moteid_interface)
obj_cooja/mtype752.a(pir-sensor.o)
                              obj_cooja/mtype752.o (pir_interface)
obj_cooja/mtype752.a(rs232.o)
                              obj_cooja/mtype752.o (rs232_interface)
obj_cooja/mtype752.a(vib-sensor.o)
                              obj_cooja/mtype752.o (vib_interface)
obj_cooja/mtype752.a(clock.o)
                              obj_cooja/mtype752.o (clock_interface)
obj_cooja/mtype752.a(log.o)   obj_cooja/mtype752.o (simlog_interface)
obj_cooja/mtype752.a(cfs-cooja.o)
                              obj_cooja/mtype752.o (cfs_interface)
obj_cooja/mtype752.a(cooja-radio.o)
                              obj_cooja/mtype752.o (radio_interface)
obj_cooja/mtype752.a(eeprom.o)
                              obj_cooja/mtype752.o (eeprom_interface)
obj_cooja/mtype752.a(random.o)
                              obj_cooja/mtype752.a(moteid.o) (random_init)
obj_cooja/mtype752.a(sensors.o)
                              obj_cooja/mtype752.o (sensors_process)
obj_cooja/mtype752.a(leds.o)  obj_cooja/mtype752.a(cooja-radio.o) (leds_on)
obj_cooja/mtype752.a(dual_conf.o)
                              obj_cooja/mtype752.a(cooja-radio.o) (long_range_radio)
obj_cooja/mtype752.a(autostart.o)
                              obj_cooja/mtype752.o (autostart_start)
obj_cooja/mtype752.a(ctimer.o)
                              obj_cooja/mtype752.o (ctimer_init)
obj_cooja/mtype752.a(etimer.o)
                              obj_cooja/mtype752.o (etimer_process)
obj_cooja/mtype752.a(log_message.o)
                              udp-client.co (log_fp)
obj_cooja/mtype752.a(process.o)
                              udp-client.co (process_current)
obj_cooja/mtype752.a(residual.o)
                              udp-client.co (DISSIPATION_RATE)
obj_cooja/mtype752.a(rtimer.o)
                              obj_cooja/mtype752.a(rtimer-arch.o) (rtimer_run_next)
obj_cooja/mtype752.a(stimer.o)
                              udp-client.co (stimer_remaining)
obj_cooja/mtype752.a(timer.o)
                              obj_cooja/mtype752.a(button-sensor.o) (timer_set)
obj_cooja/mtype752.a(serial-line.o)
                              udp-client.co (serial_line_event_message)
obj_cooja/mtype752.a(list.o)  obj_cooja/mtype752.a(ctimer.o) (list_init)
obj_cooja/mtype752.a(ringbuf.o)
                              obj_cooja/mtype752.a(serial-line.o) (ringbuf_init)
obj_cooja/mtype752.a(sicslowpan.o)
                              obj_cooja/mtype752.o (sicslowpan_driver)
obj_cooja/mtype752.a(uip-ds6-nbr.o)
                              obj_cooja/mtype752.a(sicslowpan.o) (uip_ds6_link_neighbor_callback)
obj_cooja/mtype752.a(uip-ds6-route.o)
                              udp-client.co (uip_ds6_route_nexthop)
obj_cooja/mtype752.a(uip-ds6.o)
                              udp-client.co (uip_ds6_if)
obj_cooja/mtype752.a(uip6.o)  udp-client.co (uip_lladdr)
obj_cooja/mtype752.a(tcpip.o)
                              udp-client.co (tcpip_event)
obj_cooja/mtype752.a(uip-debug.o)
                              udp-client.co (uip_debug_ipaddr_print)
obj_cooja/mtype752.a(uip-packetqueue)
                              obj_cooja/mtype752.a(uip-ds6-nbr.o) (uip_packetqueue_new)
obj_cooja/mtype752.a(uip-udp-packet.)
                              udp-client.co (uip_udp_packet_sendto)
obj_cooja/mtype752.a(rpl-dag.o)
                              udp-client.co (rpl_parents)
obj_cooja/mtype752.a(rpl-ext-header.)
                              obj_cooja/mtype752.a(uip6.o) (rpl_verify_header)
obj_cooja/mtype752.a(rpl-icmp6.o)
                              obj_cooja/mtype752.a(rpl-dag.o) (rpl_icmp6_update_nbr_table)
obj_cooja/mtype752.a(rpl-of0.o)
                              obj_cooja/mtype752.a(rpl-dag.o) (rpl_of0)
obj_cooja/mtype752.a(rpl-timers.o)
                              obj_cooja/mtype752.a(rpl-dag.o) (rpl_reset_dio_timer)
obj_cooja/mtype752.a(rpl.o)   obj_cooja/mtype752.a(rpl-icmp6.o) (rpl_get_mode)
obj_cooja/mtype752.a(csma.o)  udp-client.co (csma_driver)
obj_cooja/mtype752.a(framer-802154.o)
                              obj_cooja/mtype752.a(sicslowpan.o) (framer_802154)
[...]
Memory Configuration

Name             Origin             Length             Attributes
*default*        0x0000000000000000 0xffffffffffffffff

Linker script and memory map

LOAD /usr/lib/gcc/i686-linux-gnu/4.8/../../../i386-linux-gnu/crti.o
LOAD /usr/lib/gcc/i686-linux-gnu/4.8/crtbeginS.o
LOAD udp-client.co
LOAD obj_cooja/mtype752.o
LOAD obj_cooja/mtype752.a
LOAD /usr/lib/gcc/i686-linux-gnu/4.8/libgcc.a
LOAD /usr/lib/gcc/i686-linux-gnu/4.8/libgcc_s.so
LOAD /usr/lib/gcc/i686-linux-gnu/4.8/../../../i386-linux-gnu/libc.so
START GROUP
LOAD /lib/i386-linux-gnu/libc.so.6
LOAD /usr/lib/i386-linux-gnu/libc_nonshared.a
LOAD /lib/i386-linux-gnu/ld-linux.so.2
END GROUP
LOAD /usr/lib/gcc/i686-linux-gnu/4.8/libgcc.a
LOAD /usr/lib/gcc/i686-linux-gnu/4.8/libgcc_s.so
LOAD /usr/lib/gcc/i686-linux-gnu/4.8/crtendS.o
LOAD /usr/lib/gcc/i686-linux-gnu/4.8/../../../i386-linux-gnu/crtn.o
                0x0000000000000114                . = (0x0 + SIZEOF_HEADERS)

.note.gnu.build-id
                0x0000000000000114       0x24
 *(.note.gnu.build-id)
 .note.gnu.build-id
                0x0000000000000114       0x24 /usr/lib/gcc/i686-linux-gnu/4.8/../../../i386-linux-gnu/crti.o

.hash
 *(.hash)

.gnu.hash       0x0000000000000138     0x13c0
 *(.gnu.hash)
 .gnu.hash      0x0000000000000138     0x13c0 /usr/lib/gcc/i686-linux-gnu/4.8/../../../i386-linux-gnu/crti.o

.dynsym         0x00000000000014f8     0x2790
 *(.dynsym)
 .dynsym        0x00000000000014f8     0x2790 /usr/lib/gcc/i686-linux-gnu/4.8/../../../i386-linux-gnu/crti.o

.dynstr         0x0000000000003c88     0x282b
 *(.dynstr)
 .dynstr        0x0000000000003c88     0x282b /usr/lib/gcc/i686-linux-gnu/4.8/../../../i386-linux-gnu/crti.o

.gnu.version    0x00000000000064b4      0x4f2
 *(.gnu.version)
 .gnu.version   0x00000000000064b4      0x4f2 /usr/lib/gcc/i686-linux-gnu/4.8/../../../i386-linux-gnu/crti.o

.gnu.version_d  0x00000000000069a8        0x0
 *(.gnu.version_d)
 .gnu.version_d
                0x0000000000000000        0x0 /usr/lib/gcc/i686-linux-gnu/4.8/../../../i386-linux-gnu/crti.o

.gnu.version_r  0x00000000000069a8       0x50
 *(.gnu.version_r)
 .gnu.version_r
                0x00000000000069a8       0x50 /usr/lib/gcc/i686-linux-gnu/4.8/../../../i386-linux-gnu/crti.o

.rel.dyn        0x00000000000069f8     0x9d20
 *(.rel.init)
 .rel.init      0x0000000000000000        0x0 /usr/lib/gcc/i686-linux-gnu/4.8/../../../i386-linux-gnu/crti.o
 *(.rel.text .rel.text.* .rel.gnu.linkonce.t.*)
 .rel.text      0x00000000000069f8     0x9568 /usr/lib/gcc/i686-linux-gnu/4.8/../../../i386-linux-gnu/crti.o
 *(.rel.fini)
 .rel.fini      0x0000000000000000        0x0 /usr/lib/gcc/i686-linux-gnu/4.8/../../../i386-linux-gnu/crti.o
 *(.rel.rodata .rel.rodata.* .rel.gnu.linkonce.r.*)
 .rel.rodata    0x000000000000ff60      0x4e0 /usr/lib/gcc/i686-linux-gnu/4.8/../../../i386-linux-gnu/crti.o
 *(.rel.data.rel.ro .rel.data.rel.ro.* .rel.gnu.linkonce.d.rel.ro.*)
 *(.rel.data .rel.data.* .rel.gnu.linkonce.d.*)
 .rel.data.rel  0x0000000000010440        0x8 /usr/lib/gcc/i686-linux-gnu/4.8/../../../i386-linux-gnu/crti.o
 .rel.data      0x0000000000010448      0x298 /usr/lib/gcc/i686-linux-gnu/4.8/../../../i386-linux-gnu/crti.o
 *(.rel.tdata .rel.tdata.* .rel.gnu.linkonce.td.*)
 *(.rel.tbss .rel.tbss.* .rel.gnu.linkonce.tb.*)
 *(.rel.ctors)
 *(.rel.dtors)
 *(.rel.got)
 .rel.got       0x00000000000106e0       0x28 /usr/lib/gcc/i686-linux-gnu/4.8/../../../i386-linux-gnu/crti.o
 *(.rel.bss .rel.bss.* .rel.gnu.linkonce.b.*)
 *(.rel.ifunc)
 .rel.ifunc     0x0000000000000000        0x0 /usr/lib/gcc/i686-linux-gnu/4.8/../../../i386-linux-gnu/crti.o
 .rel.fini_array
                0x0000000000010708        0x8 /usr/lib/gcc/i686-linux-gnu/4.8/../../../i386-linux-gnu/crti.o
 .rel.init_array
                0x0000000000010710        0x8 /usr/lib/gcc/i686-linux-gnu/4.8/../../../i386-linux-gnu/crti.o

.rel.plt        0x0000000000010718       0x10
 *(.rel.plt)
 .rel.plt       0x0000000000010718       0x10 /usr/lib/gcc/i686-linux-gnu/4.8/../../../i386-linux-gnu/crti.o
 *(.rel.iplt)

.init           0x0000000000010728       0x23
 *(SORT(.init))
 .init          0x0000000000010728       0x1e /usr/lib/gcc/i686-linux-gnu/4.8/../../../i386-linux-gnu/crti.o
                0x0000000000010728                _init
 .init          0x0000000000010746        0x5 /usr/lib/gcc/i686-linux-gnu/4.8/../../../i386-linux-gnu/crtn.o

.plt            0x0000000000010750       0x30
 *(.plt)
 .plt           0x0000000000010750       0x30 /usr/lib/gcc/i686-linux-gnu/4.8/../../../i386-linux-gnu/crti.o
 *(.iplt)

.text           0x0000000000010780    0x177b3
 *(.text.unlikely .text.*_unlikely .text.unlikely.*)
 *(.text.exit .text.exit.*)
 *(.text.startup .text.startup.*)
 *(.text.hot .text.hot.*)
 *(.text .stub .text.* .gnu.linkonce.t.*)
 .text          0x0000000000010780        0x0 /usr/lib/gcc/i686-linux-gnu/4.8/../../../i386-linux-gnu/crti.o
 .gnu.linkonce.t.__x86.get_pc_thunk.bx
                0x0000000000010780        0x4 /usr/lib/gcc/i686-linux-gnu/4.8/../../../i386-linux-gnu/crti.o
                0x0000000000010780                __x86.get_pc_thunk.bx
 *fill*         0x0000000000010784        0xc 
 .text          0x0000000000010790      0x11b /usr/lib/gcc/i686-linux-gnu/4.8/crtbeginS.o
 .text          0x00000000000108ab      0xec9 udp-client.co
                0x000000000001136c                polling
 .text          0x0000000000011774      0x9c8 obj_cooja/mtype752.o
                0x0000000000011922                contiki_init
                0x0000000000011f53                Java_org_contikios_cooja_corecomm_Lib2_init
                0x0000000000011f93                Java_org_contikios_cooja_corecomm_Lib2_getMemory
                0x0000000000011fd3                Java_org_contikios_cooja_corecomm_Lib2_setMemory
                0x000000000001204a                Java_org_contikios_cooja_corecomm_Lib2_tick
                0x000000000001212a                Java_org_contikios_cooja_corecomm_Lib2_setReferenceAddress
 .text          0x000000000001213c       0x63 obj_cooja/mtype752.a(simEnvChange.o)
                0x000000000001213c                doActionsBeforeTick
                0x000000000001216d                doActionsAfterTick
 .text          0x000000000001219f       0xbc obj_cooja/mtype752.a(cooja_mt.o)
                0x000000000001219f                cooja_mt_init
                0x00000000000121ac                cooja_mt_remove
                0x00000000000121b9                cooja_mt_start
                0x00000000000121e6                cooja_mt_exec
                0x0000000000012217                cooja_mt_exit
                0x0000000000012239                cooja_mt_yield
 .text          0x000000000001225b      0x115 obj_cooja/mtype752.a(cooja_mtarch.o)
                0x000000000001225b                cooja_mtarch_init
                0x0000000000012260                cooja_mtarch_start
                0x00000000000122db                cooja_sw
                0x00000000000122fd                cooja_mtarch_exec
                0x0000000000012319                cooja_mtarch_remove
                0x000000000001231e                cooja_mtarch_yield
                0x0000000000012328                cooja_mtarch_pstop
                0x000000000001232d                cooja_mtarch_pstart
                0x0000000000012332                cooja_mtarch_stack_usage
 .text          0x0000000000012370       0xc2 obj_cooja/mtype752.a(rtimer-arch.o)
                0x0000000000012370                rtimer_arch_init
                0x0000000000012393                rtimer_arch_schedule
                0x00000000000123aa                rtimer_arch_next
                0x00000000000123b4                rtimer_arch_pending
                0x00000000000123be                rtimer_arch_check
                0x00000000000123f0                rtimer_arch_now
 .text          0x0000000000012432       0x76 obj_cooja/mtype752.a(beep.o)
                0x0000000000012432                beep_alarm
                0x000000000001243e                beep_beep
                0x000000000001244a                beep
                0x0000000000012456                beep_down
                0x0000000000012462                beep_on
                0x000000000001246e                beep_off
                0x000000000001247a                beep_spinup
                0x0000000000012486                beep_quick
                0x0000000000012492                beep_long
 .text          0x00000000000124a8      0x103 obj_cooja/mtype752.a(button-sensor.o)
 .text          0x00000000000125ab       0x45 obj_cooja/mtype752.a(leds-arch.o)
                0x00000000000125ab                leds_arch_init
                0x00000000000125b7                leds_arch_get
                0x00000000000125c3                leds_arch_set
 .text          0x00000000000125f0       0x2f obj_cooja/mtype752.a(moteid.o)
 .text          0x000000000001261f       0xb1 obj_cooja/mtype752.a(pir-sensor.o)
 .text          0x00000000000126d0      0x131 obj_cooja/mtype752.a(rs232.o)
                0x00000000000126d0                rs232_init
                0x00000000000126d5                rs232_set_speed
                0x00000000000126e3                rs232_set_input
                0x00000000000126f0                rs232_send
                0x0000000000012712                rs232_print
                0x000000000001272d                slip_arch_writeb
 .text          0x0000000000012801       0xb1 obj_cooja/mtype752.a(vib-sensor.o)
 .text          0x00000000000128b2       0x34 obj_cooja/mtype752.a(clock.o)
                0x00000000000128b2                clock_init
                0x00000000000128b7                clock_time
                0x00000000000128c1                clock_seconds
                0x00000000000128d7                clock_delay
 .text          0x00000000000128e6      0x1ed obj_cooja/mtype752.a(log.o)
                0x00000000000128e6                simlog_char
                0x0000000000012928                simlog
                0x0000000000012995                log_message
                0x00000000000129bd                log_set_putchar_with_slip
                0x00000000000129ca                log_putchar
                0x0000000000012a4e                log_puts
                0x0000000000012a72                log_printf
 .text          0x0000000000012ad3      0x2c4 obj_cooja/mtype752.a(cfs-cooja.o)
                0x0000000000012ad3                cfs_open
                0x0000000000012b3c                cfs_close
                0x0000000000012b48                cfs_read
                0x0000000000012be6                cfs_write
                0x0000000000012cc3                cfs_seek
                0x0000000000012d4b                cfs_remove
                0x0000000000012d74                cfs_opendir
                0x0000000000012d7e                cfs_readdir
                0x0000000000012d88                cfs_closedir
 .text          0x0000000000012d97      0x793 obj_cooja/mtype752.a(cooja-radio.o)
                0x0000000000012dc1                radio_set_channel
                0x0000000000012dd6                radio_set_txpower
                0x0000000000012df6                radio_signal_strength_last
                0x0000000000012e00                radio_signal_strength_current
                0x0000000000012e0a                radio_LQI
 .text          0x000000000001352a       0xef obj_cooja/mtype752.a(eeprom.o)
                0x000000000001352a                eeprom_init
                0x000000000001352f                eeprom_read
                0x000000000001359f                eeprom_write
 .text          0x0000000000013619       0x28 obj_cooja/mtype752.a(random.o)
                0x0000000000013619                random_init
                0x0000000000013634                random_rand
 .text          0x0000000000013641      0x2a1 obj_cooja/mtype752.a(sensors.o)
                0x000000000001367c                sensors_first
                0x0000000000013686                sensors_next
                0x00000000000136a3                sensors_changed
                0x00000000000136d2                sensors_find
 .text          0x00000000000138e2      0x134 obj_cooja/mtype752.a(leds.o)
                0x0000000000013933                leds_init
                0x0000000000013947                leds_blink
                0x000000000001397f                leds_get
                0x000000000001398c                leds_set
                0x00000000000139a6                leds_on
                0x00000000000139c9                leds_off
                0x00000000000139f3                leds_toggle
 .text          0x0000000000013a16      0x2ab obj_cooja/mtype752.a(dual_conf.o)
                0x0000000000013a16                dual_radio_switch
                0x0000000000013a56                dual_radio_change
                0x0000000000013a90                sending_in_LR
                0x0000000000013abb                dual_radio_received
                0x0000000000013af3                radio_received_is_longrange
                0x0000000000013b0e                dual_radio_turn_on
                0x0000000000013b31                dual_radio_turn_off
                0x0000000000013c77                dio_broadcast
                0x0000000000013ca0                dis_broadcast
 .text          0x0000000000013cc1       0x8e obj_cooja/mtype752.a(autostart.o)
                0x0000000000013cc1                autostart_start
                0x0000000000013d0c                autostart_exit
 .text          0x0000000000013d4f      0x334 obj_cooja/mtype752.a(ctimer.o)
                0x0000000000013e66                ctimer_init
                0x0000000000013e96                ctimer_set
                0x0000000000013ec7                ctimer_set_with_process
                0x0000000000013f43                ctimer_reset
                0x0000000000013f92                ctimer_restart
                0x0000000000013fe1                ctimer_stop
                0x000000000001402c                ctimer_expired
 .text          0x0000000000014083      0x40b obj_cooja/mtype752.a(etimer.o)
                0x0000000000014296                etimer_request_poll
                0x000000000001431a                etimer_set
                0x000000000001433f                etimer_reset_with_new_interval
                0x0000000000014366                etimer_reset
                0x0000000000014384                etimer_restart
                0x00000000000143a2                etimer_adjust
                0x00000000000143be                etimer_expired
                0x00000000000143d1                etimer_expiration_time
                0x00000000000143e3                etimer_start_time
                0x00000000000143ed                etimer_pending
                0x00000000000143ff                etimer_next_expiration_time
                0x0000000000014419                etimer_stop
 .text          0x000000000001448e      0x225 obj_cooja/mtype752.a(log_message.o)
                0x000000000001448e                log_initialization
                0x000000000001468d                log_reinit
                0x0000000000014692                log_finisher
 .text          0x00000000000146b3      0x560 obj_cooja/mtype752.a(process.o)
                0x00000000000146b3                process_alloc_event
                0x00000000000146c8                process_start
                0x00000000000148b1                process_exit
                0x00000000000148cd                process_init
                0x0000000000014a9e                process_run
                0x0000000000014ad1                process_nevents
                0x0000000000014aec                process_post
                0x0000000000014b98                process_post_synch
                0x0000000000014bd0                process_poll
                0x0000000000014bff                process_is_running
 .text          0x0000000000014c13       0xdb obj_cooja/mtype752.a(residual.o)
                0x0000000000014c13                get_residual_energy
 .text          0x0000000000014cee       0xba obj_cooja/mtype752.a(rtimer.o)
                0x0000000000014cee                rtimer_init
                0x0000000000014cfb                rtimer_set
                0x0000000000014d52                rtimer_run_next
 .text          0x0000000000014da8       0xa3 obj_cooja/mtype752.a(stimer.o)
                0x0000000000014da8                stimer_set
                0x0000000000014dc3                stimer_reset
                0x0000000000014dda                stimer_restart
                0x0000000000014dec                stimer_expired
                0x0000000000014e13                stimer_remaining
                0x0000000000014e37                stimer_elapsed
 .text          0x0000000000014e4b       0x91 obj_cooja/mtype752.a(timer.o)
                0x0000000000014e4b                timer_set
                0x0000000000014e66                timer_reset
                0x0000000000014e7d                timer_restart
                0x0000000000014e8f                timer_expired
                0x0000000000014eb8                timer_remaining
 .text          0x0000000000014edc      0x1fb obj_cooja/mtype752.a(serial-line.o)
                0x0000000000014edc                serial_line_input_byte
                0x000000000001509f                serial_line_init
 .text          0x00000000000150d7      0x244 obj_cooja/mtype752.a(list.o)
                0x00000000000150d7                list_init
                0x00000000000150e5                list_head
                0x00000000000150ef                list_copy
                0x00000000000150fe                list_tail
                0x0000000000015134                list_add
                0x000000000001517d                list_push
                0x00000000000151a9                list_chop
                0x0000000000015213                list_pop
                0x000000000001523b                list_remove
                0x00000000000152a2                list_length
                0x00000000000152d0                list_insert
                0x0000000000015304                list_item_next
 .text          0x000000000001531b      0x155 obj_cooja/mtype752.a(ringbuf.o)
                0x000000000001531b                ringbuf_init
                0x000000000001534c                ringbuf_put
                0x00000000000153ca                ringbuf_get
                0x0000000000015437                ringbuf_size
                0x0000000000015449                ringbuf_elements
 .text          0x0000000000015470     0x258b obj_cooja/mtype752.a(sicslowpan.o)
                0x00000000000159fa                rime_sniffer_add
                0x0000000000015a07                rime_sniffer_remove
                0x000000000001799a                sicslowpan_init
                0x00000000000179f1                sicslowpan_get_last_rssi
 .text          0x00000000000179fb      0x2d9 obj_cooja/mtype752.a(uip-ds6-nbr.o)
                0x0000000000017a18                uip_ds6_neighbors_init
                0x0000000000017a35                uip_ds6_nbr_add
                0x0000000000017ae3                uip_ds6_nbr_rm
                0x0000000000017b40                uip_ds6_nbr_get_ipaddr
                0x0000000000017b55                uip_ds6_nbr_get_ll
                0x0000000000017b71                uip_ds6_nbr_num
                0x0000000000017bb6                uip_ds6_nbr_lookup
                0x0000000000017c1b                uip_ds6_nbr_ll_lookup
                0x0000000000017c37                uip_ds6_nbr_ipaddr_from_lladdr
                0x0000000000017c5d                uip_ds6_nbr_lladdr_from_ipaddr
                0x0000000000017c8b                uip_ds6_link_neighbor_callback
 .text          0x0000000000017cd4      0x916 obj_cooja/mtype752.a(uip-ds6-route.o)
                0x0000000000017d4b                uip_ds6_notification_add
                0x0000000000017d7c                uip_ds6_notification_rm
                0x0000000000017d98                uip_ds6_route_init
                0x0000000000017e20                uip_ds6_route_nexthop
                0x0000000000017e48                uip_ds6_route_head
                0x0000000000017e5d                uip_ds6_route_next
                0x0000000000017e83                uip_ds6_route_is_nexthop
                0x0000000000017ec2                uip_ds6_route_num_routes
                0x0000000000017ecc                uip_ds6_route_lookup
                0x0000000000017f8e                uip_ds6_route_add
                0x00000000000181c2                uip_ds6_route_rm
                0x0000000000018356                uip_ds6_route_rm_by_nexthop
                0x000000000001838e                uip_ds6_defrt_add
                0x000000000001843f                uip_ds6_defrt_rm
                0x00000000000184be                uip_ds6_defrt_lookup
                0x0000000000018517                uip_ds6_defrt_choose
                0x0000000000018582                uip_ds6_defrt_periodic
 .text          0x00000000000185ea     0x12ad obj_cooja/mtype752.a(uip-ds6.o)
                0x00000000000185ea                uip_ds6_init
                0x000000000001893f                uip_ds6_periodic
                0x0000000000018a17                uip_ds6_list_loop
                0x0000000000018abe                uip_ds6_prefix_add
                0x0000000000018b7c                uip_ds6_prefix_rm
                0x0000000000018b8e                uip_ds6_prefix_lookup
                0x0000000000018bdf                uip_ds6_is_addr_onlink
                0x0000000000018c53                uip_ds6_addr_add
                0x0000000000018d81                uip_ds6_long_addr_add
                0x0000000000018eaf                uip_ds6_addr_rm
                0x0000000000018f4f                uip_ds6_addr_lookup
                0x0000000000018f9a                uip_ds6_long_addr_lookup
                0x0000000000018fe5                uip_ds6_get_link_local
                0x0000000000019064                uip_ds6_long_get_link_local
                0x00000000000190e3                uip_ds6_get_global
                0x0000000000019162                uip_ds6_long_get_global
                0x00000000000191e1                uip_ds6_maddr_add
                0x0000000000019253                uip_ds6_long_maddr_add
                0x00000000000192c5                uip_ds6_maddr_rm
                0x00000000000192d7                uip_ds6_maddr_lookup
                0x0000000000019322                uip_ds6_long_maddr_lookup
                0x000000000001936d                uip_ds6_aaddr_add
                0x00000000000193df                uip_ds6_long_aaddr_add
                0x0000000000019451                uip_ds6_aaddr_rm
                0x0000000000019463                uip_ds6_aaddr_lookup
                0x00000000000194ae                uip_ds6_long_aaddr_lookup
                0x00000000000194f9                uip_ds6_select_src
                0x0000000000019782                uip_ds6_set_addr_iid
                0x00000000000197b9                get_match_length
                0x000000000001984b                uip_ds6_compute_reachable_time
 .text          0x0000000000019897     0x29ac obj_cooja/mtype752.a(uip6.o)
                0x0000000000019897                uip_add32
                0x0000000000019a30                uip_chksum
                0x0000000000019b1e                uip_icmp6chksum
                0x0000000000019b32                uip_tcpchksum
                0x0000000000019b46                uip_init
                0x0000000000019c16                uip_connect
                0x0000000000019dc5                remove_ext_hdr
                0x0000000000019e9a                uip_udp_new
                0x0000000000019ff6                uip_unlisten
                0x000000000001a056                uip_listen
                0x000000000001a318                uip_process
                0x000000000001c137                uip_htons
                0x000000000001c159                uip_htonl
                0x000000000001c199                uip_send
 .text          0x000000000001c243      0xa53 obj_cooja/mtype752.a(tcpip.o)
                0x000000000001c243                tcpip_output
                0x000000000001c27e                tcpip_set_outputfunc
                0x000000000001c312                tcp_connect
                0x000000000001c367                tcp_unlisten
                0x000000000001c3c2                tcp_listen
                0x000000000001c41b                tcp_attach
                0x000000000001c440                udp_attach
                0x000000000001c465                udp_new
                0x000000000001c4b7                udp_broadcast_new
                0x000000000001c72b                tcpip_input
                0x000000000001c75f                tcpip_ipv6_output
                0x000000000001cad2                tcpip_poll_udp
                0x000000000001caf5                tcpip_poll_tcp
                0x000000000001cb18                tcpip_uipcall
 .text          0x000000000001cc96      0x1c1 obj_cooja/mtype752.a(uip-debug.o)
                0x000000000001cc96                uip_debug_ipaddr_print
                0x000000000001cdf8                uip_debug_lladdr_print
 .text          0x000000000001ce57      0x141 obj_cooja/mtype752.a(uip-packetqueue)
                0x000000000001ce83                uip_packetqueue_new
                0x000000000001ce91                uip_packetqueue_alloc
                0x000000000001cef1                uip_packetqueue_free
                0x000000000001cf32                uip_packetqueue_buf
                0x000000000001cf4f                uip_packetqueue_buflen
                0x000000000001cf70                uip_packetqueue_set_buflen
 .text          0x000000000001cf98      0x131 obj_cooja/mtype752.a(uip-udp-packet.)
                0x000000000001cf98                uip_udp_packet_send
                0x000000000001cff8                uip_udp_packet_sendto
 .text          0x000000000001d0c9     0x25e5 obj_cooja/mtype752.a(rpl-dag.o)
                0x000000000001d0c9                rpl_print_neighbor_list
                0x000000000001d130                rpl_print_child_neighbor_list
                0x000000000001d197                rpl_get_nbr
                0x000000000001d1f1                rpl_get_nbr_child
                0x000000000001d24b                rpl_dag_init
                0x000000000001d27d                rpl_get_parent
                0x000000000001d29f                rpl_get_parent_rank
                0x000000000001d2d2                rpl_get_parent_link_metric
                0x000000000001d305                rpl_get_parent_ipaddr
                0x000000000001d32f                rpl_get_child_ipaddr
                0x000000000001d632                rpl_set_root
                0x000000000001d859                rpl_repair_root
                0x000000000001da95                rpl_set_prefix
                0x000000000001db94                rpl_set_default_route
                0x000000000001dc20                rpl_alloc_instance
                0x000000000001dca8                rpl_alloc_dag
                0x000000000001dd59                rpl_set_default_instance
                0x000000000001dd66                rpl_get_default_instance
                0x000000000001dd70                rpl_free_instance
                0x000000000001de0f                rpl_free_dag
                0x000000000001de75                rpl_add_parent
                0x000000000001df4b                rpl_find_parent
                0x000000000001df7b                rpl_add_child
                0x000000000001e01f                rpl_find_child
                0x000000000001e06d                rpl_find_parent_any_dag
                0x000000000001e0a9                rpl_select_dag
                0x000000000001e4dd                rpl_select_parent
                0x000000000001e53f                rpl_remove_parent
                0x000000000001e566                rpl_remove_child
                0x000000000001e582                rpl_nullify_parent
                0x000000000001e620                rpl_move_parent
                0x000000000001e6bd                rpl_has_downward_route
                0x000000000001e710                rpl_get_any_dag
                0x000000000001e772                rpl_get_instance
                0x000000000001e7d5                rpl_find_of
                0x000000000001e812                rpl_join_instance
                0x000000000001ead9                rpl_add_dag
                0x000000000001eec8                rpl_local_repair
                0x000000000001ef8c                rpl_recalculate_ranks
                0x000000000001f012                rpl_process_parent_event
                0x000000000001f0c4                rpl_process_dio
 .text          0x000000000001f6ae      0xbf3 obj_cooja/mtype752.a(rpl-ext-header.)
                0x000000000001f6cb                rpl_verify_header
                0x000000000001fb45                rpl_update_header_empty
                0x000000000001fe5c                rpl_update_header_final
                0x000000000001ffeb                rpl_remove_header
                0x00000000000200f5                rpl_invert_header
                0x000000000002027f                rpl_insert_header
 .text          0x00000000000202a1     0x2285 obj_cooja/mtype752.a(rpl-icmp6.o)
                0x0000000000020500                rpl_icmp6_update_nbr_table
                0x00000000000205f0                dis_output
                0x0000000000020e70                dio_output
                0x0000000000022091                dao_output
                0x0000000000022159                dao_output_target
                0x00000000000224da                dao_ack_output
                0x00000000000224ee                rpl_icmp6_register_handlers
 .text          0x0000000000022526      0x1f4 obj_cooja/mtype752.a(rpl-of0.o)
 .text          0x000000000002271a      0x59d obj_cooja/mtype752.a(rpl-timers.o)
                0x0000000000022960                rpl_reset_periodic_timer
                0x00000000000229b5                rpl_reset_dio_timer
                0x0000000000022bef                rpl_schedule_dao
                0x0000000000022c0a                rpl_schedule_dao_immediately
                0x0000000000022c25                rpl_cancel_dao
                0x0000000000022c87                rpl_schedule_unicast_dio_immediately
 .text          0x0000000000022cb7      0x59b obj_cooja/mtype752.a(rpl.o)
                0x0000000000022cb7                rpl_get_mode
                0x0000000000022cc1                rpl_set_mode
                0x0000000000022d4f                rpl_purge_routes
                0x0000000000022e49                rpl_remove_routes
                0x0000000000022e8f                rpl_remove_routes_by_nexthop
                0x0000000000022efb                rpl_add_route
                0x0000000000022f76                rpl_link_neighbor_callback
                0x000000000002307b                rpl_ipv6_neighbor_callback
                0x00000000000230ea                rpl_purge_dags
                0x00000000000231cc                rpl_init
 .text          0x0000000000023252      0x903 obj_cooja/mtype752.a(csma.o)
 .text          0x0000000000023b55      0x3f5 obj_cooja/mtype752.a(framer-802154.o)
 .text          0x0000000000023f4a       0x3c obj_cooja/mtype752.a(mac.o)
                0x0000000000023f4a                mac_call_sent_callback
 .text          0x0000000000023f86     0x125a obj_cooja/mtype752.a(dualmac.o)
                0x0000000000025142                dualmac_set_announcement_radio_txpower
                0x0000000000025147                dualmac_init
 .text          0x00000000000251e0       0x82 obj_cooja/mtype752.a(linkaddr.o)
                0x00000000000251e0                linkaddr_copy
                0x0000000000025202                linkaddr_cmp
                0x000000000002522c                linkaddr_set_node_addr
                0x0000000000025247                linkaddr_set_node_long_addr
 .text          0x0000000000025262      0x919 obj_cooja/mtype752.a(nbr-table.o)
                0x0000000000025262                long_ip_from_lladdr_map
                0x00000000000252ef                lladdr_map_add_lr
                0x00000000000253ac                lladdr_map_rm_lr
                0x0000000000025871                nbr_table_register
                0x00000000000258b9                nbr_table_head
                0x0000000000025915                nbr_table_next
                0x000000000002597c                nbr_table_add_lladdr
                0x0000000000025a58                nbr_table_get_from_lladdr
                0x0000000000025aa5                nbr_table_remove
                0x0000000000025af7                nbr_table_lock
                0x0000000000025b21                nbr_table_unlock
                0x0000000000025b4b                nbr_table_get_lladdr
 .text          0x0000000000025b7b       0x2b obj_cooja/mtype752.a(netstack.o)
                0x0000000000025b7b                netstack_init
 .text          0x0000000000025ba6      0x3cd obj_cooja/mtype752.a(packetbuf.o)
                0x0000000000025ba6                packetbuf_clear
                0x0000000000025bd0                packetbuf_copyfrom
                0x0000000000025c22                packetbuf_compact
                0x0000000000025c9f                packetbuf_copyto
                0x0000000000025d36                packetbuf_hdralloc
                0x0000000000025db3                packetbuf_hdrreduce
                0x0000000000025dfb                packetbuf_set_datalen
                0x0000000000025e14                packetbuf_dataptr
                0x0000000000025e31                packetbuf_hdrptr
                0x0000000000025e3b                packetbuf_datalen
                0x0000000000025e47                packetbuf_hdrlen
                0x0000000000025e5e                packetbuf_totlen
                0x0000000000025e74                packetbuf_attr_clear
                0x0000000000025ec6                packetbuf_attr_copyto
                0x0000000000025f0f                packetbuf_attr_copyfrom
                0x0000000000025f57                packetbuf_holds_broadcast
 .text          0x0000000000025f73      0x2b4 obj_cooja/mtype752.a(queuebuf.o)
                0x0000000000025f7d                queuebuf_init
                0x0000000000025f9d                queuebuf_numfree
                0x0000000000025fb1                queuebuf_new_from_packetbuf
                0x0000000000026041                queuebuf_update_attr_from_packetbuf
                0x0000000000026074                queuebuf_update_from_packetbuf
                0x00000000000260be                queuebuf_free
                0x0000000000026105                queuebuf_to_packetbuf
                0x000000000002616b                queuebuf_dataptr
                0x00000000000261a2                queuebuf_datalen
                0x00000000000261c5                queuebuf_addr
                0x00000000000261f7                queuebuf_attr
                0x0000000000026222                queuebuf_debug_print
 .text          0x0000000000026227       0x6e obj_cooja/mtype752.a(nullsec.o)
 .text          0x0000000000026295       0x19 obj_cooja/mtype752.a(watchdog.o)
                0x0000000000026295                watchdog_init
                0x000000000002629a                watchdog_start
                0x000000000002629f                watchdog_periodic
                0x00000000000262a4                watchdog_stop
                0x00000000000262a9                watchdog_reboot
 .text          0x00000000000262ae        0x0 obj_cooja/mtype752.a(rimestats.o)
 .text          0x00000000000262ae      0x1c1 obj_cooja/mtype752.a(memb.o)
                0x00000000000262ae                memb_init
                0x000000000002630c                memb_alloc
                0x0000000000026371                memb_free
                0x00000000000263ec                memb_inmemb
                0x000000000002642b                memb_numfree
 .text          0x000000000002646f      0xabf obj_cooja/mtype752.a(uip-icmp6.o)
                0x00000000000264dd                uip_icmp6_input
                0x0000000000026533                uip_icmp6_register_input_handler
                0x00000000000267fb                uip_icmp6_error_output
                0x0000000000026b40                uip_icmp6_send
                0x0000000000026ec1                uip_icmp6_echo_reply_callback_add
                0x0000000000026ef2                uip_icmp6_echo_reply_callback_rm
                0x0000000000026f0e                uip_icmp6_init
 .text          0x0000000000026f2e      0x358 obj_cooja/mtype752.a(uip-nd6.o)
                0x0000000000026f82                uip_nd6_ns_output
                0x0000000000027281                uip_nd6_init
 .text          0x0000000000027286      0x331 obj_cooja/mtype752.a(rpl-nbr-policy.)
                0x000000000002745e                find_removable_dis
                0x0000000000027481                find_removable_dio
                0x0000000000027510                find_removable_dao
                0x0000000000027560                rpl_nbr_policy_find_removable
 .text          0x00000000000275b7      0x97c obj_cooja/mtype752.a(frame802154.o)
                0x00000000000275e8                frame802154_get_pan_id
                0x00000000000275f4                frame802154_set_pan_id
                0x000000000002760d                frame802154_has_panid
                0x00000000000276f9                frame802154_check_dest_panid
                0x0000000000027761                frame802154_is_broadcast_addr
                0x00000000000277ae                frame802154_extract_linkaddr
                0x00000000000279ee                frame802154_hdrlen
                0x0000000000027a3f                frame802154_create
                0x0000000000027c2a                frame802154_parse
 .text          0x0000000000027f33        0x0 /usr/lib/gcc/i686-linux-gnu/4.8/crtendS.o
 .text          0x0000000000027f33        0x0 /usr/lib/gcc/i686-linux-gnu/4.8/../../../i386-linux-gnu/crtn.o
 *(.gnu.warning)

.fini           0x0000000000027f34       0x14
 *(SORT(.fini))
 .fini          0x0000000000027f34        0xf /usr/lib/gcc/i686-linux-gnu/4.8/../../../i386-linux-gnu/crti.o
                0x0000000000027f34                _fini
 .fini          0x0000000000027f43        0x5 /usr/lib/gcc/i686-linux-gnu/4.8/../../../i386-linux-gnu/crtn.o
                0x0000000000027f48                PROVIDE (__etext, .)
                0x0000000000027f48                PROVIDE (_etext, .)
                0x0000000000027f48                PROVIDE (etext, .)

.rodata         0x0000000000027f60      0xbe0
 *(.rodata .rodata.* .gnu.linkonce.r.*)
 .rodata        0x0000000000027f60      0x456 udp-client.co
                0x0000000000027f74                autostart_processes
 *fill*         0x00000000000283b6        0x2 
 .rodata        0x00000000000283b8      0x1e6 obj_cooja/mtype752.o
 *fill*         0x000000000002859e        0x2 
 .rodata        0x00000000000285a0        0x8 obj_cooja/mtype752.a(beep.o)
                0x00000000000285a0                beep_interface
 .rodata        0x00000000000285a8       0x20 obj_cooja/mtype752.a(button-sensor.o)
                0x00000000000285a8                button_interface
                0x00000000000285b8                button_sensor
 .rodata        0x00000000000285c8        0x8 obj_cooja/mtype752.a(leds-arch.o)
                0x00000000000285c8                leds_interface
 .rodata        0x00000000000285d0        0x8 obj_cooja/mtype752.a(moteid.o)
                0x00000000000285d0                moteid_interface
 .rodata        0x00000000000285d8       0x1c obj_cooja/mtype752.a(pir-sensor.o)
                0x00000000000285d8                pir_interface
                0x00000000000285e4                pir_sensor
 .rodata        0x00000000000285f4        0xe obj_cooja/mtype752.a(rs232.o)
                0x00000000000285f4                rs232_interface
 *fill*         0x0000000000028602        0x2 
 .rodata        0x0000000000028604       0x24 obj_cooja/mtype752.a(vib-sensor.o)
                0x0000000000028604                vib_interface
                0x0000000000028618                vib_sensor
 .rodata        0x0000000000028628        0x8 obj_cooja/mtype752.a(clock.o)
                0x0000000000028628                clock_interface
 .rodata        0x0000000000028630        0x8 obj_cooja/mtype752.a(log.o)
                0x0000000000028630                simlog_interface
 .rodata        0x0000000000028638       0x2f obj_cooja/mtype752.a(cfs-cooja.o)
                0x0000000000028638                cfs_interface
 *fill*         0x0000000000028667       0x19 
 .rodata        0x0000000000028680       0x60 obj_cooja/mtype752.a(cooja-radio.o)
                0x00000000000286a0                cooja_radio_driver
                0x00000000000286d8                radio_interface
 .rodata        0x00000000000286e0        0x8 obj_cooja/mtype752.a(eeprom.o)
                0x00000000000286e0                eeprom_interface
 .rodata        0x00000000000286e8        0x8 obj_cooja/mtype752.a(sensors.o)
 .rodata        0x00000000000286f0       0x1c obj_cooja/mtype752.a(dual_conf.o)
 .rodata        0x000000000002870c        0xf obj_cooja/mtype752.a(ctimer.o)
 .rodata        0x000000000002871b        0xc obj_cooja/mtype752.a(etimer.o)
 *fill*         0x0000000000028727        0x1 
 .rodata        0x0000000000028728      0x161 obj_cooja/mtype752.a(log_message.o)
 *fill*         0x0000000000028889        0x3 
 .rodata        0x000000000002888c       0x20 obj_cooja/mtype752.a(residual.o)
                0x000000000002888c                DISSIPATION_RATE
 .rodata        0x00000000000288ac        0xe obj_cooja/mtype752.a(serial-line.o)
 *fill*         0x00000000000288ba        0x2 
 .rodata        0x00000000000288bc       0x2c obj_cooja/mtype752.a(sicslowpan.o)
                0x00000000000288bc                unc_llconf
                0x00000000000288c0                unc_ctxconf
                0x00000000000288c4                unc_mxconf
                0x00000000000288c8                llprefix
                0x00000000000288dc                sicslowpan_driver
 .rodata        0x00000000000288e8      0x13c obj_cooja/mtype752.a(uip6.o)
 .rodata        0x0000000000028a24        0xd obj_cooja/mtype752.a(tcpip.o)
 .rodata        0x0000000000028a31       0x3e obj_cooja/mtype752.a(uip-debug.o)
 *fill*         0x0000000000028a6f        0x1 
 .rodata        0x0000000000028a70        0x4 obj_cooja/mtype752.a(rpl-dag.o)
 *fill*         0x0000000000028a74        0x4 
 .rodata        0x0000000000028a78       0x10 obj_cooja/mtype752.a(rpl-icmp6.o)
 .rodata        0x0000000000028a88       0x38 obj_cooja/mtype752.a(csma.o)
                0x0000000000028aa4                csma_driver
 .rodata        0x0000000000028ac0        0xc obj_cooja/mtype752.a(framer-802154.o)
                0x0000000000028ac0                framer_802154
 *fill*         0x0000000000028acc       0x14 
 .rodata        0x0000000000028ae0       0x40 obj_cooja/mtype752.a(dualmac.o)
                0x0000000000028b00                dualmac_driver
 .rodata        0x0000000000028b20        0x8 obj_cooja/mtype752.a(linkaddr.o)
                0x0000000000028b20                linkaddr_null
 .rodata        0x0000000000028b28       0x18 obj_cooja/mtype752.a(nullsec.o)
                0x0000000000028b30                nullsec_driver

.rodata1
 *(.rodata1)

.eh_frame_hdr   0x0000000000028b40     0x13f4
 *(.eh_frame_hdr)
 .eh_frame_hdr  0x0000000000028b40     0x13f4 udp-client.co

.eh_frame       0x0000000000029f34     0x513c
 *(.eh_frame)
 .eh_frame      0x0000000000029f34       0x3c /usr/lib/gcc/i686-linux-gnu/4.8/../../../i386-linux-gnu/crti.o
                                         0x40 (size before relaxing)
 .eh_frame      0x0000000000029f70       0xd8 udp-client.co
                                         0xf0 (size before relaxing)
 .eh_frame      0x000000000002a048      0x148 obj_cooja/mtype752.o
                                        0x160 (size before relaxing)
 .eh_frame      0x000000000002a190       0x40 obj_cooja/mtype752.a(simEnvChange.o)
                                         0x58 (size before relaxing)
 .eh_frame      0x000000000002a1d0       0xc0 obj_cooja/mtype752.a(cooja_mt.o)
                                         0xd8 (size before relaxing)
 .eh_frame      0x000000000002a290      0x120 obj_cooja/mtype752.a(cooja_mtarch.o)
                                        0x138 (size before relaxing)
 .eh_frame      0x000000000002a3b0       0xc0 obj_cooja/mtype752.a(rtimer-arch.o)
                                         0xd8 (size before relaxing)
 .eh_frame      0x000000000002a470      0x160 obj_cooja/mtype752.a(beep.o)
                                        0x178 (size before relaxing)
 .eh_frame      0x000000000002a5d0       0xa0 obj_cooja/mtype752.a(button-sensor.o)
                                         0xb8 (size before relaxing)
 .eh_frame      0x000000000002a670       0xa0 obj_cooja/mtype752.a(leds-arch.o)
                                         0xb8 (size before relaxing)
 .eh_frame      0x000000000002a710       0x40 obj_cooja/mtype752.a(moteid.o)
                                         0x58 (size before relaxing)
 .eh_frame      0x000000000002a750       0xa0 obj_cooja/mtype752.a(pir-sensor.o)
                                         0xb8 (size before relaxing)
 .eh_frame      0x000000000002a7f0      0x100 obj_cooja/mtype752.a(rs232.o)
                                        0x118 (size before relaxing)
 .eh_frame      0x000000000002a8f0       0xa0 obj_cooja/mtype752.a(vib-sensor.o)
                                         0xb8 (size before relaxing)
 .eh_frame      0x000000000002a990       0xc0 obj_cooja/mtype752.a(clock.o)
                                         0xd8 (size before relaxing)
 .eh_frame      0x000000000002aa50      0x120 obj_cooja/mtype752.a(log.o)
                                        0x138 (size before relaxing)
 .eh_frame      0x000000000002ab70      0x160 obj_cooja/mtype752.a(cfs-cooja.o)
                                        0x178 (size before relaxing)
 .eh_frame      0x000000000002acd0      0x2e0 obj_cooja/mtype752.a(cooja-radio.o)
                                        0x2f8 (size before relaxing)
 .eh_frame      0x000000000002afb0       0xa0 obj_cooja/mtype752.a(eeprom.o)
                                         0xb8 (size before relaxing)
 .eh_frame      0x000000000002b050       0x40 obj_cooja/mtype752.a(random.o)
                                         0x58 (size before relaxing)
 .eh_frame      0x000000000002b090       0xc0 obj_cooja/mtype752.a(sensors.o)
                                         0xd8 (size before relaxing)
 .eh_frame      0x000000000002b150      0x100 obj_cooja/mtype752.a(leds.o)
                                        0x118 (size before relaxing)
 .eh_frame      0x000000000002b250      0x160 obj_cooja/mtype752.a(dual_conf.o)
                                        0x178 (size before relaxing)
 .eh_frame      0x000000000002b3b0       0x40 obj_cooja/mtype752.a(autostart.o)
                                         0x58 (size before relaxing)
 .eh_frame      0x000000000002b3f0      0x100 obj_cooja/mtype752.a(ctimer.o)
                                        0x118 (size before relaxing)
 .eh_frame      0x000000000002b4f0      0x1e0 obj_cooja/mtype752.a(etimer.o)
                                        0x1f8 (size before relaxing)
 .eh_frame      0x000000000002b6d0       0x70 obj_cooja/mtype752.a(log_message.o)
                                         0x88 (size before relaxing)
 .eh_frame      0x000000000002b740      0x1c8 obj_cooja/mtype752.a(process.o)
                                        0x1e0 (size before relaxing)
 .eh_frame      0x000000000002b908       0x2c obj_cooja/mtype752.a(residual.o)
                                         0x44 (size before relaxing)
 .eh_frame      0x000000000002b934       0x60 obj_cooja/mtype752.a(rtimer.o)
                                         0x78 (size before relaxing)
 .eh_frame      0x000000000002b994       0xc4 obj_cooja/mtype752.a(stimer.o)
                                         0xdc (size before relaxing)
 .eh_frame      0x000000000002ba58       0xa4 obj_cooja/mtype752.a(timer.o)
                                         0xbc (size before relaxing)
 .eh_frame      0x000000000002bafc       0x60 obj_cooja/mtype752.a(serial-line.o)
                                         0x78 (size before relaxing)
 .eh_frame      0x000000000002bb5c      0x180 obj_cooja/mtype752.a(list.o)
                                        0x198 (size before relaxing)
 .eh_frame      0x000000000002bcdc       0xa0 obj_cooja/mtype752.a(ringbuf.o)
                                         0xb8 (size before relaxing)
 .eh_frame      0x000000000002bd7c      0x350 obj_cooja/mtype752.a(sicslowpan.o)
                                        0x368 (size before relaxing)
 .eh_frame      0x000000000002c0cc      0x180 obj_cooja/mtype752.a(uip-ds6-nbr.o)
                                        0x198 (size before relaxing)
 .eh_frame      0x000000000002c24c      0x2a0 obj_cooja/mtype752.a(uip-ds6-route.o)
                                        0x2b8 (size before relaxing)
 .eh_frame      0x000000000002c4ec      0x3c8 obj_cooja/mtype752.a(uip-ds6.o)
                                        0x3e0 (size before relaxing)
 .eh_frame      0x000000000002c8b4      0x25c obj_cooja/mtype752.a(uip6.o)
                                        0x274 (size before relaxing)
 .eh_frame      0x000000000002cb10      0x270 obj_cooja/mtype752.a(tcpip.o)
                                        0x288 (size before relaxing)
 .eh_frame      0x000000000002cd80       0x48 obj_cooja/mtype752.a(uip-debug.o)
                                         0x60 (size before relaxing)
 .eh_frame      0x000000000002cdc8       0xe0 obj_cooja/mtype752.a(uip-packetqueue)
                                         0xf8 (size before relaxing)
 .eh_frame      0x000000000002cea8       0x40 obj_cooja/mtype752.a(uip-udp-packet.)
                                         0x58 (size before relaxing)
 .eh_frame      0x000000000002cee8      0x74c obj_cooja/mtype752.a(rpl-dag.o)
                                        0x764 (size before relaxing)
 .eh_frame      0x000000000002d634      0x10c obj_cooja/mtype752.a(rpl-ext-header.)
                                        0x124 (size before relaxing)
 .eh_frame      0x000000000002d740      0x278 obj_cooja/mtype752.a(rpl-icmp6.o)
                                        0x290 (size before relaxing)
 .eh_frame      0x000000000002d9b8       0xa4 obj_cooja/mtype752.a(rpl-of0.o)
                                         0xbc (size before relaxing)
 .eh_frame      0x000000000002da5c      0x1ac obj_cooja/mtype752.a(rpl-timers.o)
                                        0x1c4 (size before relaxing)
 .eh_frame      0x000000000002dc08      0x140 obj_cooja/mtype752.a(rpl.o)
                                        0x158 (size before relaxing)
 .eh_frame      0x000000000002dd48      0x28c obj_cooja/mtype752.a(csma.o)
                                        0x2a4 (size before relaxing)
 .eh_frame      0x000000000002dfd4      0x108 obj_cooja/mtype752.a(framer-802154.o)
                                        0x120 (size before relaxing)
 .eh_frame      0x000000000002e0dc       0x20 obj_cooja/mtype752.a(mac.o)
                                         0x38 (size before relaxing)
 .eh_frame      0x000000000002e0fc      0x29c obj_cooja/mtype752.a(dualmac.o)
                                        0x2b4 (size before relaxing)
 .eh_frame      0x000000000002e398       0x80 obj_cooja/mtype752.a(linkaddr.o)
                                         0x98 (size before relaxing)
 .eh_frame      0x000000000002e418      0x2cc obj_cooja/mtype752.a(nbr-table.o)
                                        0x2e4 (size before relaxing)
 .eh_frame      0x000000000002e6e4       0x20 obj_cooja/mtype752.a(netstack.o)
                                         0x38 (size before relaxing)
 .eh_frame      0x000000000002e704      0x214 obj_cooja/mtype752.a(packetbuf.o)
                                        0x22c (size before relaxing)
 .eh_frame      0x000000000002e918      0x1a0 obj_cooja/mtype752.a(queuebuf.o)
                                        0x1b8 (size before relaxing)
 .eh_frame      0x000000000002eab8       0x80 obj_cooja/mtype752.a(nullsec.o)
                                         0x98 (size before relaxing)
 .eh_frame      0x000000000002eb38       0xa0 obj_cooja/mtype752.a(watchdog.o)
                                         0xb8 (size before relaxing)
 .eh_frame      0x000000000002ebd8       0xa0 obj_cooja/mtype752.a(memb.o)
                                         0xb8 (size before relaxing)
 .eh_frame      0x000000000002ec78      0x168 obj_cooja/mtype752.a(uip-icmp6.o)
                                        0x180 (size before relaxing)
 .eh_frame      0x000000000002ede0       0x68 obj_cooja/mtype752.a(uip-nd6.o)
                                         0x80 (size before relaxing)
 .eh_frame      0x000000000002ee48       0xc0 obj_cooja/mtype752.a(rpl-nbr-policy.)
                                         0xd8 (size before relaxing)
 .eh_frame      0x000000000002ef08      0x164 obj_cooja/mtype752.a(frame802154.o)
                                        0x17c (size before relaxing)
 .eh_frame      0x000000000002f06c        0x4 /usr/lib/gcc/i686-linux-gnu/4.8/crtendS.o

.gcc_except_table
 *(.gcc_except_table .gcc_except_table.*)

.exception_ranges
 *(.exception_ranges .exception_ranges*)
                0x000000000002f070                . = (ALIGN (0x1000) - ((0x1000 - .) & 0xfff))
                0x0000000000030ef8                . = DATA_SEGMENT_ALIGN (0x1000, 0x1000)

.eh_frame
 *(.eh_frame)

.gcc_except_table
 *(.gcc_except_table .gcc_except_table.*)

.exception_ranges
 *(.exception_ranges .exception_ranges*)

.tdata
 *(.tdata .tdata.* .gnu.linkonce.td.*)

.tbss
 *(.tbss .tbss.* .gnu.linkonce.tb.*)
 *(.tcommon)

.preinit_array
 *(.preinit_array)

.init_array     0x0000000000030ef8        0x4
 *(SORT(.init_array.*) SORT(.ctors.*))
 *(.init_array EXCLUDE_FILE(*crtend?.o *crtend.o *crtbegin?.o *crtbegin.o) .ctors)
 .init_array    0x0000000000030ef8        0x4 /usr/lib/gcc/i686-linux-gnu/4.8/crtbeginS.o

.fini_array     0x0000000000030efc        0x4
 *(SORT(.fini_array.*) SORT(.dtors.*))
 *(.fini_array EXCLUDE_FILE(*crtend?.o *crtend.o *crtbegin?.o *crtbegin.o) .dtors)
 .fini_array    0x0000000000030efc        0x4 /usr/lib/gcc/i686-linux-gnu/4.8/crtbeginS.o

.ctors
 *crtbegin.o(.ctors)
 *crtbegin?.o(.ctors)
 *(EXCLUDE_FILE(*crtend?.o *crtend.o) .ctors)
 *(SORT(.ctors.*))
 *(.ctors)

.dtors
 *crtbegin.o(.dtors)
 *crtbegin?.o(.dtors)
 *(EXCLUDE_FILE(*crtend?.o *crtend.o) .dtors)
 *(SORT(.dtors.*))
 *(.dtors)

.jcr            0x0000000000030f00        0x4
 *(.jcr)
 .jcr           0x0000000000030f00        0x0 /usr/lib/gcc/i686-linux-gnu/4.8/crtbeginS.o
 .jcr           0x0000000000030f00        0x4 /usr/lib/gcc/i686-linux-gnu/4.8/crtendS.o

.data.rel.ro
 *(.data.rel.ro.local* .gnu.linkonce.d.rel.ro.local.*)
 *(.data.rel.ro .data.rel.ro.* .gnu.linkonce.d.rel.ro.*)

.dynamic        0x0000000000030f04       0xe8
 *(.dynamic)
 .dynamic       0x0000000000030f04       0xe8 /usr/lib/gcc/i686-linux-gnu/4.8/../../../i386-linux-gnu/crti.o
                0x0000000000030f04                _DYNAMIC

.got            0x0000000000030fec       0x14
 *(.got)
 .got           0x0000000000030fec       0x14 /usr/lib/gcc/i686-linux-gnu/4.8/../../../i386-linux-gnu/crti.o
 *(.igot)
                0x0000000000031ff4                . = DATA_SEGMENT_RELRO_END (., (SIZEOF (.got.plt) >= 0xc)?0xc:0x0)

.got.plt        0x0000000000031000       0x14
 *(.got.plt)
 .got.plt       0x0000000000031000       0x14 /usr/lib/gcc/i686-linux-gnu/4.8/../../../i386-linux-gnu/crti.o
                0x0000000000031000                _GLOBAL_OFFSET_TABLE_
 *(.igot.plt)

.data           0x0000000000031020      0x29e
 *(.data .data.* .gnu.linkonce.d.*)
 .data          0x0000000000031020        0x0 /usr/lib/gcc/i686-linux-gnu/4.8/../../../i386-linux-gnu/crti.o
 .data          0x0000000000031020        0x0 /usr/lib/gcc/i686-linux-gnu/4.8/crtbeginS.o
 .data.rel      0x0000000000031020        0x4 /usr/lib/gcc/i686-linux-gnu/4.8/crtbeginS.o
                0x0000000000031020                __dso_handle
 .data          0x0000000000031024       0x15 udp-client.co
                0x0000000000031028                udp_client_process
 *fill*         0x0000000000031039        0x7 
 .data          0x0000000000031040       0x44 obj_cooja/mtype752.o
                0x0000000000031040                simInterfaces
                0x0000000000031074                sensors
 .data          0x0000000000031084        0x0 obj_cooja/mtype752.a(simEnvChange.o)
 .data          0x0000000000031084        0x0 obj_cooja/mtype752.a(cooja_mt.o)
 .data          0x0000000000031084        0x0 obj_cooja/mtype752.a(cooja_mtarch.o)
 .data          0x0000000000031084        0x0 obj_cooja/mtype752.a(rtimer-arch.o)
 .data          0x0000000000031084        0x0 obj_cooja/mtype752.a(beep.o)
 .data          0x0000000000031084        0x0 obj_cooja/mtype752.a(button-sensor.o)
 .data          0x0000000000031084        0x0 obj_cooja/mtype752.a(leds-arch.o)
 .data          0x0000000000031084        0x0 obj_cooja/mtype752.a(moteid.o)
 .data          0x0000000000031084        0x0 obj_cooja/mtype752.a(pir-sensor.o)
 .data          0x0000000000031084        0x0 obj_cooja/mtype752.a(rs232.o)
 .data          0x0000000000031084        0x0 obj_cooja/mtype752.a(vib-sensor.o)
 .data          0x0000000000031084        0x0 obj_cooja/mtype752.a(clock.o)
 .data          0x0000000000031084        0x0 obj_cooja/mtype752.a(log.o)
 .data          0x0000000000031084        0x0 obj_cooja/mtype752.a(cfs-cooja.o)
 .data          0x0000000000031084       0x40 obj_cooja/mtype752.a(cooja-radio.o)
                0x0000000000031084                simRadioChannelLR
                0x0000000000031088                simRadioHWOnLR
                0x000000000003108c                simSignalStrengthLR
                0x0000000000031090                simLastSignalStrengthLR
                0x0000000000031094                simPowerLR
                0x0000000000031098                simLQILR
                0x000000000003109c                simRadioChannel
                0x00000000000310a0                simRadioHWOn
                0x00000000000310a4                simSignalStrength
                0x00000000000310a8                simLastSignalStrength
                0x00000000000310ac                simPower
                0x00000000000310b0                simLQI
                0x00000000000310b4                cooja_radio_process
 .data          0x00000000000310c4        0x0 obj_cooja/mtype752.a(eeprom.o)
 .data          0x00000000000310c4        0x0 obj_cooja/mtype752.a(random.o)
 .data          0x00000000000310c4       0x10 obj_cooja/mtype752.a(sensors.o)
                0x00000000000310c4                sensors_process
 .data          0x00000000000310d4        0x0 obj_cooja/mtype752.a(leds.o)
 .data          0x00000000000310d4       0x24 obj_cooja/mtype752.a(dual_conf.o)
                0x00000000000310d4                radio_received
                0x00000000000310d8                dual_dio_broadcast
                0x00000000000310e8                dual_dis_broadcast
 .data          0x00000000000310f8        0x0 obj_cooja/mtype752.a(autostart.o)
 .data          0x00000000000310f8       0x14 obj_cooja/mtype752.a(ctimer.o)
                0x00000000000310fc                ctimer_process
 .data          0x000000000003110c       0x10 obj_cooja/mtype752.a(etimer.o)
                0x000000000003110c                etimer_process
 .data          0x000000000003111c        0x0 obj_cooja/mtype752.a(log_message.o)
 .data          0x000000000003111c        0x0 obj_cooja/mtype752.a(process.o)
 .data          0x000000000003111c        0x0 obj_cooja/mtype752.a(residual.o)
 .data          0x000000000003111c        0x0 obj_cooja/mtype752.a(rtimer.o)
 .data          0x000000000003111c        0x0 obj_cooja/mtype752.a(stimer.o)
 .data          0x000000000003111c        0x0 obj_cooja/mtype752.a(timer.o)
 .data          0x000000000003111c       0x10 obj_cooja/mtype752.a(serial-line.o)
                0x000000000003111c                serial_line_process
 .data          0x000000000003112c        0x0 obj_cooja/mtype752.a(list.o)
 .data          0x000000000003112c        0x0 obj_cooja/mtype752.a(ringbuf.o)
 .data          0x000000000003112c        0x0 obj_cooja/mtype752.a(sicslowpan.o)
 .data          0x000000000003112c       0x14 obj_cooja/mtype752.a(uip-ds6-nbr.o)
                0x000000000003113c                ds6_neighbors
 .data          0x0000000000031140       0x44 obj_cooja/mtype752.a(uip-ds6-route.o)
                0x0000000000031150                nbr_routes
 .data          0x0000000000031184        0x0 obj_cooja/mtype752.a(uip-ds6.o)
 .data          0x0000000000031184        0x0 obj_cooja/mtype752.a(uip6.o)
 .data          0x0000000000031184       0x10 obj_cooja/mtype752.a(tcpip.o)
                0x0000000000031184                tcpip_process
 .data          0x0000000000031194        0x0 obj_cooja/mtype752.a(uip-debug.o)
 .data          0x0000000000031194        0xc obj_cooja/mtype752.a(uip-packetqueue)
 .data          0x00000000000311a0        0x0 obj_cooja/mtype752.a(uip-udp-packet.)
 .data          0x00000000000311a0       0x28 obj_cooja/mtype752.a(rpl-dag.o)
                0x00000000000311b0                rpl_parents
                0x00000000000311c4                rpl_children
 .data          0x00000000000311c8        0x0 obj_cooja/mtype752.a(rpl-ext-header.)
 .data          0x00000000000311c8       0x34 obj_cooja/mtype752.a(rpl-icmp6.o)
 .data          0x00000000000311fc       0x1c obj_cooja/mtype752.a(rpl-of0.o)
                0x00000000000311fc                rpl_of0
 .data          0x0000000000031218        0x0 obj_cooja/mtype752.a(rpl-timers.o)
 .data          0x0000000000031218        0x0 obj_cooja/mtype752.a(rpl.o)
 .data          0x0000000000031218       0x28 obj_cooja/mtype752.a(csma.o)
 .data          0x0000000000031240        0x0 obj_cooja/mtype752.a(framer-802154.o)
 .data          0x0000000000031240        0x0 obj_cooja/mtype752.a(mac.o)
 .data          0x0000000000031240       0x30 obj_cooja/mtype752.a(dualmac.o)
                0x0000000000031240                dualmac_config
                0x0000000000031250                dualmac_long_config
                0x0000000000031260                strobe_wait
 .data          0x0000000000031270        0x0 obj_cooja/mtype752.a(linkaddr.o)
 .data          0x0000000000031270       0x10 obj_cooja/mtype752.a(nbr-table.o)
 .data          0x0000000000031280        0x0 obj_cooja/mtype752.a(netstack.o)
 .data          0x0000000000031280        0x4 obj_cooja/mtype752.a(packetbuf.o)
 .data          0x0000000000031284       0x18 obj_cooja/mtype752.a(queuebuf.o)
 .data          0x000000000003129c        0x0 obj_cooja/mtype752.a(nullsec.o)
 .data          0x000000000003129c        0x0 obj_cooja/mtype752.a(watchdog.o)
 .data          0x000000000003129c        0x0 obj_cooja/mtype752.a(rimestats.o)
 .data          0x000000000003129c        0x0 obj_cooja/mtype752.a(memb.o)
 .data          0x000000000003129c       0x20 obj_cooja/mtype752.a(uip-icmp6.o)
 .data          0x00000000000312bc        0x0 obj_cooja/mtype752.a(uip-nd6.o)
 .data          0x00000000000312bc        0x0 obj_cooja/mtype752.a(rpl-nbr-policy.)
 .data          0x00000000000312bc        0x2 obj_cooja/mtype752.a(frame802154.o)
 .data          0x00000000000312be        0x0 /usr/lib/gcc/i686-linux-gnu/4.8/crtendS.o
 .data          0x00000000000312be        0x0 /usr/lib/gcc/i686-linux-gnu/4.8/../../../i386-linux-gnu/crtn.o

.tm_clone_table
                0x00000000000312c0        0x0
 .tm_clone_table
                0x00000000000312c0        0x0 /usr/lib/gcc/i686-linux-gnu/4.8/crtbeginS.o
 .tm_clone_table
                0x00000000000312c0        0x0 /usr/lib/gcc/i686-linux-gnu/4.8/crtendS.o

.data1
 *(.data1)
                0x00000000000312c0                _edata = .
                0x00000000000312c0                PROVIDE (edata, .)
                0x00000000000312c0                . = .
                0x00000000000312c0                __bss_start = .

.bss            0x00000000000312c0     0xa848
 *(.dynbss)
 .dynbss        0x0000000000000000        0x0 /usr/lib/gcc/i686-linux-gnu/4.8/../../../i386-linux-gnu/crti.o
 *(.bss .bss.* .gnu.linkonce.b.*)
 .bss           0x00000000000312c0        0x0 /usr/lib/gcc/i686-linux-gnu/4.8/../../../i386-linux-gnu/crti.o
 .bss           0x00000000000312c0        0x1 /usr/lib/gcc/i686-linux-gnu/4.8/crtbeginS.o
 *fill*         0x00000000000312c1       0x1f 
 .bss           0x00000000000312e0       0x90 udp-client.co
 *fill*         0x0000000000031370       0x10 
 .bss           0x0000000000031380     0x2030 obj_cooja/mtype752.o
 .bss           0x00000000000333b0        0x1 obj_cooja/mtype752.a(simEnvChange.o)
                0x00000000000333b0                simDontFallAsleep
 *fill*         0x00000000000333b1        0x3 
 .bss           0x00000000000333b4        0x4 obj_cooja/mtype752.a(cooja_mt.o)
 .bss           0x00000000000333b8        0x4 obj_cooja/mtype752.a(cooja_mtarch.o)
 .bss           0x00000000000333bc        0xc obj_cooja/mtype752.a(rtimer-arch.o)
 .bss           0x00000000000333c8        0x0 obj_cooja/mtype752.a(beep.o)
 .bss           0x00000000000333c8        0x8 obj_cooja/mtype752.a(button-sensor.o)
 .bss           0x00000000000333d0        0x0 obj_cooja/mtype752.a(leds-arch.o)
 .bss           0x00000000000333d0        0x0 obj_cooja/mtype752.a(moteid.o)
 .bss           0x00000000000333d0        0x1 obj_cooja/mtype752.a(pir-sensor.o)
                0x00000000000333d0                simPirValue
 *fill*         0x00000000000333d1        0x3 
 .bss           0x00000000000333d4        0x4 obj_cooja/mtype752.a(rs232.o)
 .bss           0x00000000000333d8        0x1 obj_cooja/mtype752.a(vib-sensor.o)
                0x00000000000333d8                simVibValue
 .bss           0x00000000000333d9        0x0 obj_cooja/mtype752.a(clock.o)
 *fill*         0x00000000000333d9        0x7 
 .bss           0x00000000000333e0      0x420 obj_cooja/mtype752.a(log.o)
 .bss           0x0000000000033800      0xfc0 obj_cooja/mtype752.a(cfs-cooja.o)
                0x0000000000033800                simCFSData
                0x00000000000347a0                simCFSSize
                0x00000000000347a4                simCFSChanged
                0x00000000000347a8                simCFSRead
                0x00000000000347ac                simCFSWritten
 .bss           0x00000000000347c0       0x24 obj_cooja/mtype752.a(cooja-radio.o)
                0x00000000000347c0                simReceivingLR
                0x00000000000347c4                simInSizeLR
                0x00000000000347c8                simOutSizeLR
                0x00000000000347cc                simReceiving
                0x00000000000347d0                simInSize
                0x00000000000347d4                simOutSize
                0x00000000000347d8                LongRangeTransmit
                0x00000000000347dc                LongRangeReceiving
 .bss           0x00000000000347e4        0xc obj_cooja/mtype752.a(eeprom.o)
                0x00000000000347e4                simEEPROMChanged
                0x00000000000347e8                simEEPROMRead
                0x00000000000347ec                simEEPROMWritten
 .bss           0x00000000000347f0        0x0 obj_cooja/mtype752.a(random.o)
 .bss           0x00000000000347f0        0xc obj_cooja/mtype752.a(sensors.o)
 .bss           0x00000000000347fc        0x1 obj_cooja/mtype752.a(leds.o)
 *fill*         0x00000000000347fd        0x3 
 .bss           0x0000000000034800       0x28 obj_cooja/mtype752.a(dual_conf.o)
                0x0000000000034800                long_range_radio
 .bss           0x0000000000034828        0x0 obj_cooja/mtype752.a(autostart.o)
 .bss           0x0000000000034828        0x5 obj_cooja/mtype752.a(ctimer.o)
 *fill*         0x000000000003482d        0x3 
 .bss           0x0000000000034830        0x8 obj_cooja/mtype752.a(etimer.o)
 .bss           0x0000000000034838        0x0 obj_cooja/mtype752.a(log_message.o)
 *fill*         0x0000000000034838        0x8 
 .bss           0x0000000000034840      0x1b1 obj_cooja/mtype752.a(process.o)
                0x0000000000034840                process_list
                0x0000000000034844                process_current
 .bss           0x00000000000349f1        0x0 obj_cooja/mtype752.a(residual.o)
 *fill*         0x00000000000349f1        0x3 
 .bss           0x00000000000349f4        0x4 obj_cooja/mtype752.a(rtimer.o)
 .bss           0x00000000000349f8        0x0 obj_cooja/mtype752.a(stimer.o)
 .bss           0x00000000000349f8        0x0 obj_cooja/mtype752.a(timer.o)
 *fill*         0x00000000000349f8        0x8 
 .bss           0x0000000000034a00      0x140 obj_cooja/mtype752.a(serial-line.o)
 .bss           0x0000000000034b40        0x0 obj_cooja/mtype752.a(list.o)
 .bss           0x0000000000034b40        0x0 obj_cooja/mtype752.a(ringbuf.o)
 .bss           0x0000000000034b40      0x70c obj_cooja/mtype752.a(sicslowpan.o)
 *fill*         0x000000000003524c       0x14 
 .bss           0x0000000000035260      0x4b0 obj_cooja/mtype752.a(uip-ds6-nbr.o)
 *fill*         0x0000000000035710       0x10 
 .bss           0x0000000000035720      0x608 obj_cooja/mtype752.a(uip-ds6-route.o)
 .bss           0x0000000000035d28       0x30 obj_cooja/mtype752.a(uip-ds6.o)
 .bss           0x0000000000035d58        0xe obj_cooja/mtype752.a(uip6.o)
                0x0000000000035d58                uip_ext_bitmap
                0x0000000000035d59                uip_ext_len
                0x0000000000035d5a                uip_ext_opt_offset
 *fill*         0x0000000000035d66       0x1a 
 .bss           0x0000000000035d80       0x68 obj_cooja/mtype752.a(tcpip.o)
 .bss           0x0000000000035de8        0x0 obj_cooja/mtype752.a(uip-debug.o)
 *fill*         0x0000000000035de8       0x18 
 .bss           0x0000000000035e00      0xcf8 obj_cooja/mtype752.a(uip-packetqueue)
 .bss           0x0000000000036af8        0x0 obj_cooja/mtype752.a(uip-udp-packet.)
 *fill*         0x0000000000036af8        0x8 
 .bss           0x0000000000036b00      0x432 obj_cooja/mtype752.a(rpl-dag.o)
 .bss           0x0000000000036f32        0x0 obj_cooja/mtype752.a(rpl-ext-header.)
 .bss           0x0000000000036f32        0x0 obj_cooja/mtype752.a(rpl-icmp6.o)
 .bss           0x0000000000036f32        0x0 obj_cooja/mtype752.a(rpl-of0.o)
 *fill*         0x0000000000036f32        0xe 
 .bss           0x0000000000036f40       0x23 obj_cooja/mtype752.a(rpl-timers.o)
 *fill*         0x0000000000036f63        0x1 
 .bss           0x0000000000036f64        0x4 obj_cooja/mtype752.a(rpl.o)
 *fill*         0x0000000000036f68       0x18 
 .bss           0x0000000000036f80      0x348 obj_cooja/mtype752.a(csma.o)
 .bss           0x00000000000372c8        0x2 obj_cooja/mtype752.a(framer-802154.o)
 .bss           0x00000000000372ca        0x0 obj_cooja/mtype752.a(mac.o)
 *fill*         0x00000000000372ca       0x16 
 .bss           0x00000000000372e0       0x72 obj_cooja/mtype752.a(dualmac.o)
 .bss           0x0000000000037352        0x0 obj_cooja/mtype752.a(linkaddr.o)
 *fill*         0x0000000000037352        0xe 
 .bss           0x0000000000037360      0x35c obj_cooja/mtype752.a(nbr-table.o)
 .bss           0x00000000000376bc        0x0 obj_cooja/mtype752.a(netstack.o)
 *fill*         0x00000000000376bc        0x4 
 .bss           0x00000000000376c0       0xa0 obj_cooja/mtype752.a(packetbuf.o)
 .bss           0x0000000000037760      0xb80 obj_cooja/mtype752.a(queuebuf.o)
 .bss           0x00000000000382e0        0x0 obj_cooja/mtype752.a(nullsec.o)
 .bss           0x00000000000382e0        0x0 obj_cooja/mtype752.a(watchdog.o)
 .bss           0x00000000000382e0        0x0 obj_cooja/mtype752.a(rimestats.o)
 .bss           0x00000000000382e0        0x0 obj_cooja/mtype752.a(memb.o)
 .bss           0x00000000000382e0       0x18 obj_cooja/mtype752.a(uip-icmp6.o)
 .bss           0x00000000000382f8        0x0 obj_cooja/mtype752.a(uip-nd6.o)
 *fill*         0x00000000000382f8        0x8 
 .bss           0x0000000000038300       0x44 obj_cooja/mtype752.a(rpl-nbr-policy.)
 .bss           0x0000000000038344        0x0 obj_cooja/mtype752.a(frame802154.o)
 .bss           0x0000000000038344        0x0 /usr/lib/gcc/i686-linux-gnu/4.8/crtendS.o
 .bss           0x0000000000038344        0x0 /usr/lib/gcc/i686-linux-gnu/4.8/../../../i386-linux-gnu/crtn.o
 *(COMMON)
 *fill*         0x0000000000038344       0x1c 
 COMMON         0x0000000000038360     0x1505 udp-client.co
                0x0000000000038360                tree_level
                0x0000000000038364                dio_count
                0x0000000000038368                dis_count
                0x000000000003836c                csma_drop_count
                0x0000000000038370                tcp_output_count
                0x0000000000038374                rdc_retransmission_count
                0x0000000000038378                csma_transmission_count
                0x000000000003837c                dao_ack_fwd_count
                0x0000000000038380                COOJA_radioRxLong
                0x0000000000038384                avg_est_load
                0x0000000000038388                led_end
                0x0000000000038389                my_degree
                0x000000000003838c                rdc_collision_count
                0x0000000000038390                control_message_count
                0x0000000000038394                dao_count
                0x0000000000038398                icmp_count
                0x000000000003839c                energy_restore
                0x00000000000383a0                COOJA_radioTx
                0x00000000000383a4                dao_ack_count
                0x00000000000383a8                data_message_count
                0x00000000000383ac                dead
                0x00000000000383c0                id_count
                0x0000000000039748                join_instance
                0x000000000003974c                rdc_transmission_count
                0x0000000000039750                COOJA_radioTxLong
                0x0000000000039754                count_index
                0x0000000000039758                COOJA_radioRx
                0x000000000003975c                client_conn
                0x0000000000039760                COOJA_radioOn
                0x0000000000039780                id_array
                0x0000000000039848                LSA_count
                0x000000000003984c                dao_fwd_count
                0x0000000000039850                latest_id
                0x0000000000039854                COOJA_duration
                0x0000000000039858                dio_ack_count
                0x000000000003985c                COOJA_radioOnLong
                0x0000000000039860                data_fwd_count
                0x0000000000039864                init_phase
 *fill*         0x0000000000039865        0x3 
 COMMON         0x0000000000039868        0xc obj_cooja/mtype752.o
                0x0000000000039868                referenceVar
                0x000000000003986c                debugfp
                0x0000000000039870                sensors_flags
 COMMON         0x0000000000039874        0xc obj_cooja/mtype752.a(simEnvChange.o)
                0x0000000000039874                simEtimerPending
                0x0000000000039878                simProcessRunValue
                0x000000000003987c                simNextExpirationTime
 COMMON         0x0000000000039880        0x1 obj_cooja/mtype752.a(beep.o)
                0x0000000000039880                simBeeped
 COMMON         0x0000000000039881        0x3 obj_cooja/mtype752.a(button-sensor.o)
                0x0000000000039881                simButtonIsActive
                0x0000000000039882                simButtonIsDown
                0x0000000000039883                simButtonChanged
 COMMON         0x0000000000039884        0x1 obj_cooja/mtype752.a(leds-arch.o)
                0x0000000000039884                simLedsValue
 *fill*         0x0000000000039885        0x3 
 COMMON         0x0000000000039888        0xc obj_cooja/mtype752.a(moteid.o)
                0x0000000000039888                simRandomSeed
                0x000000000003988c                simMoteIDChanged
                0x0000000000039890                simMoteID
 COMMON         0x0000000000039894        0x2 obj_cooja/mtype752.a(pir-sensor.o)
                0x0000000000039894                simPirIsActive
                0x0000000000039895                simPirChanged
 *fill*         0x0000000000039896        0xa 
 COMMON         0x00000000000398a0      0x820 obj_cooja/mtype752.a(rs232.o)
                0x00000000000398a0                simSerialReceivingFlag
                0x00000000000398a4                simSerialReceivingLength
                0x00000000000398c0                simSerialReceivingData
 COMMON         0x000000000003a0c0        0x2 obj_cooja/mtype752.a(vib-sensor.o)
                0x000000000003a0c0                simVibChanged
                0x000000000003a0c1                simVibIsActive
 *fill*         0x000000000003a0c2        0x2 
 COMMON         0x000000000003a0c4        0x4 obj_cooja/mtype752.a(clock.o)
                0x000000000003a0c4                simCurrentTime
 *fill*         0x000000000003a0c8       0x18 
 COMMON         0x000000000003a0e0      0x420 obj_cooja/mtype752.a(log.o)
                0x000000000003a0e0                simLoggedLength
                0x000000000003a0e4                simLoggedFlag
                0x000000000003a100                simLoggedData
 COMMON         0x000000000003a500      0x260 obj_cooja/mtype752.a(cooja-radio.o)
                0x000000000003a500                simOutDataBuffer
                0x000000000003a580                simRadioTarget
                0x000000000003a5a0                simInDataBufferLR
                0x000000000003a620                packet_forwarding
                0x000000000003a640                simOutDataBufferLR
                0x000000000003a6c0                dual_duty_cycle_count
                0x000000000003a6e0                simInDataBuffer
 COMMON         0x000000000003a760      0x400 obj_cooja/mtype752.a(eeprom.o)
                0x000000000003a760                simEEPROMData
 COMMON         0x000000000003ab60        0x1 obj_cooja/mtype752.a(sensors.o)
                0x000000000003ab60                sensors_event
 *fill*         0x000000000003ab61        0x3 
 COMMON         0x000000000003ab64        0x4 obj_cooja/mtype752.a(log_message.o)
                0x000000000003ab64                log_fp
 COMMON         0x000000000003ab68        0x1 obj_cooja/mtype752.a(serial-line.o)
                0x000000000003ab68                serial_line_event_message
 *fill*         0x000000000003ab69       0x17 
 COMMON         0x000000000003ab80      0x1f4 obj_cooja/mtype752.a(uip-ds6-nbr.o)
                0x000000000003ab80                ds6_lr_addrmap
 *fill*         0x000000000003ad74        0xc 
 COMMON         0x000000000003ad80      0x298 obj_cooja/mtype752.a(uip-ds6.o)
                0x000000000003ad80                uip_ds6_prefix_list
                0x000000000003ade0                uip_ds6_timer_periodic
                0x000000000003adf0                uip_ds6_netif_addr_list_offset
                0x000000000003ae00                uip_ds6_if
                0x000000000003aef8                uip_ds6_timer_ra
                0x000000000003af00                uip_ds6_addr_size
                0x000000000003af20                long_uip_ds6_if
 *fill*         0x000000000003b018        0x8 
 COMMON         0x000000000003b020      0x8ec obj_cooja/mtype752.a(uip6.o)
                0x000000000003b020                uip_slen
                0x000000000003b022                uip_acc32
                0x000000000003b040                uip_conns
                0x000000000003b100                uip_lladdr
                0x000000000003b108                uip_appdata
                0x000000000003b10c                uip_flags
                0x000000000003b120                uip_aligned_buf
                0x000000000003b760                uip_listenports
                0x000000000003b770                uip_len
                0x000000000003b772                uip_long_lladdr
                0x000000000003b77c                uip_sappdata
                0x000000000003b780                uip_udp_conns
                0x000000000003b900                uip_udp_conn
                0x000000000003b904                uip_next_hdr
                0x000000000003b908                uip_conn
 COMMON         0x000000000003b90c        0x1 obj_cooja/mtype752.a(tcpip.o)
                0x000000000003b90c                tcpip_event
 *fill*         0x000000000003b90d       0x13 
 COMMON         0x000000000003b920      0x150 obj_cooja/mtype752.a(rpl-dag.o)
                0x000000000003b920                default_instance
                0x000000000003b940                instance_table
 COMMON         0x000000000003ba70       0x10 obj_cooja/mtype752.a(linkaddr.o)
                0x000000000003ba70                linkaddr_node_addr
                0x000000000003ba78                long_linkaddr_node_addr
 COMMON         0x000000000003ba80       0x2e obj_cooja/mtype752.a(packetbuf.o)
                0x000000000003ba80                packetbuf_attrs
                0x000000000003ba9e                packetbuf_addrs
 *fill*         0x000000000003baae       0x12 
 COMMON         0x000000000003bac0       0x48 obj_cooja/mtype752.a(rimestats.o)
                0x000000000003bac0                rimestats
                0x000000000003bb08                . = ALIGN ((. != 0x0)?0x4:0x1)
                0x000000000003bb08                . = ALIGN (0x4)
                0x000000000003bb08                . = SEGMENT_START ("ldata-segment", .)
                0x000000000003bb08                . = ALIGN (0x4)
                0x000000000003bb08                _end = .
                0x000000000003bb08                PROVIDE (end, .)
                0x000000000003bb08                . = DATA_SEGMENT_END (.)

.stab
 *(.stab)

.stabstr
 *(.stabstr)

.stab.excl
 *(.stab.excl)

.stab.exclstr
 *(.stab.exclstr)

.stab.index
 *(.stab.index)

.stab.indexstr
 *(.stab.indexstr)

.comment        0x0000000000000000       0x29
 *(.comment)
 .comment       0x0000000000000000       0x29 /usr/lib/gcc/i686-linux-gnu/4.8/crtbeginS.o
                                         0x2a (size before relaxing)
 .comment       0x0000000000000000       0x2a udp-client.co
 .comment       0x0000000000000000       0x2a obj_cooja/mtype752.o
 .comment       0x0000000000000000       0x2a obj_cooja/mtype752.a(simEnvChange.o)
 .comment       0x0000000000000000       0x2a obj_cooja/mtype752.a(cooja_mt.o)
 .comment       0x0000000000000000       0x2a obj_cooja/mtype752.a(cooja_mtarch.o)
 .comment       0x0000000000000000       0x2a obj_cooja/mtype752.a(rtimer-arch.o)
 .comment       0x0000000000000000       0x2a obj_cooja/mtype752.a(beep.o)
 .comment       0x0000000000000000       0x2a obj_cooja/mtype752.a(button-sensor.o)
 .comment       0x0000000000000000       0x2a obj_cooja/mtype752.a(leds-arch.o)
 .comment       0x0000000000000000       0x2a obj_cooja/mtype752.a(moteid.o)
 .comment       0x0000000000000000       0x2a obj_cooja/mtype752.a(pir-sensor.o)
 .comment       0x0000000000000000       0x2a obj_cooja/mtype752.a(rs232.o)
 .comment       0x0000000000000000       0x2a obj_cooja/mtype752.a(vib-sensor.o)
 .comment       0x0000000000000000       0x2a obj_cooja/mtype752.a(clock.o)
 .comment       0x0000000000000000       0x2a obj_cooja/mtype752.a(log.o)
 .comment       0x0000000000000000       0x2a obj_cooja/mtype752.a(cfs-cooja.o)
 .comment       0x0000000000000000       0x2a obj_cooja/mtype752.a(cooja-radio.o)
 .comment       0x0000000000000000       0x2a obj_cooja/mtype752.a(eeprom.o)
 .comment       0x0000000000000000       0x2a obj_cooja/mtype752.a(random.o)
 .comment       0x0000000000000000       0x2a obj_cooja/mtype752.a(sensors.o)
 .comment       0x0000000000000000       0x2a obj_cooja/mtype752.a(leds.o)
 .comment       0x0000000000000000       0x2a obj_cooja/mtype752.a(dual_conf.o)
 .comment       0x0000000000000000       0x2a obj_cooja/mtype752.a(autostart.o)
 .comment       0x0000000000000000       0x2a obj_cooja/mtype752.a(ctimer.o)
 .comment       0x0000000000000000       0x2a obj_cooja/mtype752.a(etimer.o)
 .comment       0x0000000000000000       0x2a obj_cooja/mtype752.a(log_message.o)
 .comment       0x0000000000000000       0x2a obj_cooja/mtype752.a(process.o)
 .comment       0x0000000000000000       0x2a obj_cooja/mtype752.a(residual.o)
 .comment       0x0000000000000000       0x2a obj_cooja/mtype752.a(rtimer.o)
 .comment       0x0000000000000000       0x2a obj_cooja/mtype752.a(stimer.o)
 .comment       0x0000000000000000       0x2a obj_cooja/mtype752.a(timer.o)
 .comment       0x0000000000000000       0x2a obj_cooja/mtype752.a(serial-line.o)
 .comment       0x0000000000000000       0x2a obj_cooja/mtype752.a(list.o)
 .comment       0x0000000000000000       0x2a obj_cooja/mtype752.a(ringbuf.o)
 .comment       0x0000000000000000       0x2a obj_cooja/mtype752.a(sicslowpan.o)
 .comment       0x0000000000000000       0x2a obj_cooja/mtype752.a(uip-ds6-nbr.o)
 .comment       0x0000000000000000       0x2a obj_cooja/mtype752.a(uip-ds6-route.o)
 .comment       0x0000000000000000       0x2a obj_cooja/mtype752.a(uip-ds6.o)
 .comment       0x0000000000000000       0x2a obj_cooja/mtype752.a(uip6.o)
 .comment       0x0000000000000000       0x2a obj_cooja/mtype752.a(tcpip.o)
 .comment       0x0000000000000000       0x2a obj_cooja/mtype752.a(uip-debug.o)
 .comment       0x0000000000000000       0x2a obj_cooja/mtype752.a(uip-packetqueue)
 .comment       0x0000000000000000       0x2a obj_cooja/mtype752.a(uip-udp-packet.)
 .comment       0x0000000000000000       0x2a obj_cooja/mtype752.a(rpl-dag.o)
 .comment       0x0000000000000000       0x2a obj_cooja/mtype752.a(rpl-ext-header.)
 .comment       0x0000000000000000       0x2a obj_cooja/mtype752.a(rpl-icmp6.o)
 .comment       0x0000000000000000       0x2a obj_cooja/mtype752.a(rpl-of0.o)
 .comment       0x0000000000000000       0x2a obj_cooja/mtype752.a(rpl-timers.o)
 .comment       0x0000000000000000       0x2a obj_cooja/mtype752.a(rpl.o)
 .comment       0x0000000000000000       0x2a obj_cooja/mtype752.a(csma.o)
 .comment       0x0000000000000000       0x2a obj_cooja/mtype752.a(framer-802154.o)
 .comment       0x0000000000000000       0x2a obj_cooja/mtype752.a(mac.o)
 .comment       0x0000000000000000       0x2a obj_cooja/mtype752.a(dualmac.o)
 .comment       0x0000000000000000       0x2a obj_cooja/mtype752.a(linkaddr.o)
 .comment       0x0000000000000000       0x2a obj_cooja/mtype752.a(nbr-table.o)
 .comment       0x0000000000000000       0x2a obj_cooja/mtype752.a(netstack.o)
 .comment       0x0000000000000000       0x2a obj_cooja/mtype752.a(packetbuf.o)
 .comment       0x0000000000000000       0x2a obj_cooja/mtype752.a(queuebuf.o)
 .comment       0x0000000000000000       0x2a obj_cooja/mtype752.a(nullsec.o)
 .comment       0x0000000000000000       0x2a obj_cooja/mtype752.a(watchdog.o)
 .comment       0x0000000000000000       0x2a obj_cooja/mtype752.a(rimestats.o)
 .comment       0x0000000000000000       0x2a obj_cooja/mtype752.a(memb.o)
 .comment       0x0000000000000000       0x2a obj_cooja/mtype752.a(uip-icmp6.o)
 .comment       0x0000000000000000       0x2a obj_cooja/mtype752.a(uip-nd6.o)
 .comment       0x0000000000000000       0x2a obj_cooja/mtype752.a(rpl-nbr-policy.)
 .comment       0x0000000000000000       0x2a obj_cooja/mtype752.a(frame802154.o)
 .comment       0x0000000000000000       0x2a /usr/lib/gcc/i686-linux-gnu/4.8/crtendS.o

.debug
 *(.debug)

.line
 *(.line)

.debug_srcinfo
 *(.debug_srcinfo)

.debug_sfnames
 *(.debug_sfnames)

.debug_aranges  0x0000000000000000      0x838
 *(.debug_aranges)
 .debug_aranges
                0x0000000000000000       0x20 udp-client.co
 .debug_aranges
                0x0000000000000020       0x20 obj_cooja/mtype752.o
 .debug_aranges
                0x0000000000000040       0x20 obj_cooja/mtype752.a(simEnvChange.o)
 .debug_aranges
                0x0000000000000060       0x20 obj_cooja/mtype752.a(cooja_mt.o)
 .debug_aranges
                0x0000000000000080       0x20 obj_cooja/mtype752.a(cooja_mtarch.o)
 .debug_aranges
                0x00000000000000a0       0x20 obj_cooja/mtype752.a(rtimer-arch.o)
 .debug_aranges
                0x00000000000000c0       0x20 obj_cooja/mtype752.a(beep.o)
 .debug_aranges
                0x00000000000000e0       0x20 obj_cooja/mtype752.a(button-sensor.o)
 .debug_aranges
                0x0000000000000100       0x20 obj_cooja/mtype752.a(leds-arch.o)
 .debug_aranges
                0x0000000000000120       0x20 obj_cooja/mtype752.a(moteid.o)
 .debug_aranges
                0x0000000000000140       0x20 obj_cooja/mtype752.a(pir-sensor.o)
 .debug_aranges
                0x0000000000000160       0x20 obj_cooja/mtype752.a(rs232.o)
 .debug_aranges
                0x0000000000000180       0x20 obj_cooja/mtype752.a(vib-sensor.o)
 .debug_aranges
                0x00000000000001a0       0x20 obj_cooja/mtype752.a(clock.o)
 .debug_aranges
                0x00000000000001c0       0x20 obj_cooja/mtype752.a(log.o)
 .debug_aranges
                0x00000000000001e0       0x20 obj_cooja/mtype752.a(cfs-cooja.o)
 .debug_aranges
                0x0000000000000200       0x20 obj_cooja/mtype752.a(cooja-radio.o)
 .debug_aranges
                0x0000000000000220       0x20 obj_cooja/mtype752.a(eeprom.o)
 .debug_aranges
                0x0000000000000240       0x20 obj_cooja/mtype752.a(random.o)
 .debug_aranges
                0x0000000000000260       0x20 obj_cooja/mtype752.a(sensors.o)
 .debug_aranges
                0x0000000000000280       0x20 obj_cooja/mtype752.a(leds.o)
 .debug_aranges
                0x00000000000002a0       0x20 obj_cooja/mtype752.a(dual_conf.o)
 .debug_aranges
                0x00000000000002c0       0x20 obj_cooja/mtype752.a(autostart.o)
 .debug_aranges
                0x00000000000002e0       0x20 obj_cooja/mtype752.a(ctimer.o)
 .debug_aranges
                0x0000000000000300       0x20 obj_cooja/mtype752.a(etimer.o)
 .debug_aranges
                0x0000000000000320       0x20 obj_cooja/mtype752.a(log_message.o)
 .debug_aranges
                0x0000000000000340       0x20 obj_cooja/mtype752.a(process.o)
 .debug_aranges
                0x0000000000000360       0x20 obj_cooja/mtype752.a(residual.o)
 .debug_aranges
                0x0000000000000380       0x20 obj_cooja/mtype752.a(rtimer.o)
 .debug_aranges
                0x00000000000003a0       0x20 obj_cooja/mtype752.a(stimer.o)
 .debug_aranges
                0x00000000000003c0       0x20 obj_cooja/mtype752.a(timer.o)
 .debug_aranges
                0x00000000000003e0       0x20 obj_cooja/mtype752.a(serial-line.o)
 .debug_aranges
                0x0000000000000400       0x20 obj_cooja/mtype752.a(list.o)
 .debug_aranges
                0x0000000000000420       0x20 obj_cooja/mtype752.a(ringbuf.o)
 .debug_aranges
                0x0000000000000440       0x20 obj_cooja/mtype752.a(sicslowpan.o)
 .debug_aranges
                0x0000000000000460       0x20 obj_cooja/mtype752.a(uip-ds6-nbr.o)
 .debug_aranges
                0x0000000000000480       0x20 obj_cooja/mtype752.a(uip-ds6-route.o)
 .debug_aranges
                0x00000000000004a0       0x20 obj_cooja/mtype752.a(uip-ds6.o)
 .debug_aranges
                0x00000000000004c0       0x20 obj_cooja/mtype752.a(uip6.o)
 .debug_aranges
                0x00000000000004e0       0x20 obj_cooja/mtype752.a(tcpip.o)
 .debug_aranges
                0x0000000000000500       0x20 obj_cooja/mtype752.a(uip-debug.o)
 .debug_aranges
                0x0000000000000520       0x20 obj_cooja/mtype752.a(uip-packetqueue)
 .debug_aranges
                0x0000000000000540       0x20 obj_cooja/mtype752.a(uip-udp-packet.)
 .debug_aranges
                0x0000000000000560       0x20 obj_cooja/mtype752.a(rpl-dag.o)
 .debug_aranges
                0x0000000000000580       0x20 obj_cooja/mtype752.a(rpl-ext-header.)
 .debug_aranges
                0x00000000000005a0       0x20 obj_cooja/mtype752.a(rpl-icmp6.o)
 .debug_aranges
                0x00000000000005c0       0x20 obj_cooja/mtype752.a(rpl-of0.o)
 .debug_aranges
                0x00000000000005e0       0x20 obj_cooja/mtype752.a(rpl-timers.o)
 .debug_aranges
                0x0000000000000600       0x20 obj_cooja/mtype752.a(rpl.o)
 .debug_aranges
                0x0000000000000620       0x20 obj_cooja/mtype752.a(csma.o)
 .debug_aranges
                0x0000000000000640       0x20 obj_cooja/mtype752.a(framer-802154.o)
 .debug_aranges
                0x0000000000000660       0x20 obj_cooja/mtype752.a(mac.o)
 .debug_aranges
                0x0000000000000680       0x20 obj_cooja/mtype752.a(dualmac.o)
 .debug_aranges
                0x00000000000006a0       0x20 obj_cooja/mtype752.a(linkaddr.o)
 .debug_aranges
                0x00000000000006c0       0x20 obj_cooja/mtype752.a(nbr-table.o)
 .debug_aranges
                0x00000000000006e0       0x20 obj_cooja/mtype752.a(netstack.o)
 .debug_aranges
                0x0000000000000700       0x20 obj_cooja/mtype752.a(packetbuf.o)
 .debug_aranges
                0x0000000000000720       0x20 obj_cooja/mtype752.a(queuebuf.o)
 .debug_aranges
                0x0000000000000740       0x20 obj_cooja/mtype752.a(nullsec.o)
 .debug_aranges