Archive member included to satisfy reference by file (symbol)

obj_cooja/mtype469.a(simEnvChange.o)
                              obj_cooja/mtype469.o (simDontFallAsleep)
obj_cooja/mtype469.a(cooja_mt.o)
                              obj_cooja/mtype469.o (cooja_mt_start)
obj_cooja/mtype469.a(cooja_mtarch.o)
                              obj_cooja/mtype469.a(cooja_mt.o) (cooja_mtarch_init)
obj_cooja/mtype469.a(rtimer-arch.o)
                              obj_cooja/mtype469.o (rtimer_arch_next)
obj_cooja/mtype469.a(beep.o)  obj_cooja/mtype469.o (beep_interface)
obj_cooja/mtype469.a(button-sensor.o)
                              obj_cooja/mtype469.o (button_interface)
obj_cooja/mtype469.a(leds-arch.o)
                              obj_cooja/mtype469.o (leds_interface)
obj_cooja/mtype469.a(moteid.o)
                              obj_cooja/mtype469.o (moteid_interface)
obj_cooja/mtype469.a(pir-sensor.o)
                              obj_cooja/mtype469.o (pir_interface)
obj_cooja/mtype469.a(rs232.o)
                              obj_cooja/mtype469.o (rs232_interface)
obj_cooja/mtype469.a(vib-sensor.o)
                              obj_cooja/mtype469.o (vib_interface)
obj_cooja/mtype469.a(clock.o)
                              obj_cooja/mtype469.o (clock_interface)
obj_cooja/mtype469.a(log.o)   obj_cooja/mtype469.o (simlog_interface)
obj_cooja/mtype469.a(cfs-cooja.o)
                              obj_cooja/mtype469.o (cfs_interface)
obj_cooja/mtype469.a(cooja-radio.o)
                              obj_cooja/mtype469.o (radio_interface)
obj_cooja/mtype469.a(eeprom.o)
                              obj_cooja/mtype469.o (eeprom_interface)
obj_cooja/mtype469.a(random.o)
                              obj_cooja/mtype469.a(moteid.o) (random_init)
obj_cooja/mtype469.a(sensors.o)
                              obj_cooja/mtype469.o (sensors_process)
obj_cooja/mtype469.a(leds.o)  obj_cooja/mtype469.a(cooja-radio.o) (leds_on)
obj_cooja/mtype469.a(dual_conf.o)
                              obj_cooja/mtype469.a(cooja-radio.o) (long_range_radio)
obj_cooja/mtype469.a(autostart.o)
                              obj_cooja/mtype469.o (autostart_start)
obj_cooja/mtype469.a(ctimer.o)
                              obj_cooja/mtype469.o (ctimer_init)
obj_cooja/mtype469.a(etimer.o)
                              obj_cooja/mtype469.o (etimer_process)
obj_cooja/mtype469.a(log_message.o)
                              udp-client.co (log_fp)
obj_cooja/mtype469.a(process.o)
                              udp-client.co (process_current)
obj_cooja/mtype469.a(residual.o)
                              udp-client.co (DISSIPATION_RATE)
obj_cooja/mtype469.a(rtimer.o)
                              obj_cooja/mtype469.a(rtimer-arch.o) (rtimer_run_next)
obj_cooja/mtype469.a(stimer.o)
                              udp-client.co (stimer_remaining)
obj_cooja/mtype469.a(timer.o)
                              obj_cooja/mtype469.a(button-sensor.o) (timer_set)
obj_cooja/mtype469.a(serial-line.o)
                              udp-client.co (serial_line_event_message)
obj_cooja/mtype469.a(list.o)  obj_cooja/mtype469.a(ctimer.o) (list_init)
obj_cooja/mtype469.a(ringbuf.o)
                              obj_cooja/mtype469.a(serial-line.o) (ringbuf_init)
obj_cooja/mtype469.a(sicslowpan.o)
                              obj_cooja/mtype469.o (sicslowpan_driver)
obj_cooja/mtype469.a(uip-ds6-nbr.o)
                              obj_cooja/mtype469.a(sicslowpan.o) (uip_ds6_link_neighbor_callback)
obj_cooja/mtype469.a(uip-ds6-route.o)
                              udp-client.co (uip_ds6_route_nexthop)
obj_cooja/mtype469.a(uip-ds6.o)
                              udp-client.co (uip_ds6_if)
obj_cooja/mtype469.a(uip6.o)  udp-client.co (uip_lladdr)
obj_cooja/mtype469.a(tcpip.o)
                              udp-client.co (tcpip_event)
obj_cooja/mtype469.a(uip-debug.o)
                              udp-client.co (uip_debug_ipaddr_print)
obj_cooja/mtype469.a(uip-packetqueue)
                              obj_cooja/mtype469.a(uip-ds6-nbr.o) (uip_packetqueue_new)
obj_cooja/mtype469.a(uip-udp-packet.)
                              udp-client.co (uip_udp_packet_sendto)
obj_cooja/mtype469.a(rpl-dag.o)
                              udp-client.co (rpl_parents)
obj_cooja/mtype469.a(rpl-ext-header.)
                              obj_cooja/mtype469.a(uip6.o) (rpl_verify_header)
obj_cooja/mtype469.a(rpl-icmp6.o)
                              obj_cooja/mtype469.a(rpl-dag.o) (rpl_icmp6_update_nbr_table)
obj_cooja/mtype469.a(rpl-of0.o)
                              obj_cooja/mtype469.a(rpl-dag.o) (rpl_of0)
obj_cooja/mtype469.a(rpl-timers.o)
                              obj_cooja/mtype469.a(rpl-dag.o) (rpl_reset_dio_timer)
obj_cooja/mtype469.a(rpl.o)   obj_cooja/mtype469.a(rpl-icmp6.o) (rpl_get_mode)
obj_cooja/mtype469.a(csma.o)  udp-client.co (csma_driver)
obj_cooja/mtype469.a(framer-802154.o)
                              obj_cooja/mtype469.a(sicslowpan.o) (framer_802154)
[...]
Memory Configuration

Name             Origin             Length             Attributes
*default*        0x0000000000000000 0xffffffffffffffff

Linker script and memory map

LOAD /usr/lib/gcc/i686-linux-gnu/4.8/../../../i386-linux-gnu/crti.o
LOAD /usr/lib/gcc/i686-linux-gnu/4.8/crtbeginS.o
LOAD udp-client.co
LOAD obj_cooja/mtype469.o
LOAD obj_cooja/mtype469.a
LOAD /usr/lib/gcc/i686-linux-gnu/4.8/libgcc.a
LOAD /usr/lib/gcc/i686-linux-gnu/4.8/libgcc_s.so
LOAD /usr/lib/gcc/i686-linux-gnu/4.8/../../../i386-linux-gnu/libc.so
START GROUP
LOAD /lib/i386-linux-gnu/libc.so.6
LOAD /usr/lib/i386-linux-gnu/libc_nonshared.a
LOAD /lib/i386-linux-gnu/ld-linux.so.2
END GROUP
LOAD /usr/lib/gcc/i686-linux-gnu/4.8/libgcc.a
LOAD /usr/lib/gcc/i686-linux-gnu/4.8/libgcc_s.so
LOAD /usr/lib/gcc/i686-linux-gnu/4.8/crtendS.o
LOAD /usr/lib/gcc/i686-linux-gnu/4.8/../../../i386-linux-gnu/crtn.o
                0x0000000000000114                . = (0x0 + SIZEOF_HEADERS)

.note.gnu.build-id
                0x0000000000000114       0x24
 *(.note.gnu.build-id)
 .note.gnu.build-id
                0x0000000000000114       0x24 /usr/lib/gcc/i686-linux-gnu/4.8/../../../i386-linux-gnu/crti.o

.hash
 *(.hash)

.gnu.hash       0x0000000000000138     0x13c0
 *(.gnu.hash)
 .gnu.hash      0x0000000000000138     0x13c0 /usr/lib/gcc/i686-linux-gnu/4.8/../../../i386-linux-gnu/crti.o

.dynsym         0x00000000000014f8     0x2790
 *(.dynsym)
 .dynsym        0x00000000000014f8     0x2790 /usr/lib/gcc/i686-linux-gnu/4.8/../../../i386-linux-gnu/crti.o

.dynstr         0x0000000000003c88     0x282b
 *(.dynstr)
 .dynstr        0x0000000000003c88     0x282b /usr/lib/gcc/i686-linux-gnu/4.8/../../../i386-linux-gnu/crti.o

.gnu.version    0x00000000000064b4      0x4f2
 *(.gnu.version)
 .gnu.version   0x00000000000064b4      0x4f2 /usr/lib/gcc/i686-linux-gnu/4.8/../../../i386-linux-gnu/crti.o

.gnu.version_d  0x00000000000069a8        0x0
 *(.gnu.version_d)
 .gnu.version_d
                0x0000000000000000        0x0 /usr/lib/gcc/i686-linux-gnu/4.8/../../../i386-linux-gnu/crti.o

.gnu.version_r  0x00000000000069a8       0x50
 *(.gnu.version_r)
 .gnu.version_r
                0x00000000000069a8       0x50 /usr/lib/gcc/i686-linux-gnu/4.8/../../../i386-linux-gnu/crti.o

.rel.dyn        0x00000000000069f8     0x9d20
 *(.rel.init)
 .rel.init      0x0000000000000000        0x0 /usr/lib/gcc/i686-linux-gnu/4.8/../../../i386-linux-gnu/crti.o
 *(.rel.text .rel.text.* .rel.gnu.linkonce.t.*)
 .rel.text      0x00000000000069f8     0x9568 /usr/lib/gcc/i686-linux-gnu/4.8/../../../i386-linux-gnu/crti.o
 *(.rel.fini)
 .rel.fini      0x0000000000000000        0x0 /usr/lib/gcc/i686-linux-gnu/4.8/../../../i386-linux-gnu/crti.o
 *(.rel.rodata .rel.rodata.* .rel.gnu.linkonce.r.*)
 .rel.rodata    0x000000000000ff60      0x4e0 /usr/lib/gcc/i686-linux-gnu/4.8/../../../i386-linux-gnu/crti.o
 *(.rel.data.rel.ro .rel.data.rel.ro.* .rel.gnu.linkonce.d.rel.ro.*)
 *(.rel.data .rel.data.* .rel.gnu.linkonce.d.*)
 .rel.data.rel  0x0000000000010440        0x8 /usr/lib/gcc/i686-linux-gnu/4.8/../../../i386-linux-gnu/crti.o
 .rel.data      0x0000000000010448      0x298 /usr/lib/gcc/i686-linux-gnu/4.8/../../../i386-linux-gnu/crti.o
 *(.rel.tdata .rel.tdata.* .rel.gnu.linkonce.td.*)
 *(.rel.tbss .rel.tbss.* .rel.gnu.linkonce.tb.*)
 *(.rel.ctors)
 *(.rel.dtors)
 *(.rel.got)
 .rel.got       0x00000000000106e0       0x28 /usr/lib/gcc/i686-linux-gnu/4.8/../../../i386-linux-gnu/crti.o
 *(.rel.bss .rel.bss.* .rel.gnu.linkonce.b.*)
 *(.rel.ifunc)
 .rel.ifunc     0x0000000000000000        0x0 /usr/lib/gcc/i686-linux-gnu/4.8/../../../i386-linux-gnu/crti.o
 .rel.fini_array
                0x0000000000010708        0x8 /usr/lib/gcc/i686-linux-gnu/4.8/../../../i386-linux-gnu/crti.o
 .rel.init_array
                0x0000000000010710        0x8 /usr/lib/gcc/i686-linux-gnu/4.8/../../../i386-linux-gnu/crti.o

.rel.plt        0x0000000000010718       0x10
 *(.rel.plt)
 .rel.plt       0x0000000000010718       0x10 /usr/lib/gcc/i686-linux-gnu/4.8/../../../i386-linux-gnu/crti.o
 *(.rel.iplt)

.init           0x0000000000010728       0x23
 *(SORT(.init))
 .init          0x0000000000010728       0x1e /usr/lib/gcc/i686-linux-gnu/4.8/../../../i386-linux-gnu/crti.o
                0x0000000000010728                _init
 .init          0x0000000000010746        0x5 /usr/lib/gcc/i686-linux-gnu/4.8/../../../i386-linux-gnu/crtn.o

.plt            0x0000000000010750       0x30
 *(.plt)
 .plt           0x0000000000010750       0x30 /usr/lib/gcc/i686-linux-gnu/4.8/../../../i386-linux-gnu/crti.o
 *(.iplt)

.text           0x0000000000010780    0x177ac
 *(.text.unlikely .text.*_unlikely .text.unlikely.*)
 *(.text.exit .text.exit.*)
 *(.text.startup .text.startup.*)
 *(.text.hot .text.hot.*)
 *(.text .stub .text.* .gnu.linkonce.t.*)
 .text          0x0000000000010780        0x0 /usr/lib/gcc/i686-linux-gnu/4.8/../../../i386-linux-gnu/crti.o
 .gnu.linkonce.t.__x86.get_pc_thunk.bx
                0x0000000000010780        0x4 /usr/lib/gcc/i686-linux-gnu/4.8/../../../i386-linux-gnu/crti.o
                0x0000000000010780                __x86.get_pc_thunk.bx
 *fill*         0x0000000000010784        0xc 
 .text          0x0000000000010790      0x11b /usr/lib/gcc/i686-linux-gnu/4.8/crtbeginS.o
 .text          0x00000000000108ab      0xec2 udp-client.co
                0x0000000000011365                polling
 .text          0x000000000001176d      0x9c8 obj_cooja/mtype469.o
                0x000000000001191b                contiki_init
                0x0000000000011f4c                Java_org_contikios_cooja_corecomm_Lib2_init
                0x0000000000011f8c                Java_org_contikios_cooja_corecomm_Lib2_getMemory
                0x0000000000011fcc                Java_org_contikios_cooja_corecomm_Lib2_setMemory
                0x0000000000012043                Java_org_contikios_cooja_corecomm_Lib2_tick
                0x0000000000012123                Java_org_contikios_cooja_corecomm_Lib2_setReferenceAddress
 .text          0x0000000000012135       0x63 obj_cooja/mtype469.a(simEnvChange.o)
                0x0000000000012135                doActionsBeforeTick
                0x0000000000012166                doActionsAfterTick
 .text          0x0000000000012198       0xbc obj_cooja/mtype469.a(cooja_mt.o)
                0x0000000000012198                cooja_mt_init
                0x00000000000121a5                cooja_mt_remove
                0x00000000000121b2                cooja_mt_start
                0x00000000000121df                cooja_mt_exec
                0x0000000000012210                cooja_mt_exit
                0x0000000000012232                cooja_mt_yield
 .text          0x0000000000012254      0x115 obj_cooja/mtype469.a(cooja_mtarch.o)
                0x0000000000012254                cooja_mtarch_init
                0x0000000000012259                cooja_mtarch_start
                0x00000000000122d4                cooja_sw
                0x00000000000122f6                cooja_mtarch_exec
                0x0000000000012312                cooja_mtarch_remove
                0x0000000000012317                cooja_mtarch_yield
                0x0000000000012321                cooja_mtarch_pstop
                0x0000000000012326                cooja_mtarch_pstart
                0x000000000001232b                cooja_mtarch_stack_usage
 .text          0x0000000000012369       0xc2 obj_cooja/mtype469.a(rtimer-arch.o)
                0x0000000000012369                rtimer_arch_init
                0x000000000001238c                rtimer_arch_schedule
                0x00000000000123a3                rtimer_arch_next
                0x00000000000123ad                rtimer_arch_pending
                0x00000000000123b7                rtimer_arch_check
                0x00000000000123e9                rtimer_arch_now
 .text          0x000000000001242b       0x76 obj_cooja/mtype469.a(beep.o)
                0x000000000001242b                beep_alarm
                0x0000000000012437                beep_beep
                0x0000000000012443                beep
                0x000000000001244f                beep_down
                0x000000000001245b                beep_on
                0x0000000000012467                beep_off
                0x0000000000012473                beep_spinup
                0x000000000001247f                beep_quick
                0x000000000001248b                beep_long
 .text          0x00000000000124a1      0x103 obj_cooja/mtype469.a(button-sensor.o)
 .text          0x00000000000125a4       0x45 obj_cooja/mtype469.a(leds-arch.o)
                0x00000000000125a4                leds_arch_init
                0x00000000000125b0                leds_arch_get
                0x00000000000125bc                leds_arch_set
 .text          0x00000000000125e9       0x2f obj_cooja/mtype469.a(moteid.o)
 .text          0x0000000000012618       0xb1 obj_cooja/mtype469.a(pir-sensor.o)
 .text          0x00000000000126c9      0x131 obj_cooja/mtype469.a(rs232.o)
                0x00000000000126c9                rs232_init
                0x00000000000126ce                rs232_set_speed
                0x00000000000126dc                rs232_set_input
                0x00000000000126e9                rs232_send
                0x000000000001270b                rs232_print
                0x0000000000012726                slip_arch_writeb
 .text          0x00000000000127fa       0xb1 obj_cooja/mtype469.a(vib-sensor.o)
 .text          0x00000000000128ab       0x34 obj_cooja/mtype469.a(clock.o)
                0x00000000000128ab                clock_init
                0x00000000000128b0                clock_time
                0x00000000000128ba                clock_seconds
                0x00000000000128d0                clock_delay
 .text          0x00000000000128df      0x1ed obj_cooja/mtype469.a(log.o)
                0x00000000000128df                simlog_char
                0x0000000000012921                simlog
                0x000000000001298e                log_message
                0x00000000000129b6                log_set_putchar_with_slip
                0x00000000000129c3                log_putchar
                0x0000000000012a47                log_puts
                0x0000000000012a6b                log_printf
 .text          0x0000000000012acc      0x2c4 obj_cooja/mtype469.a(cfs-cooja.o)
                0x0000000000012acc                cfs_open
                0x0000000000012b35                cfs_close
                0x0000000000012b41                cfs_read
                0x0000000000012bdf                cfs_write
                0x0000000000012cbc                cfs_seek
                0x0000000000012d44                cfs_remove
                0x0000000000012d6d                cfs_opendir
                0x0000000000012d77                cfs_readdir
                0x0000000000012d81                cfs_closedir
 .text          0x0000000000012d90      0x793 obj_cooja/mtype469.a(cooja-radio.o)
                0x0000000000012dba                radio_set_channel
                0x0000000000012dcf                radio_set_txpower
                0x0000000000012def                radio_signal_strength_last
                0x0000000000012df9                radio_signal_strength_current
                0x0000000000012e03                radio_LQI
 .text          0x0000000000013523       0xef obj_cooja/mtype469.a(eeprom.o)
                0x0000000000013523                eeprom_init
                0x0000000000013528                eeprom_read
                0x0000000000013598                eeprom_write
 .text          0x0000000000013612       0x28 obj_cooja/mtype469.a(random.o)
                0x0000000000013612                random_init
                0x000000000001362d                random_rand
 .text          0x000000000001363a      0x2a1 obj_cooja/mtype469.a(sensors.o)
                0x0000000000013675                sensors_first
                0x000000000001367f                sensors_next
                0x000000000001369c                sensors_changed
                0x00000000000136cb                sensors_find
 .text          0x00000000000138db      0x134 obj_cooja/mtype469.a(leds.o)
                0x000000000001392c                leds_init
                0x0000000000013940                leds_blink
                0x0000000000013978                leds_get
                0x0000000000013985                leds_set
                0x000000000001399f                leds_on
                0x00000000000139c2                leds_off
                0x00000000000139ec                leds_toggle
 .text          0x0000000000013a0f      0x2ab obj_cooja/mtype469.a(dual_conf.o)
                0x0000000000013a0f                dual_radio_switch
                0x0000000000013a4f                dual_radio_change
                0x0000000000013a89                sending_in_LR
                0x0000000000013ab4                dual_radio_received
                0x0000000000013aec                radio_received_is_longrange
                0x0000000000013b07                dual_radio_turn_on
                0x0000000000013b2a                dual_radio_turn_off
                0x0000000000013c70                dio_broadcast
                0x0000000000013c99                dis_broadcast
 .text          0x0000000000013cba       0x8e obj_cooja/mtype469.a(autostart.o)
                0x0000000000013cba                autostart_start
                0x0000000000013d05                autostart_exit
 .text          0x0000000000013d48      0x334 obj_cooja/mtype469.a(ctimer.o)
                0x0000000000013e5f                ctimer_init
                0x0000000000013e8f                ctimer_set
                0x0000000000013ec0                ctimer_set_with_process
                0x0000000000013f3c                ctimer_reset
                0x0000000000013f8b                ctimer_restart
                0x0000000000013fda                ctimer_stop
                0x0000000000014025                ctimer_expired
 .text          0x000000000001407c      0x40b obj_cooja/mtype469.a(etimer.o)
                0x000000000001428f                etimer_request_poll
                0x0000000000014313                etimer_set
                0x0000000000014338                etimer_reset_with_new_interval
                0x000000000001435f                etimer_reset
                0x000000000001437d                etimer_restart
                0x000000000001439b                etimer_adjust
                0x00000000000143b7                etimer_expired
                0x00000000000143ca                etimer_expiration_time
                0x00000000000143dc                etimer_start_time
                0x00000000000143e6                etimer_pending
                0x00000000000143f8                etimer_next_expiration_time
                0x0000000000014412                etimer_stop
 .text          0x0000000000014487      0x225 obj_cooja/mtype469.a(log_message.o)
                0x0000000000014487                log_initialization
                0x0000000000014686                log_reinit
                0x000000000001468b                log_finisher
 .text          0x00000000000146ac      0x560 obj_cooja/mtype469.a(process.o)
                0x00000000000146ac                process_alloc_event
                0x00000000000146c1                process_start
                0x00000000000148aa                process_exit
                0x00000000000148c6                process_init
                0x0000000000014a97                process_run
                0x0000000000014aca                process_nevents
                0x0000000000014ae5                process_post
                0x0000000000014b91                process_post_synch
                0x0000000000014bc9                process_poll
                0x0000000000014bf8                process_is_running
 .text          0x0000000000014c0c       0xdb obj_cooja/mtype469.a(residual.o)
                0x0000000000014c0c                get_residual_energy
 .text          0x0000000000014ce7       0xba obj_cooja/mtype469.a(rtimer.o)
                0x0000000000014ce7                rtimer_init
                0x0000000000014cf4                rtimer_set
                0x0000000000014d4b                rtimer_run_next
 .text          0x0000000000014da1       0xa3 obj_cooja/mtype469.a(stimer.o)
                0x0000000000014da1                stimer_set
                0x0000000000014dbc                stimer_reset
                0x0000000000014dd3                stimer_restart
                0x0000000000014de5                stimer_expired
                0x0000000000014e0c                stimer_remaining
                0x0000000000014e30                stimer_elapsed
 .text          0x0000000000014e44       0x91 obj_cooja/mtype469.a(timer.o)
                0x0000000000014e44                timer_set
                0x0000000000014e5f                timer_reset
                0x0000000000014e76                timer_restart
                0x0000000000014e88                timer_expired
                0x0000000000014eb1                timer_remaining
 .text          0x0000000000014ed5      0x1fb obj_cooja/mtype469.a(serial-line.o)
                0x0000000000014ed5                serial_line_input_byte
                0x0000000000015098                serial_line_init
 .text          0x00000000000150d0      0x244 obj_cooja/mtype469.a(list.o)
                0x00000000000150d0                list_init
                0x00000000000150de                list_head
                0x00000000000150e8                list_copy
                0x00000000000150f7                list_tail
                0x000000000001512d                list_add
                0x0000000000015176                list_push
                0x00000000000151a2                list_chop
                0x000000000001520c                list_pop
                0x0000000000015234                list_remove
                0x000000000001529b                list_length
                0x00000000000152c9                list_insert
                0x00000000000152fd                list_item_next
 .text          0x0000000000015314      0x155 obj_cooja/mtype469.a(ringbuf.o)
                0x0000000000015314                ringbuf_init
                0x0000000000015345                ringbuf_put
                0x00000000000153c3                ringbuf_get
                0x0000000000015430                ringbuf_size
                0x0000000000015442                ringbuf_elements
 .text          0x0000000000015469     0x258b obj_cooja/mtype469.a(sicslowpan.o)
                0x00000000000159f3                rime_sniffer_add
                0x0000000000015a00                rime_sniffer_remove
                0x0000000000017993                sicslowpan_init
                0x00000000000179ea                sicslowpan_get_last_rssi
 .text          0x00000000000179f4      0x2d9 obj_cooja/mtype469.a(uip-ds6-nbr.o)
                0x0000000000017a11                uip_ds6_neighbors_init
                0x0000000000017a2e                uip_ds6_nbr_add
                0x0000000000017adc                uip_ds6_nbr_rm
                0x0000000000017b39                uip_ds6_nbr_get_ipaddr
                0x0000000000017b4e                uip_ds6_nbr_get_ll
                0x0000000000017b6a                uip_ds6_nbr_num
                0x0000000000017baf                uip_ds6_nbr_lookup
                0x0000000000017c14                uip_ds6_nbr_ll_lookup
                0x0000000000017c30                uip_ds6_nbr_ipaddr_from_lladdr
                0x0000000000017c56                uip_ds6_nbr_lladdr_from_ipaddr
                0x0000000000017c84                uip_ds6_link_neighbor_callback
 .text          0x0000000000017ccd      0x916 obj_cooja/mtype469.a(uip-ds6-route.o)
                0x0000000000017d44                uip_ds6_notification_add
                0x0000000000017d75                uip_ds6_notification_rm
                0x0000000000017d91                uip_ds6_route_init
                0x0000000000017e19                uip_ds6_route_nexthop
                0x0000000000017e41                uip_ds6_route_head
                0x0000000000017e56                uip_ds6_route_next
                0x0000000000017e7c                uip_ds6_route_is_nexthop
                0x0000000000017ebb                uip_ds6_route_num_routes
                0x0000000000017ec5                uip_ds6_route_lookup
                0x0000000000017f87                uip_ds6_route_add
                0x00000000000181bb                uip_ds6_route_rm
                0x000000000001834f                uip_ds6_route_rm_by_nexthop
                0x0000000000018387                uip_ds6_defrt_add
                0x0000000000018438                uip_ds6_defrt_rm
                0x00000000000184b7                uip_ds6_defrt_lookup
                0x0000000000018510                uip_ds6_defrt_choose
                0x000000000001857b                uip_ds6_defrt_periodic
 .text          0x00000000000185e3     0x12ad obj_cooja/mtype469.a(uip-ds6.o)
                0x00000000000185e3                uip_ds6_init
                0x0000000000018938                uip_ds6_periodic
                0x0000000000018a10                uip_ds6_list_loop
                0x0000000000018ab7                uip_ds6_prefix_add
                0x0000000000018b75                uip_ds6_prefix_rm
                0x0000000000018b87                uip_ds6_prefix_lookup
                0x0000000000018bd8                uip_ds6_is_addr_onlink
                0x0000000000018c4c                uip_ds6_addr_add
                0x0000000000018d7a                uip_ds6_long_addr_add
                0x0000000000018ea8                uip_ds6_addr_rm
                0x0000000000018f48                uip_ds6_addr_lookup
                0x0000000000018f93                uip_ds6_long_addr_lookup
                0x0000000000018fde                uip_ds6_get_link_local
                0x000000000001905d                uip_ds6_long_get_link_local
                0x00000000000190dc                uip_ds6_get_global
                0x000000000001915b                uip_ds6_long_get_global
                0x00000000000191da                uip_ds6_maddr_add
                0x000000000001924c                uip_ds6_long_maddr_add
                0x00000000000192be                uip_ds6_maddr_rm
                0x00000000000192d0                uip_ds6_maddr_lookup
                0x000000000001931b                uip_ds6_long_maddr_lookup
                0x0000000000019366                uip_ds6_aaddr_add
                0x00000000000193d8                uip_ds6_long_aaddr_add
                0x000000000001944a                uip_ds6_aaddr_rm
                0x000000000001945c                uip_ds6_aaddr_lookup
                0x00000000000194a7                uip_ds6_long_aaddr_lookup
                0x00000000000194f2                uip_ds6_select_src
                0x000000000001977b                uip_ds6_set_addr_iid
                0x00000000000197b2                get_match_length
                0x0000000000019844                uip_ds6_compute_reachable_time
 .text          0x0000000000019890     0x29ac obj_cooja/mtype469.a(uip6.o)
                0x0000000000019890                uip_add32
                0x0000000000019a29                uip_chksum
                0x0000000000019b17                uip_icmp6chksum
                0x0000000000019b2b                uip_tcpchksum
                0x0000000000019b3f                uip_init
                0x0000000000019c0f                uip_connect
                0x0000000000019dbe                remove_ext_hdr
                0x0000000000019e93                uip_udp_new
                0x0000000000019fef                uip_unlisten
                0x000000000001a04f                uip_listen
                0x000000000001a311                uip_process
                0x000000000001c130                uip_htons
                0x000000000001c152                uip_htonl
                0x000000000001c192                uip_send
 .text          0x000000000001c23c      0xa53 obj_cooja/mtype469.a(tcpip.o)
                0x000000000001c23c                tcpip_output
                0x000000000001c277                tcpip_set_outputfunc
                0x000000000001c30b                tcp_connect
                0x000000000001c360                tcp_unlisten
                0x000000000001c3bb                tcp_listen
                0x000000000001c414                tcp_attach
                0x000000000001c439                udp_attach
                0x000000000001c45e                udp_new
                0x000000000001c4b0                udp_broadcast_new
                0x000000000001c724                tcpip_input
                0x000000000001c758                tcpip_ipv6_output
                0x000000000001cacb                tcpip_poll_udp
                0x000000000001caee                tcpip_poll_tcp
                0x000000000001cb11                tcpip_uipcall
 .text          0x000000000001cc8f      0x1c1 obj_cooja/mtype469.a(uip-debug.o)
                0x000000000001cc8f                uip_debug_ipaddr_print
                0x000000000001cdf1                uip_debug_lladdr_print
 .text          0x000000000001ce50      0x141 obj_cooja/mtype469.a(uip-packetqueue)
                0x000000000001ce7c                uip_packetqueue_new
                0x000000000001ce8a                uip_packetqueue_alloc
                0x000000000001ceea                uip_packetqueue_free
                0x000000000001cf2b                uip_packetqueue_buf
                0x000000000001cf48                uip_packetqueue_buflen
                0x000000000001cf69                uip_packetqueue_set_buflen
 .text          0x000000000001cf91      0x131 obj_cooja/mtype469.a(uip-udp-packet.)
                0x000000000001cf91                uip_udp_packet_send
                0x000000000001cff1                uip_udp_packet_sendto
 .text          0x000000000001d0c2     0x25e5 obj_cooja/mtype469.a(rpl-dag.o)
                0x000000000001d0c2                rpl_print_neighbor_list
                0x000000000001d129                rpl_print_child_neighbor_list
                0x000000000001d190                rpl_get_nbr
                0x000000000001d1ea                rpl_get_nbr_child
                0x000000000001d244                rpl_dag_init
                0x000000000001d276                rpl_get_parent
                0x000000000001d298                rpl_get_parent_rank
                0x000000000001d2cb                rpl_get_parent_link_metric
                0x000000000001d2fe                rpl_get_parent_ipaddr
                0x000000000001d328                rpl_get_child_ipaddr
                0x000000000001d62b                rpl_set_root
                0x000000000001d852                rpl_repair_root
                0x000000000001da8e                rpl_set_prefix
                0x000000000001db8d                rpl_set_default_route
                0x000000000001dc19                rpl_alloc_instance
                0x000000000001dca1                rpl_alloc_dag
                0x000000000001dd52                rpl_set_default_instance
                0x000000000001dd5f                rpl_get_default_instance
                0x000000000001dd69                rpl_free_instance
                0x000000000001de08                rpl_free_dag
                0x000000000001de6e                rpl_add_parent
                0x000000000001df44                rpl_find_parent
                0x000000000001df74                rpl_add_child
                0x000000000001e018                rpl_find_child
                0x000000000001e066                rpl_find_parent_any_dag
                0x000000000001e0a2                rpl_select_dag
                0x000000000001e4d6                rpl_select_parent
                0x000000000001e538                rpl_remove_parent
                0x000000000001e55f                rpl_remove_child
                0x000000000001e57b                rpl_nullify_parent
                0x000000000001e619                rpl_move_parent
                0x000000000001e6b6                rpl_has_downward_route
                0x000000000001e709                rpl_get_any_dag
                0x000000000001e76b                rpl_get_instance
                0x000000000001e7ce                rpl_find_of
                0x000000000001e80b                rpl_join_instance
                0x000000000001ead2                rpl_add_dag
                0x000000000001eec1                rpl_local_repair
                0x000000000001ef85                rpl_recalculate_ranks
                0x000000000001f00b                rpl_process_parent_event
                0x000000000001f0bd                rpl_process_dio
 .text          0x000000000001f6a7      0xbf3 obj_cooja/mtype469.a(rpl-ext-header.)
                0x000000000001f6c4                rpl_verify_header
                0x000000000001fb3e                rpl_update_header_empty
                0x000000000001fe55                rpl_update_header_final
                0x000000000001ffe4                rpl_remove_header
                0x00000000000200ee                rpl_invert_header
                0x0000000000020278                rpl_insert_header
 .text          0x000000000002029a     0x2285 obj_cooja/mtype469.a(rpl-icmp6.o)
                0x00000000000204f9                rpl_icmp6_update_nbr_table
                0x00000000000205e9                dis_output
                0x0000000000020e69                dio_output
                0x000000000002208a                dao_output
                0x0000000000022152                dao_output_target
                0x00000000000224d3                dao_ack_output
                0x00000000000224e7                rpl_icmp6_register_handlers
 .text          0x000000000002251f      0x1f4 obj_cooja/mtype469.a(rpl-of0.o)
 .text          0x0000000000022713      0x59d obj_cooja/mtype469.a(rpl-timers.o)
                0x0000000000022959                rpl_reset_periodic_timer
                0x00000000000229ae                rpl_reset_dio_timer
                0x0000000000022be8                rpl_schedule_dao
                0x0000000000022c03                rpl_schedule_dao_immediately
                0x0000000000022c1e                rpl_cancel_dao
                0x0000000000022c80                rpl_schedule_unicast_dio_immediately
 .text          0x0000000000022cb0      0x59b obj_cooja/mtype469.a(rpl.o)
                0x0000000000022cb0                rpl_get_mode
                0x0000000000022cba                rpl_set_mode
                0x0000000000022d48                rpl_purge_routes
                0x0000000000022e42                rpl_remove_routes
                0x0000000000022e88                rpl_remove_routes_by_nexthop
                0x0000000000022ef4                rpl_add_route
                0x0000000000022f6f                rpl_link_neighbor_callback
                0x0000000000023074                rpl_ipv6_neighbor_callback
                0x00000000000230e3                rpl_purge_dags
                0x00000000000231c5                rpl_init
 .text          0x000000000002324b      0x903 obj_cooja/mtype469.a(csma.o)
 .text          0x0000000000023b4e      0x3f5 obj_cooja/mtype469.a(framer-802154.o)
 .text          0x0000000000023f43       0x3c obj_cooja/mtype469.a(mac.o)
                0x0000000000023f43                mac_call_sent_callback
 .text          0x0000000000023f7f     0x125a obj_cooja/mtype469.a(dualmac.o)
                0x000000000002513b                dualmac_set_announcement_radio_txpower
                0x0000000000025140                dualmac_init
 .text          0x00000000000251d9       0x82 obj_cooja/mtype469.a(linkaddr.o)
                0x00000000000251d9                linkaddr_copy
                0x00000000000251fb                linkaddr_cmp
                0x0000000000025225                linkaddr_set_node_addr
                0x0000000000025240                linkaddr_set_node_long_addr
 .text          0x000000000002525b      0x919 obj_cooja/mtype469.a(nbr-table.o)
                0x000000000002525b                long_ip_from_lladdr_map
                0x00000000000252e8                lladdr_map_add_lr
                0x00000000000253a5                lladdr_map_rm_lr
                0x000000000002586a                nbr_table_register
                0x00000000000258b2                nbr_table_head
                0x000000000002590e                nbr_table_next
                0x0000000000025975                nbr_table_add_lladdr
                0x0000000000025a51                nbr_table_get_from_lladdr
                0x0000000000025a9e                nbr_table_remove
                0x0000000000025af0                nbr_table_lock
                0x0000000000025b1a                nbr_table_unlock
                0x0000000000025b44                nbr_table_get_lladdr
 .text          0x0000000000025b74       0x2b obj_cooja/mtype469.a(netstack.o)
                0x0000000000025b74                netstack_init
 .text          0x0000000000025b9f      0x3cd obj_cooja/mtype469.a(packetbuf.o)
                0x0000000000025b9f                packetbuf_clear
                0x0000000000025bc9                packetbuf_copyfrom
                0x0000000000025c1b                packetbuf_compact
                0x0000000000025c98                packetbuf_copyto
                0x0000000000025d2f                packetbuf_hdralloc
                0x0000000000025dac                packetbuf_hdrreduce
                0x0000000000025df4                packetbuf_set_datalen
                0x0000000000025e0d                packetbuf_dataptr
                0x0000000000025e2a                packetbuf_hdrptr
                0x0000000000025e34                packetbuf_datalen
                0x0000000000025e40                packetbuf_hdrlen
                0x0000000000025e57                packetbuf_totlen
                0x0000000000025e6d                packetbuf_attr_clear
                0x0000000000025ebf                packetbuf_attr_copyto
                0x0000000000025f08                packetbuf_attr_copyfrom
                0x0000000000025f50                packetbuf_holds_broadcast
 .text          0x0000000000025f6c      0x2b4 obj_cooja/mtype469.a(queuebuf.o)
                0x0000000000025f76                queuebuf_init
                0x0000000000025f96                queuebuf_numfree
                0x0000000000025faa                queuebuf_new_from_packetbuf
                0x000000000002603a                queuebuf_update_attr_from_packetbuf
                0x000000000002606d                queuebuf_update_from_packetbuf
                0x00000000000260b7                queuebuf_free
                0x00000000000260fe                queuebuf_to_packetbuf
                0x0000000000026164                queuebuf_dataptr
                0x000000000002619b                queuebuf_datalen
                0x00000000000261be                queuebuf_addr
                0x00000000000261f0                queuebuf_attr
                0x000000000002621b                queuebuf_debug_print
 .text          0x0000000000026220       0x6e obj_cooja/mtype469.a(nullsec.o)
 .text          0x000000000002628e       0x19 obj_cooja/mtype469.a(watchdog.o)
                0x000000000002628e                watchdog_init
                0x0000000000026293                watchdog_start
                0x0000000000026298                watchdog_periodic
                0x000000000002629d                watchdog_stop
                0x00000000000262a2                watchdog_reboot
 .text          0x00000000000262a7        0x0 obj_cooja/mtype469.a(rimestats.o)
 .text          0x00000000000262a7      0x1c1 obj_cooja/mtype469.a(memb.o)
                0x00000000000262a7                memb_init
                0x0000000000026305                memb_alloc
                0x000000000002636a                memb_free
                0x00000000000263e5                memb_inmemb
                0x0000000000026424                memb_numfree
 .text          0x0000000000026468      0xabf obj_cooja/mtype469.a(uip-icmp6.o)
                0x00000000000264d6                uip_icmp6_input
                0x000000000002652c                uip_icmp6_register_input_handler
                0x00000000000267f4                uip_icmp6_error_output
                0x0000000000026b39                uip_icmp6_send
                0x0000000000026eba                uip_icmp6_echo_reply_callback_add
                0x0000000000026eeb                uip_icmp6_echo_reply_callback_rm
                0x0000000000026f07                uip_icmp6_init
 .text          0x0000000000026f27      0x358 obj_cooja/mtype469.a(uip-nd6.o)
                0x0000000000026f7b                uip_nd6_ns_output
                0x000000000002727a                uip_nd6_init
 .text          0x000000000002727f      0x331 obj_cooja/mtype469.a(rpl-nbr-policy.)
                0x0000000000027457                find_removable_dis
                0x000000000002747a                find_removable_dio
                0x0000000000027509                find_removable_dao
                0x0000000000027559                rpl_nbr_policy_find_removable
 .text          0x00000000000275b0      0x97c obj_cooja/mtype469.a(frame802154.o)
                0x00000000000275e1                frame802154_get_pan_id
                0x00000000000275ed                frame802154_set_pan_id
                0x0000000000027606                frame802154_has_panid
                0x00000000000276f2                frame802154_check_dest_panid
                0x000000000002775a                frame802154_is_broadcast_addr
                0x00000000000277a7                frame802154_extract_linkaddr
                0x00000000000279e7                frame802154_hdrlen
                0x0000000000027a38                frame802154_create
                0x0000000000027c23                frame802154_parse
 .text          0x0000000000027f2c        0x0 /usr/lib/gcc/i686-linux-gnu/4.8/crtendS.o
 .text          0x0000000000027f2c        0x0 /usr/lib/gcc/i686-linux-gnu/4.8/../../../i386-linux-gnu/crtn.o
 *(.gnu.warning)

.fini           0x0000000000027f2c       0x14
 *(SORT(.fini))
 .fini          0x0000000000027f2c        0xf /usr/lib/gcc/i686-linux-gnu/4.8/../../../i386-linux-gnu/crti.o
                0x0000000000027f2c                _fini
 .fini          0x0000000000027f3b        0x5 /usr/lib/gcc/i686-linux-gnu/4.8/../../../i386-linux-gnu/crtn.o
                0x0000000000027f40                PROVIDE (__etext, .)
                0x0000000000027f40                PROVIDE (_etext, .)
                0x0000000000027f40                PROVIDE (etext, .)

.rodata         0x0000000000027f40      0xbe0
 *(.rodata .rodata.* .gnu.linkonce.r.*)
 .rodata        0x0000000000027f40      0x456 udp-client.co
                0x0000000000027f54                autostart_processes
 *fill*         0x0000000000028396        0x2 
 .rodata        0x0000000000028398      0x1e6 obj_cooja/mtype469.o
 *fill*         0x000000000002857e        0x2 
 .rodata        0x0000000000028580        0x8 obj_cooja/mtype469.a(beep.o)
                0x0000000000028580                beep_interface
 .rodata        0x0000000000028588       0x20 obj_cooja/mtype469.a(button-sensor.o)
                0x0000000000028588                button_interface
                0x0000000000028598                button_sensor
 .rodata        0x00000000000285a8        0x8 obj_cooja/mtype469.a(leds-arch.o)
                0x00000000000285a8                leds_interface
 .rodata        0x00000000000285b0        0x8 obj_cooja/mtype469.a(moteid.o)
                0x00000000000285b0                moteid_interface
 .rodata        0x00000000000285b8       0x1c obj_cooja/mtype469.a(pir-sensor.o)
                0x00000000000285b8                pir_interface
                0x00000000000285c4                pir_sensor
 .rodata        0x00000000000285d4        0xe obj_cooja/mtype469.a(rs232.o)
                0x00000000000285d4                rs232_interface
 *fill*         0x00000000000285e2        0x2 
 .rodata        0x00000000000285e4       0x24 obj_cooja/mtype469.a(vib-sensor.o)
                0x00000000000285e4                vib_interface
                0x00000000000285f8                vib_sensor
 .rodata        0x0000000000028608        0x8 obj_cooja/mtype469.a(clock.o)
                0x0000000000028608                clock_interface
 .rodata        0x0000000000028610        0x8 obj_cooja/mtype469.a(log.o)
                0x0000000000028610                simlog_interface
 .rodata        0x0000000000028618       0x2f obj_cooja/mtype469.a(cfs-cooja.o)
                0x0000000000028618                cfs_interface
 *fill*         0x0000000000028647       0x19 
 .rodata        0x0000000000028660       0x60 obj_cooja/mtype469.a(cooja-radio.o)
                0x0000000000028680                cooja_radio_driver
                0x00000000000286b8                radio_interface
 .rodata        0x00000000000286c0        0x8 obj_cooja/mtype469.a(eeprom.o)
                0x00000000000286c0                eeprom_interface
 .rodata        0x00000000000286c8        0x8 obj_cooja/mtype469.a(sensors.o)
 .rodata        0x00000000000286d0       0x1c obj_cooja/mtype469.a(dual_conf.o)
 .rodata        0x00000000000286ec        0xf obj_cooja/mtype469.a(ctimer.o)
 .rodata        0x00000000000286fb        0xc obj_cooja/mtype469.a(etimer.o)
 *fill*         0x0000000000028707        0x1 
 .rodata        0x0000000000028708      0x161 obj_cooja/mtype469.a(log_message.o)
 *fill*         0x0000000000028869        0x3 
 .rodata        0x000000000002886c       0x20 obj_cooja/mtype469.a(residual.o)
                0x000000000002886c                DISSIPATION_RATE
 .rodata        0x000000000002888c        0xe obj_cooja/mtype469.a(serial-line.o)
 *fill*         0x000000000002889a        0x2 
 .rodata        0x000000000002889c       0x2c obj_cooja/mtype469.a(sicslowpan.o)
                0x000000000002889c                unc_llconf
                0x00000000000288a0                unc_ctxconf
                0x00000000000288a4                unc_mxconf
                0x00000000000288a8                llprefix
                0x00000000000288bc                sicslowpan_driver
 .rodata        0x00000000000288c8      0x13c obj_cooja/mtype469.a(uip6.o)
 .rodata        0x0000000000028a04        0xd obj_cooja/mtype469.a(tcpip.o)
 .rodata        0x0000000000028a11       0x3e obj_cooja/mtype469.a(uip-debug.o)
 *fill*         0x0000000000028a4f        0x1 
 .rodata        0x0000000000028a50        0x4 obj_cooja/mtype469.a(rpl-dag.o)
 *fill*         0x0000000000028a54        0x4 
 .rodata        0x0000000000028a58       0x10 obj_cooja/mtype469.a(rpl-icmp6.o)
 .rodata        0x0000000000028a68       0x38 obj_cooja/mtype469.a(csma.o)
                0x0000000000028a84                csma_driver
 .rodata        0x0000000000028aa0        0xc obj_cooja/mtype469.a(framer-802154.o)
                0x0000000000028aa0                framer_802154
 *fill*         0x0000000000028aac       0x14 
 .rodata        0x0000000000028ac0       0x40 obj_cooja/mtype469.a(dualmac.o)
                0x0000000000028ae0                dualmac_driver
 .rodata        0x0000000000028b00        0x8 obj_cooja/mtype469.a(linkaddr.o)
                0x0000000000028b00                linkaddr_null
 .rodata        0x0000000000028b08       0x18 obj_cooja/mtype469.a(nullsec.o)
                0x0000000000028b10                nullsec_driver

.rodata1
 *(.rodata1)

.eh_frame_hdr   0x0000000000028b20     0x13f4
 *(.eh_frame_hdr)
 .eh_frame_hdr  0x0000000000028b20     0x13f4 udp-client.co

.eh_frame       0x0000000000029f14     0x513c
 *(.eh_frame)
 .eh_frame      0x0000000000029f14       0x3c /usr/lib/gcc/i686-linux-gnu/4.8/../../../i386-linux-gnu/crti.o
                                         0x40 (size before relaxing)
 .eh_frame      0x0000000000029f50       0xd8 udp-client.co
                                         0xf0 (size before relaxing)
 .eh_frame      0x000000000002a028      0x148 obj_cooja/mtype469.o
                                        0x160 (size before relaxing)
 .eh_frame      0x000000000002a170       0x40 obj_cooja/mtype469.a(simEnvChange.o)
                                         0x58 (size before relaxing)
 .eh_frame      0x000000000002a1b0       0xc0 obj_cooja/mtype469.a(cooja_mt.o)
                                         0xd8 (size before relaxing)
 .eh_frame      0x000000000002a270      0x120 obj_cooja/mtype469.a(cooja_mtarch.o)
                                        0x138 (size before relaxing)
 .eh_frame      0x000000000002a390       0xc0 obj_cooja/mtype469.a(rtimer-arch.o)
                                         0xd8 (size before relaxing)
 .eh_frame      0x000000000002a450      0x160 obj_cooja/mtype469.a(beep.o)
                                        0x178 (size before relaxing)
 .eh_frame      0x000000000002a5b0       0xa0 obj_cooja/mtype469.a(button-sensor.o)
                                         0xb8 (size before relaxing)
 .eh_frame      0x000000000002a650       0xa0 obj_cooja/mtype469.a(leds-arch.o)
                                         0xb8 (size before relaxing)
 .eh_frame      0x000000000002a6f0       0x40 obj_cooja/mtype469.a(moteid.o)
                                         0x58 (size before relaxing)
 .eh_frame      0x000000000002a730       0xa0 obj_cooja/mtype469.a(pir-sensor.o)
                                         0xb8 (size before relaxing)
 .eh_frame      0x000000000002a7d0      0x100 obj_cooja/mtype469.a(rs232.o)
                                        0x118 (size before relaxing)
 .eh_frame      0x000000000002a8d0       0xa0 obj_cooja/mtype469.a(vib-sensor.o)
                                         0xb8 (size before relaxing)
 .eh_frame      0x000000000002a970       0xc0 obj_cooja/mtype469.a(clock.o)
                                         0xd8 (size before relaxing)
 .eh_frame      0x000000000002aa30      0x120 obj_cooja/mtype469.a(log.o)
                                        0x138 (size before relaxing)
 .eh_frame      0x000000000002ab50      0x160 obj_cooja/mtype469.a(cfs-cooja.o)
                                        0x178 (size before relaxing)
 .eh_frame      0x000000000002acb0      0x2e0 obj_cooja/mtype469.a(cooja-radio.o)
                                        0x2f8 (size before relaxing)
 .eh_frame      0x000000000002af90       0xa0 obj_cooja/mtype469.a(eeprom.o)
                                         0xb8 (size before relaxing)
 .eh_frame      0x000000000002b030       0x40 obj_cooja/mtype469.a(random.o)
                                         0x58 (size before relaxing)
 .eh_frame      0x000000000002b070       0xc0 obj_cooja/mtype469.a(sensors.o)
                                         0xd8 (size before relaxing)
 .eh_frame      0x000000000002b130      0x100 obj_cooja/mtype469.a(leds.o)
                                        0x118 (size before relaxing)
 .eh_frame      0x000000000002b230      0x160 obj_cooja/mtype469.a(dual_conf.o)
                                        0x178 (size before relaxing)
 .eh_frame      0x000000000002b390       0x40 obj_cooja/mtype469.a(autostart.o)
                                         0x58 (size before relaxing)
 .eh_frame      0x000000000002b3d0      0x100 obj_cooja/mtype469.a(ctimer.o)
                                        0x118 (size before relaxing)
 .eh_frame      0x000000000002b4d0      0x1e0 obj_cooja/mtype469.a(etimer.o)
                                        0x1f8 (size before relaxing)
 .eh_frame      0x000000000002b6b0       0x70 obj_cooja/mtype469.a(log_message.o)
                                         0x88 (size before relaxing)
 .eh_frame      0x000000000002b720      0x1c8 obj_cooja/mtype469.a(process.o)
                                        0x1e0 (size before relaxing)
 .eh_frame      0x000000000002b8e8       0x2c obj_cooja/mtype469.a(residual.o)
                                         0x44 (size before relaxing)
 .eh_frame      0x000000000002b914       0x60 obj_cooja/mtype469.a(rtimer.o)
                                         0x78 (size before relaxing)
 .eh_frame      0x000000000002b974       0xc4 obj_cooja/mtype469.a(stimer.o)
                                         0xdc (size before relaxing)
 .eh_frame      0x000000000002ba38       0xa4 obj_cooja/mtype469.a(timer.o)
                                         0xbc (size before relaxing)
 .eh_frame      0x000000000002badc       0x60 obj_cooja/mtype469.a(serial-line.o)
                                         0x78 (size before relaxing)
 .eh_frame      0x000000000002bb3c      0x180 obj_cooja/mtype469.a(list.o)
                                        0x198 (size before relaxing)
 .eh_frame      0x000000000002bcbc       0xa0 obj_cooja/mtype469.a(ringbuf.o)
                                         0xb8 (size before relaxing)
 .eh_frame      0x000000000002bd5c      0x350 obj_cooja/mtype469.a(sicslowpan.o)
                                        0x368 (size before relaxing)
 .eh_frame      0x000000000002c0ac      0x180 obj_cooja/mtype469.a(uip-ds6-nbr.o)
                                        0x198 (size before relaxing)
 .eh_frame      0x000000000002c22c      0x2a0 obj_cooja/mtype469.a(uip-ds6-route.o)
                                        0x2b8 (size before relaxing)
 .eh_frame      0x000000000002c4cc      0x3c8 obj_cooja/mtype469.a(uip-ds6.o)
                                        0x3e0 (size before relaxing)
 .eh_frame      0x000000000002c894      0x25c obj_cooja/mtype469.a(uip6.o)
                                        0x274 (size before relaxing)
 .eh_frame      0x000000000002caf0      0x270 obj_cooja/mtype469.a(tcpip.o)
                                        0x288 (size before relaxing)
 .eh_frame      0x000000000002cd60       0x48 obj_cooja/mtype469.a(uip-debug.o)
                                         0x60 (size before relaxing)
 .eh_frame      0x000000000002cda8       0xe0 obj_cooja/mtype469.a(uip-packetqueue)
                                         0xf8 (size before relaxing)
 .eh_frame      0x000000000002ce88       0x40 obj_cooja/mtype469.a(uip-udp-packet.)
                                         0x58 (size before relaxing)
 .eh_frame      0x000000000002cec8      0x74c obj_cooja/mtype469.a(rpl-dag.o)
                                        0x764 (size before relaxing)
 .eh_frame      0x000000000002d614      0x10c obj_cooja/mtype469.a(rpl-ext-header.)
                                        0x124 (size before relaxing)
 .eh_frame      0x000000000002d720      0x278 obj_cooja/mtype469.a(rpl-icmp6.o)
                                        0x290 (size before relaxing)
 .eh_frame      0x000000000002d998       0xa4 obj_cooja/mtype469.a(rpl-of0.o)
                                         0xbc (size before relaxing)
 .eh_frame      0x000000000002da3c      0x1ac obj_cooja/mtype469.a(rpl-timers.o)
                                        0x1c4 (size before relaxing)
 .eh_frame      0x000000000002dbe8      0x140 obj_cooja/mtype469.a(rpl.o)
                                        0x158 (size before relaxing)
 .eh_frame      0x000000000002dd28      0x28c obj_cooja/mtype469.a(csma.o)
                                        0x2a4 (size before relaxing)
 .eh_frame      0x000000000002dfb4      0x108 obj_cooja/mtype469.a(framer-802154.o)
                                        0x120 (size before relaxing)
 .eh_frame      0x000000000002e0bc       0x20 obj_cooja/mtype469.a(mac.o)
                                         0x38 (size before relaxing)
 .eh_frame      0x000000000002e0dc      0x29c obj_cooja/mtype469.a(dualmac.o)
                                        0x2b4 (size before relaxing)
 .eh_frame      0x000000000002e378       0x80 obj_cooja/mtype469.a(linkaddr.o)
                                         0x98 (size before relaxing)
 .eh_frame      0x000000000002e3f8      0x2cc obj_cooja/mtype469.a(nbr-table.o)
                                        0x2e4 (size before relaxing)
 .eh_frame      0x000000000002e6c4       0x20 obj_cooja/mtype469.a(netstack.o)
                                         0x38 (size before relaxing)
 .eh_frame      0x000000000002e6e4      0x214 obj_cooja/mtype469.a(packetbuf.o)
                                        0x22c (size before relaxing)
 .eh_frame      0x000000000002e8f8      0x1a0 obj_cooja/mtype469.a(queuebuf.o)
                                        0x1b8 (size before relaxing)
 .eh_frame      0x000000000002ea98       0x80 obj_cooja/mtype469.a(nullsec.o)
                                         0x98 (size before relaxing)
 .eh_frame      0x000000000002eb18       0xa0 obj_cooja/mtype469.a(watchdog.o)
                                         0xb8 (size before relaxing)
 .eh_frame      0x000000000002ebb8       0xa0 obj_cooja/mtype469.a(memb.o)
                                         0xb8 (size before relaxing)
 .eh_frame      0x000000000002ec58      0x168 obj_cooja/mtype469.a(uip-icmp6.o)
                                        0x180 (size before relaxing)
 .eh_frame      0x000000000002edc0       0x68 obj_cooja/mtype469.a(uip-nd6.o)
                                         0x80 (size before relaxing)
 .eh_frame      0x000000000002ee28       0xc0 obj_cooja/mtype469.a(rpl-nbr-policy.)
                                         0xd8 (size before relaxing)
 .eh_frame      0x000000000002eee8      0x164 obj_cooja/mtype469.a(frame802154.o)
                                        0x17c (size before relaxing)
 .eh_frame      0x000000000002f04c        0x4 /usr/lib/gcc/i686-linux-gnu/4.8/crtendS.o

.gcc_except_table
 *(.gcc_except_table .gcc_except_table.*)

.exception_ranges
 *(.exception_ranges .exception_ranges*)
                0x000000000002f050                . = (ALIGN (0x1000) - ((0x1000 - .) & 0xfff))
                0x0000000000030ef8                . = DATA_SEGMENT_ALIGN (0x1000, 0x1000)

.eh_frame
 *(.eh_frame)

.gcc_except_table
 *(.gcc_except_table .gcc_except_table.*)

.exception_ranges
 *(.exception_ranges .exception_ranges*)

.tdata
 *(.tdata .tdata.* .gnu.linkonce.td.*)

.tbss
 *(.tbss .tbss.* .gnu.linkonce.tb.*)
 *(.tcommon)

.preinit_array
 *(.preinit_array)

.init_array     0x0000000000030ef8        0x4
 *(SORT(.init_array.*) SORT(.ctors.*))
 *(.init_array EXCLUDE_FILE(*crtend?.o *crtend.o *crtbegin?.o *crtbegin.o) .ctors)
 .init_array    0x0000000000030ef8        0x4 /usr/lib/gcc/i686-linux-gnu/4.8/crtbeginS.o

.fini_array     0x0000000000030efc        0x4
 *(SORT(.fini_array.*) SORT(.dtors.*))
 *(.fini_array EXCLUDE_FILE(*crtend?.o *crtend.o *crtbegin?.o *crtbegin.o) .dtors)
 .fini_array    0x0000000000030efc        0x4 /usr/lib/gcc/i686-linux-gnu/4.8/crtbeginS.o

.ctors
 *crtbegin.o(.ctors)
 *crtbegin?.o(.ctors)
 *(EXCLUDE_FILE(*crtend?.o *crtend.o) .ctors)
 *(SORT(.ctors.*))
 *(.ctors)

.dtors
 *crtbegin.o(.dtors)
 *crtbegin?.o(.dtors)
 *(EXCLUDE_FILE(*crtend?.o *crtend.o) .dtors)
 *(SORT(.dtors.*))
 *(.dtors)

.jcr            0x0000000000030f00        0x4
 *(.jcr)
 .jcr           0x0000000000030f00        0x0 /usr/lib/gcc/i686-linux-gnu/4.8/crtbeginS.o
 .jcr           0x0000000000030f00        0x4 /usr/lib/gcc/i686-linux-gnu/4.8/crtendS.o

.data.rel.ro
 *(.data.rel.ro.local* .gnu.linkonce.d.rel.ro.local.*)
 *(.data.rel.ro .data.rel.ro.* .gnu.linkonce.d.rel.ro.*)

.dynamic        0x0000000000030f04       0xe8
 *(.dynamic)
 .dynamic       0x0000000000030f04       0xe8 /usr/lib/gcc/i686-linux-gnu/4.8/../../../i386-linux-gnu/crti.o
                0x0000000000030f04                _DYNAMIC

.got            0x0000000000030fec       0x14
 *(.got)
 .got           0x0000000000030fec       0x14 /usr/lib/gcc/i686-linux-gnu/4.8/../../../i386-linux-gnu/crti.o
 *(.igot)
                0x0000000000031ff4                . = DATA_SEGMENT_RELRO_END (., (SIZEOF (.got.plt) >= 0xc)?0xc:0x0)

.got.plt        0x0000000000031000       0x14
 *(.got.plt)
 .got.plt       0x0000000000031000       0x14 /usr/lib/gcc/i686-linux-gnu/4.8/../../../i386-linux-gnu/crti.o
                0x0000000000031000                _GLOBAL_OFFSET_TABLE_
 *(.igot.plt)

.data           0x0000000000031020      0x29e
 *(.data .data.* .gnu.linkonce.d.*)
 .data          0x0000000000031020        0x0 /usr/lib/gcc/i686-linux-gnu/4.8/../../../i386-linux-gnu/crti.o
 .data          0x0000000000031020        0x0 /usr/lib/gcc/i686-linux-gnu/4.8/crtbeginS.o
 .data.rel      0x0000000000031020        0x4 /usr/lib/gcc/i686-linux-gnu/4.8/crtbeginS.o
                0x0000000000031020                __dso_handle
 .data          0x0000000000031024       0x15 udp-client.co
                0x0000000000031028                udp_client_process
 *fill*         0x0000000000031039        0x7 
 .data          0x0000000000031040       0x44 obj_cooja/mtype469.o
                0x0000000000031040                simInterfaces
                0x0000000000031074                sensors
 .data          0x0000000000031084        0x0 obj_cooja/mtype469.a(simEnvChange.o)
 .data          0x0000000000031084        0x0 obj_cooja/mtype469.a(cooja_mt.o)
 .data          0x0000000000031084        0x0 obj_cooja/mtype469.a(cooja_mtarch.o)
 .data          0x0000000000031084        0x0 obj_cooja/mtype469.a(rtimer-arch.o)
 .data          0x0000000000031084        0x0 obj_cooja/mtype469.a(beep.o)
 .data          0x0000000000031084        0x0 obj_cooja/mtype469.a(button-sensor.o)
 .data          0x0000000000031084        0x0 obj_cooja/mtype469.a(leds-arch.o)
 .data          0x0000000000031084        0x0 obj_cooja/mtype469.a(moteid.o)
 .data          0x0000000000031084        0x0 obj_cooja/mtype469.a(pir-sensor.o)
 .data          0x0000000000031084        0x0 obj_cooja/mtype469.a(rs232.o)
 .data          0x0000000000031084        0x0 obj_cooja/mtype469.a(vib-sensor.o)
 .data          0x0000000000031084        0x0 obj_cooja/mtype469.a(clock.o)
 .data          0x0000000000031084        0x0 obj_cooja/mtype469.a(log.o)
 .data          0x0000000000031084        0x0 obj_cooja/mtype469.a(cfs-cooja.o)
 .data          0x0000000000031084       0x40 obj_cooja/mtype469.a(cooja-radio.o)
                0x0000000000031084                simRadioChannelLR
                0x0000000000031088                simRadioHWOnLR
                0x000000000003108c                simSignalStrengthLR
                0x0000000000031090                simLastSignalStrengthLR
                0x0000000000031094                simPowerLR
                0x0000000000031098                simLQILR
                0x000000000003109c                simRadioChannel
                0x00000000000310a0                simRadioHWOn
                0x00000000000310a4                simSignalStrength
                0x00000000000310a8                simLastSignalStrength
                0x00000000000310ac                simPower
                0x00000000000310b0                simLQI
                0x00000000000310b4                cooja_radio_process
 .data          0x00000000000310c4        0x0 obj_cooja/mtype469.a(eeprom.o)
 .data          0x00000000000310c4        0x0 obj_cooja/mtype469.a(random.o)
 .data          0x00000000000310c4       0x10 obj_cooja/mtype469.a(sensors.o)
                0x00000000000310c4                sensors_process
 .data          0x00000000000310d4        0x0 obj_cooja/mtype469.a(leds.o)
 .data          0x00000000000310d4       0x24 obj_cooja/mtype469.a(dual_conf.o)
                0x00000000000310d4                radio_received
                0x00000000000310d8                dual_dio_broadcast
                0x00000000000310e8                dual_dis_broadcast
 .data          0x00000000000310f8        0x0 obj_cooja/mtype469.a(autostart.o)
 .data          0x00000000000310f8       0x14 obj_cooja/mtype469.a(ctimer.o)
                0x00000000000310fc                ctimer_process
 .data          0x000000000003110c       0x10 obj_cooja/mtype469.a(etimer.o)
                0x000000000003110c                etimer_process
 .data          0x000000000003111c        0x0 obj_cooja/mtype469.a(log_message.o)
 .data          0x000000000003111c        0x0 obj_cooja/mtype469.a(process.o)
 .data          0x000000000003111c        0x0 obj_cooja/mtype469.a(residual.o)
 .data          0x000000000003111c        0x0 obj_cooja/mtype469.a(rtimer.o)
 .data          0x000000000003111c        0x0 obj_cooja/mtype469.a(stimer.o)
 .data          0x000000000003111c        0x0 obj_cooja/mtype469.a(timer.o)
 .data          0x000000000003111c       0x10 obj_cooja/mtype469.a(serial-line.o)
                0x000000000003111c                serial_line_process
 .data          0x000000000003112c        0x0 obj_cooja/mtype469.a(list.o)
 .data          0x000000000003112c        0x0 obj_cooja/mtype469.a(ringbuf.o)
 .data          0x000000000003112c        0x0 obj_cooja/mtype469.a(sicslowpan.o)
 .data          0x000000000003112c       0x14 obj_cooja/mtype469.a(uip-ds6-nbr.o)
                0x000000000003113c                ds6_neighbors
 .data          0x0000000000031140       0x44 obj_cooja/mtype469.a(uip-ds6-route.o)
                0x0000000000031150                nbr_routes
 .data          0x0000000000031184        0x0 obj_cooja/mtype469.a(uip-ds6.o)
 .data          0x0000000000031184        0x0 obj_cooja/mtype469.a(uip6.o)
 .data          0x0000000000031184       0x10 obj_cooja/mtype469.a(tcpip.o)
                0x0000000000031184                tcpip_process
 .data          0x0000000000031194        0x0 obj_cooja/mtype469.a(uip-debug.o)
 .data          0x0000000000031194        0xc obj_cooja/mtype469.a(uip-packetqueue)
 .data          0x00000000000311a0        0x0 obj_cooja/mtype469.a(uip-udp-packet.)
 .data          0x00000000000311a0       0x28 obj_cooja/mtype469.a(rpl-dag.o)
                0x00000000000311b0                rpl_parents
                0x00000000000311c4                rpl_children
 .data          0x00000000000311c8        0x0 obj_cooja/mtype469.a(rpl-ext-header.)
 .data          0x00000000000311c8       0x34 obj_cooja/mtype469.a(rpl-icmp6.o)
 .data          0x00000000000311fc       0x1c obj_cooja/mtype469.a(rpl-of0.o)
                0x00000000000311fc                rpl_of0
 .data          0x0000000000031218        0x0 obj_cooja/mtype469.a(rpl-timers.o)
 .data          0x0000000000031218        0x0 obj_cooja/mtype469.a(rpl.o)
 .data          0x0000000000031218       0x28 obj_cooja/mtype469.a(csma.o)
 .data          0x0000000000031240        0x0 obj_cooja/mtype469.a(framer-802154.o)
 .data          0x0000000000031240        0x0 obj_cooja/mtype469.a(mac.o)
 .data          0x0000000000031240       0x30 obj_cooja/mtype469.a(dualmac.o)
                0x0000000000031240                dualmac_config
                0x0000000000031250                dualmac_long_config
                0x0000000000031260                strobe_wait
 .data          0x0000000000031270        0x0 obj_cooja/mtype469.a(linkaddr.o)
 .data          0x0000000000031270       0x10 obj_cooja/mtype469.a(nbr-table.o)
 .data          0x0000000000031280        0x0 obj_cooja/mtype469.a(netstack.o)
 .data          0x0000000000031280        0x4 obj_cooja/mtype469.a(packetbuf.o)
 .data          0x0000000000031284       0x18 obj_cooja/mtype469.a(queuebuf.o)
 .data          0x000000000003129c        0x0 obj_cooja/mtype469.a(nullsec.o)
 .data          0x000000000003129c        0x0 obj_cooja/mtype469.a(watchdog.o)
 .data          0x000000000003129c        0x0 obj_cooja/mtype469.a(rimestats.o)
 .data          0x000000000003129c        0x0 obj_cooja/mtype469.a(memb.o)
 .data          0x000000000003129c       0x20 obj_cooja/mtype469.a(uip-icmp6.o)
 .data          0x00000000000312bc        0x0 obj_cooja/mtype469.a(uip-nd6.o)
 .data          0x00000000000312bc        0x0 obj_cooja/mtype469.a(rpl-nbr-policy.)
 .data          0x00000000000312bc        0x2 obj_cooja/mtype469.a(frame802154.o)
 .data          0x00000000000312be        0x0 /usr/lib/gcc/i686-linux-gnu/4.8/crtendS.o
 .data          0x00000000000312be        0x0 /usr/lib/gcc/i686-linux-gnu/4.8/../../../i386-linux-gnu/crtn.o

.tm_clone_table
                0x00000000000312c0        0x0
 .tm_clone_table
                0x00000000000312c0        0x0 /usr/lib/gcc/i686-linux-gnu/4.8/crtbeginS.o
 .tm_clone_table
                0x00000000000312c0        0x0 /usr/lib/gcc/i686-linux-gnu/4.8/crtendS.o

.data1
 *(.data1)
                0x00000000000312c0                _edata = .
                0x00000000000312c0                PROVIDE (edata, .)
                0x00000000000312c0                . = .
                0x00000000000312c0                __bss_start = .

.bss            0x00000000000312c0     0xa848
 *(.dynbss)
 .dynbss        0x0000000000000000        0x0 /usr/lib/gcc/i686-linux-gnu/4.8/../../../i386-linux-gnu/crti.o
 *(.bss .bss.* .gnu.linkonce.b.*)
 .bss           0x00000000000312c0        0x0 /usr/lib/gcc/i686-linux-gnu/4.8/../../../i386-linux-gnu/crti.o
 .bss           0x00000000000312c0        0x1 /usr/lib/gcc/i686-linux-gnu/4.8/crtbeginS.o
 *fill*         0x00000000000312c1       0x1f 
 .bss           0x00000000000312e0       0x90 udp-client.co
 *fill*         0x0000000000031370       0x10 
 .bss           0x0000000000031380     0x2030 obj_cooja/mtype469.o
 .bss           0x00000000000333b0        0x1 obj_cooja/mtype469.a(simEnvChange.o)
                0x00000000000333b0                simDontFallAsleep
 *fill*         0x00000000000333b1        0x3 
 .bss           0x00000000000333b4        0x4 obj_cooja/mtype469.a(cooja_mt.o)
 .bss           0x00000000000333b8        0x4 obj_cooja/mtype469.a(cooja_mtarch.o)
 .bss           0x00000000000333bc        0xc obj_cooja/mtype469.a(rtimer-arch.o)
 .bss           0x00000000000333c8        0x0 obj_cooja/mtype469.a(beep.o)
 .bss           0x00000000000333c8        0x8 obj_cooja/mtype469.a(button-sensor.o)
 .bss           0x00000000000333d0        0x0 obj_cooja/mtype469.a(leds-arch.o)
 .bss           0x00000000000333d0        0x0 obj_cooja/mtype469.a(moteid.o)
 .bss           0x00000000000333d0        0x1 obj_cooja/mtype469.a(pir-sensor.o)
                0x00000000000333d0                simPirValue
 *fill*         0x00000000000333d1        0x3 
 .bss           0x00000000000333d4        0x4 obj_cooja/mtype469.a(rs232.o)
 .bss           0x00000000000333d8        0x1 obj_cooja/mtype469.a(vib-sensor.o)
                0x00000000000333d8                simVibValue
 .bss           0x00000000000333d9        0x0 obj_cooja/mtype469.a(clock.o)
 *fill*         0x00000000000333d9        0x7 
 .bss           0x00000000000333e0      0x420 obj_cooja/mtype469.a(log.o)
 .bss           0x0000000000033800      0xfc0 obj_cooja/mtype469.a(cfs-cooja.o)
                0x0000000000033800                simCFSData
                0x00000000000347a0                simCFSSize
                0x00000000000347a4                simCFSChanged
                0x00000000000347a8                simCFSRead
                0x00000000000347ac                simCFSWritten
 .bss           0x00000000000347c0       0x24 obj_cooja/mtype469.a(cooja-radio.o)
                0x00000000000347c0                simReceivingLR
                0x00000000000347c4                simInSizeLR
                0x00000000000347c8                simOutSizeLR
                0x00000000000347cc                simReceiving
                0x00000000000347d0                simInSize
                0x00000000000347d4                simOutSize
                0x00000000000347d8                LongRangeTransmit
                0x00000000000347dc                LongRangeReceiving
 .bss           0x00000000000347e4        0xc obj_cooja/mtype469.a(eeprom.o)
                0x00000000000347e4                simEEPROMChanged
                0x00000000000347e8                simEEPROMRead
                0x00000000000347ec                simEEPROMWritten
 .bss           0x00000000000347f0        0x0 obj_cooja/mtype469.a(random.o)
 .bss           0x00000000000347f0        0xc obj_cooja/mtype469.a(sensors.o)
 .bss           0x00000000000347fc        0x1 obj_cooja/mtype469.a(leds.o)
 *fill*         0x00000000000347fd        0x3 
 .bss           0x0000000000034800       0x28 obj_cooja/mtype469.a(dual_conf.o)
                0x0000000000034800                long_range_radio
 .bss           0x0000000000034828        0x0 obj_cooja/mtype469.a(autostart.o)
 .bss           0x0000000000034828        0x5 obj_cooja/mtype469.a(ctimer.o)
 *fill*         0x000000000003482d        0x3 
 .bss           0x0000000000034830        0x8 obj_cooja/mtype469.a(etimer.o)
 .bss           0x0000000000034838        0x0 obj_cooja/mtype469.a(log_message.o)
 *fill*         0x0000000000034838        0x8 
 .bss           0x0000000000034840      0x1b1 obj_cooja/mtype469.a(process.o)
                0x0000000000034840                process_list
                0x0000000000034844                process_current
 .bss           0x00000000000349f1        0x0 obj_cooja/mtype469.a(residual.o)
 *fill*         0x00000000000349f1        0x3 
 .bss           0x00000000000349f4        0x4 obj_cooja/mtype469.a(rtimer.o)
 .bss           0x00000000000349f8        0x0 obj_cooja/mtype469.a(stimer.o)
 .bss           0x00000000000349f8        0x0 obj_cooja/mtype469.a(timer.o)
 *fill*         0x00000000000349f8        0x8 
 .bss           0x0000000000034a00      0x140 obj_cooja/mtype469.a(serial-line.o)
 .bss           0x0000000000034b40        0x0 obj_cooja/mtype469.a(list.o)
 .bss           0x0000000000034b40        0x0 obj_cooja/mtype469.a(ringbuf.o)
 .bss           0x0000000000034b40      0x70c obj_cooja/mtype469.a(sicslowpan.o)
 *fill*         0x000000000003524c       0x14 
 .bss           0x0000000000035260      0x4b0 obj_cooja/mtype469.a(uip-ds6-nbr.o)
 *fill*         0x0000000000035710       0x10 
 .bss           0x0000000000035720      0x608 obj_cooja/mtype469.a(uip-ds6-route.o)
 .bss           0x0000000000035d28       0x30 obj_cooja/mtype469.a(uip-ds6.o)
 .bss           0x0000000000035d58        0xe obj_cooja/mtype469.a(uip6.o)
                0x0000000000035d58                uip_ext_bitmap
                0x0000000000035d59                uip_ext_len
                0x0000000000035d5a                uip_ext_opt_offset
 *fill*         0x0000000000035d66       0x1a 
 .bss           0x0000000000035d80       0x68 obj_cooja/mtype469.a(tcpip.o)
 .bss           0x0000000000035de8        0x0 obj_cooja/mtype469.a(uip-debug.o)
 *fill*         0x0000000000035de8       0x18 
 .bss           0x0000000000035e00      0xcf8 obj_cooja/mtype469.a(uip-packetqueue)
 .bss           0x0000000000036af8        0x0 obj_cooja/mtype469.a(uip-udp-packet.)
 *fill*         0x0000000000036af8        0x8 
 .bss           0x0000000000036b00      0x432 obj_cooja/mtype469.a(rpl-dag.o)
 .bss           0x0000000000036f32        0x0 obj_cooja/mtype469.a(rpl-ext-header.)
 .bss           0x0000000000036f32        0x0 obj_cooja/mtype469.a(rpl-icmp6.o)
 .bss           0x0000000000036f32        0x0 obj_cooja/mtype469.a(rpl-of0.o)
 *fill*         0x0000000000036f32        0xe 
 .bss           0x0000000000036f40       0x23 obj_cooja/mtype469.a(rpl-timers.o)
 *fill*         0x0000000000036f63        0x1 
 .bss           0x0000000000036f64        0x4 obj_cooja/mtype469.a(rpl.o)
 *fill*         0x0000000000036f68       0x18 
 .bss           0x0000000000036f80      0x348 obj_cooja/mtype469.a(csma.o)
 .bss           0x00000000000372c8        0x2 obj_cooja/mtype469.a(framer-802154.o)
 .bss           0x00000000000372ca        0x0 obj_cooja/mtype469.a(mac.o)
 *fill*         0x00000000000372ca       0x16 
 .bss           0x00000000000372e0       0x72 obj_cooja/mtype469.a(dualmac.o)
 .bss           0x0000000000037352        0x0 obj_cooja/mtype469.a(linkaddr.o)
 *fill*         0x0000000000037352        0xe 
 .bss           0x0000000000037360      0x35c obj_cooja/mtype469.a(nbr-table.o)
 .bss           0x00000000000376bc        0x0 obj_cooja/mtype469.a(netstack.o)
 *fill*         0x00000000000376bc        0x4 
 .bss           0x00000000000376c0       0xa0 obj_cooja/mtype469.a(packetbuf.o)
 .bss           0x0000000000037760      0xb80 obj_cooja/mtype469.a(queuebuf.o)
 .bss           0x00000000000382e0        0x0 obj_cooja/mtype469.a(nullsec.o)
 .bss           0x00000000000382e0        0x0 obj_cooja/mtype469.a(watchdog.o)
 .bss           0x00000000000382e0        0x0 obj_cooja/mtype469.a(rimestats.o)
 .bss           0x00000000000382e0        0x0 obj_cooja/mtype469.a(memb.o)
 .bss           0x00000000000382e0       0x18 obj_cooja/mtype469.a(uip-icmp6.o)
 .bss           0x00000000000382f8        0x0 obj_cooja/mtype469.a(uip-nd6.o)
 *fill*         0x00000000000382f8        0x8 
 .bss           0x0000000000038300       0x44 obj_cooja/mtype469.a(rpl-nbr-policy.)
 .bss           0x0000000000038344        0x0 obj_cooja/mtype469.a(frame802154.o)
 .bss           0x0000000000038344        0x0 /usr/lib/gcc/i686-linux-gnu/4.8/crtendS.o
 .bss           0x0000000000038344        0x0 /usr/lib/gcc/i686-linux-gnu/4.8/../../../i386-linux-gnu/crtn.o
 *(COMMON)
 *fill*         0x0000000000038344       0x1c 
 COMMON         0x0000000000038360     0x1505 udp-client.co
                0x0000000000038360                tree_level
                0x0000000000038364                dio_count
                0x0000000000038368                dis_count
                0x000000000003836c                csma_drop_count
                0x0000000000038370                tcp_output_count
                0x0000000000038374                rdc_retransmission_count
                0x0000000000038378                csma_transmission_count
                0x000000000003837c                dao_ack_fwd_count
                0x0000000000038380                COOJA_radioRxLong
                0x0000000000038384                avg_est_load
                0x0000000000038388                led_end
                0x0000000000038389                my_degree
                0x000000000003838c                rdc_collision_count
                0x0000000000038390                control_message_count
                0x0000000000038394                dao_count
                0x0000000000038398                icmp_count
                0x000000000003839c                energy_restore
                0x00000000000383a0                COOJA_radioTx
                0x00000000000383a4                dao_ack_count
                0x00000000000383a8                data_message_count
                0x00000000000383ac                dead
                0x00000000000383c0                id_count
                0x0000000000039748                join_instance
                0x000000000003974c                rdc_transmission_count
                0x0000000000039750                COOJA_radioTxLong
                0x0000000000039754                count_index
                0x0000000000039758                COOJA_radioRx
                0x000000000003975c                client_conn
                0x0000000000039760                COOJA_radioOn
                0x0000000000039780                id_array
                0x0000000000039848                LSA_count
                0x000000000003984c                dao_fwd_count
                0x0000000000039850                latest_id
                0x0000000000039854                COOJA_duration
                0x0000000000039858                dio_ack_count
                0x000000000003985c                COOJA_radioOnLong
                0x0000000000039860                data_fwd_count
                0x0000000000039864                init_phase
 *fill*         0x0000000000039865        0x3 
 COMMON         0x0000000000039868        0xc obj_cooja/mtype469.o
                0x0000000000039868                referenceVar
                0x000000000003986c                debugfp
                0x0000000000039870                sensors_flags
 COMMON         0x0000000000039874        0xc obj_cooja/mtype469.a(simEnvChange.o)
                0x0000000000039874                simEtimerPending
                0x0000000000039878                simProcessRunValue
                0x000000000003987c                simNextExpirationTime
 COMMON         0x0000000000039880        0x1 obj_cooja/mtype469.a(beep.o)
                0x0000000000039880                simBeeped
 COMMON         0x0000000000039881        0x3 obj_cooja/mtype469.a(button-sensor.o)
                0x0000000000039881                simButtonIsActive
                0x0000000000039882                simButtonIsDown
                0x0000000000039883                simButtonChanged
 COMMON         0x0000000000039884        0x1 obj_cooja/mtype469.a(leds-arch.o)
                0x0000000000039884                simLedsValue
 *fill*         0x0000000000039885        0x3 
 COMMON         0x0000000000039888        0xc obj_cooja/mtype469.a(moteid.o)
                0x0000000000039888                simRandomSeed
                0x000000000003988c                simMoteIDChanged
                0x0000000000039890                simMoteID
 COMMON         0x0000000000039894        0x2 obj_cooja/mtype469.a(pir-sensor.o)
                0x0000000000039894                simPirIsActive
                0x0000000000039895                simPirChanged
 *fill*         0x0000000000039896        0xa 
 COMMON         0x00000000000398a0      0x820 obj_cooja/mtype469.a(rs232.o)
                0x00000000000398a0                simSerialReceivingFlag
                0x00000000000398a4                simSerialReceivingLength
                0x00000000000398c0                simSerialReceivingData
 COMMON         0x000000000003a0c0        0x2 obj_cooja/mtype469.a(vib-sensor.o)
                0x000000000003a0c0                simVibChanged
                0x000000000003a0c1                simVibIsActive
 *fill*         0x000000000003a0c2        0x2 
 COMMON         0x000000000003a0c4        0x4 obj_cooja/mtype469.a(clock.o)
                0x000000000003a0c4                simCurrentTime
 *fill*         0x000000000003a0c8       0x18 
 COMMON         0x000000000003a0e0      0x420 obj_cooja/mtype469.a(log.o)
                0x000000000003a0e0                simLoggedLength
                0x000000000003a0e4                simLoggedFlag
                0x000000000003a100                simLoggedData
 COMMON         0x000000000003a500      0x260 obj_cooja/mtype469.a(cooja-radio.o)
                0x000000000003a500                simOutDataBuffer
                0x000000000003a580                simRadioTarget
                0x000000000003a5a0                simInDataBufferLR
                0x000000000003a620                packet_forwarding
                0x000000000003a640                simOutDataBufferLR
                0x000000000003a6c0                dual_duty_cycle_count
                0x000000000003a6e0                simInDataBuffer
 COMMON         0x000000000003a760      0x400 obj_cooja/mtype469.a(eeprom.o)
                0x000000000003a760                simEEPROMData
 COMMON         0x000000000003ab60        0x1 obj_cooja/mtype469.a(sensors.o)
                0x000000000003ab60                sensors_event
 *fill*         0x000000000003ab61        0x3 
 COMMON         0x000000000003ab64        0x4 obj_cooja/mtype469.a(log_message.o)
                0x000000000003ab64                log_fp
 COMMON         0x000000000003ab68        0x1 obj_cooja/mtype469.a(serial-line.o)
                0x000000000003ab68                serial_line_event_message
 *fill*         0x000000000003ab69       0x17 
 COMMON         0x000000000003ab80      0x1f4 obj_cooja/mtype469.a(uip-ds6-nbr.o)
                0x000000000003ab80                ds6_lr_addrmap
 *fill*         0x000000000003ad74        0xc 
 COMMON         0x000000000003ad80      0x298 obj_cooja/mtype469.a(uip-ds6.o)
                0x000000000003ad80                uip_ds6_prefix_list
                0x000000000003ade0                uip_ds6_timer_periodic
                0x000000000003adf0                uip_ds6_netif_addr_list_offset
                0x000000000003ae00                uip_ds6_if
                0x000000000003aef8                uip_ds6_timer_ra
                0x000000000003af00                uip_ds6_addr_size
                0x000000000003af20                long_uip_ds6_if
 *fill*         0x000000000003b018        0x8 
 COMMON         0x000000000003b020      0x8ec obj_cooja/mtype469.a(uip6.o)
                0x000000000003b020                uip_slen
                0x000000000003b022                uip_acc32
                0x000000000003b040                uip_conns
                0x000000000003b100                uip_lladdr
                0x000000000003b108                uip_appdata
                0x000000000003b10c                uip_flags
                0x000000000003b120                uip_aligned_buf
                0x000000000003b760                uip_listenports
                0x000000000003b770                uip_len
                0x000000000003b772                uip_long_lladdr
                0x000000000003b77c                uip_sappdata
                0x000000000003b780                uip_udp_conns
                0x000000000003b900                uip_udp_conn
                0x000000000003b904                uip_next_hdr
                0x000000000003b908                uip_conn
 COMMON         0x000000000003b90c        0x1 obj_cooja/mtype469.a(tcpip.o)
                0x000000000003b90c                tcpip_event
 *fill*         0x000000000003b90d       0x13 
 COMMON         0x000000000003b920      0x150 obj_cooja/mtype469.a(rpl-dag.o)
                0x000000000003b920                default_instance
                0x000000000003b940                instance_table
 COMMON         0x000000000003ba70       0x10 obj_cooja/mtype469.a(linkaddr.o)
                0x000000000003ba70                linkaddr_node_addr
                0x000000000003ba78                long_linkaddr_node_addr
 COMMON         0x000000000003ba80       0x2e obj_cooja/mtype469.a(packetbuf.o)
                0x000000000003ba80                packetbuf_attrs
                0x000000000003ba9e                packetbuf_addrs
 *fill*         0x000000000003baae       0x12 
 COMMON         0x000000000003bac0       0x48 obj_cooja/mtype469.a(rimestats.o)
                0x000000000003bac0                rimestats
                0x000000000003bb08                . = ALIGN ((. != 0x0)?0x4:0x1)
                0x000000000003bb08                . = ALIGN (0x4)
                0x000000000003bb08                . = SEGMENT_START ("ldata-segment", .)
                0x000000000003bb08                . = ALIGN (0x4)
                0x000000000003bb08                _end = .
                0x000000000003bb08                PROVIDE (end, .)
                0x000000000003bb08                . = DATA_SEGMENT_END (.)

.stab
 *(.stab)

.stabstr
 *(.stabstr)

.stab.excl
 *(.stab.excl)

.stab.exclstr
 *(.stab.exclstr)

.stab.index
 *(.stab.index)

.stab.indexstr
 *(.stab.indexstr)

.comment        0x0000000000000000       0x29
 *(.comment)
 .comment       0x0000000000000000       0x29 /usr/lib/gcc/i686-linux-gnu/4.8/crtbeginS.o
                                         0x2a (size before relaxing)
 .comment       0x0000000000000000       0x2a udp-client.co
 .comment       0x0000000000000000       0x2a obj_cooja/mtype469.o
 .comment       0x0000000000000000       0x2a obj_cooja/mtype469.a(simEnvChange.o)
 .comment       0x0000000000000000       0x2a obj_cooja/mtype469.a(cooja_mt.o)
 .comment       0x0000000000000000       0x2a obj_cooja/mtype469.a(cooja_mtarch.o)
 .comment       0x0000000000000000       0x2a obj_cooja/mtype469.a(rtimer-arch.o)
 .comment       0x0000000000000000       0x2a obj_cooja/mtype469.a(beep.o)
 .comment       0x0000000000000000       0x2a obj_cooja/mtype469.a(button-sensor.o)
 .comment       0x0000000000000000       0x2a obj_cooja/mtype469.a(leds-arch.o)
 .comment       0x0000000000000000       0x2a obj_cooja/mtype469.a(moteid.o)
 .comment       0x0000000000000000       0x2a obj_cooja/mtype469.a(pir-sensor.o)
 .comment       0x0000000000000000       0x2a obj_cooja/mtype469.a(rs232.o)
 .comment       0x0000000000000000       0x2a obj_cooja/mtype469.a(vib-sensor.o)
 .comment       0x0000000000000000       0x2a obj_cooja/mtype469.a(clock.o)
 .comment       0x0000000000000000       0x2a obj_cooja/mtype469.a(log.o)
 .comment       0x0000000000000000       0x2a obj_cooja/mtype469.a(cfs-cooja.o)
 .comment       0x0000000000000000       0x2a obj_cooja/mtype469.a(cooja-radio.o)
 .comment       0x0000000000000000       0x2a obj_cooja/mtype469.a(eeprom.o)
 .comment       0x0000000000000000       0x2a obj_cooja/mtype469.a(random.o)
 .comment       0x0000000000000000       0x2a obj_cooja/mtype469.a(sensors.o)
 .comment       0x0000000000000000       0x2a obj_cooja/mtype469.a(leds.o)
 .comment       0x0000000000000000       0x2a obj_cooja/mtype469.a(dual_conf.o)
 .comment       0x0000000000000000       0x2a obj_cooja/mtype469.a(autostart.o)
 .comment       0x0000000000000000       0x2a obj_cooja/mtype469.a(ctimer.o)
 .comment       0x0000000000000000       0x2a obj_cooja/mtype469.a(etimer.o)
 .comment       0x0000000000000000       0x2a obj_cooja/mtype469.a(log_message.o)
 .comment       0x0000000000000000       0x2a obj_cooja/mtype469.a(process.o)
 .comment       0x0000000000000000       0x2a obj_cooja/mtype469.a(residual.o)
 .comment       0x0000000000000000       0x2a obj_cooja/mtype469.a(rtimer.o)
 .comment       0x0000000000000000       0x2a obj_cooja/mtype469.a(stimer.o)
 .comment       0x0000000000000000       0x2a obj_cooja/mtype469.a(timer.o)
 .comment       0x0000000000000000       0x2a obj_cooja/mtype469.a(serial-line.o)
 .comment       0x0000000000000000       0x2a obj_cooja/mtype469.a(list.o)
 .comment       0x0000000000000000       0x2a obj_cooja/mtype469.a(ringbuf.o)
 .comment       0x0000000000000000       0x2a obj_cooja/mtype469.a(sicslowpan.o)
 .comment       0x0000000000000000       0x2a obj_cooja/mtype469.a(uip-ds6-nbr.o)
 .comment       0x0000000000000000       0x2a obj_cooja/mtype469.a(uip-ds6-route.o)
 .comment       0x0000000000000000       0x2a obj_cooja/mtype469.a(uip-ds6.o)
 .comment       0x0000000000000000       0x2a obj_cooja/mtype469.a(uip6.o)
 .comment       0x0000000000000000       0x2a obj_cooja/mtype469.a(tcpip.o)
 .comment       0x0000000000000000       0x2a obj_cooja/mtype469.a(uip-debug.o)
 .comment       0x0000000000000000       0x2a obj_cooja/mtype469.a(uip-packetqueue)
 .comment       0x0000000000000000       0x2a obj_cooja/mtype469.a(uip-udp-packet.)
 .comment       0x0000000000000000       0x2a obj_cooja/mtype469.a(rpl-dag.o)
 .comment       0x0000000000000000       0x2a obj_cooja/mtype469.a(rpl-ext-header.)
 .comment       0x0000000000000000       0x2a obj_cooja/mtype469.a(rpl-icmp6.o)
 .comment       0x0000000000000000       0x2a obj_cooja/mtype469.a(rpl-of0.o)
 .comment       0x0000000000000000       0x2a obj_cooja/mtype469.a(rpl-timers.o)
 .comment       0x0000000000000000       0x2a obj_cooja/mtype469.a(rpl.o)
 .comment       0x0000000000000000       0x2a obj_cooja/mtype469.a(csma.o)
 .comment       0x0000000000000000       0x2a obj_cooja/mtype469.a(framer-802154.o)
 .comment       0x0000000000000000       0x2a obj_cooja/mtype469.a(mac.o)
 .comment       0x0000000000000000       0x2a obj_cooja/mtype469.a(dualmac.o)
 .comment       0x0000000000000000       0x2a obj_cooja/mtype469.a(linkaddr.o)
 .comment       0x0000000000000000       0x2a obj_cooja/mtype469.a(nbr-table.o)
 .comment       0x0000000000000000       0x2a obj_cooja/mtype469.a(netstack.o)
 .comment       0x0000000000000000       0x2a obj_cooja/mtype469.a(packetbuf.o)
 .comment       0x0000000000000000       0x2a obj_cooja/mtype469.a(queuebuf.o)
 .comment       0x0000000000000000       0x2a obj_cooja/mtype469.a(nullsec.o)
 .comment       0x0000000000000000       0x2a obj_cooja/mtype469.a(watchdog.o)
 .comment       0x0000000000000000       0x2a obj_cooja/mtype469.a(rimestats.o)
 .comment       0x0000000000000000       0x2a obj_cooja/mtype469.a(memb.o)
 .comment       0x0000000000000000       0x2a obj_cooja/mtype469.a(uip-icmp6.o)
 .comment       0x0000000000000000       0x2a obj_cooja/mtype469.a(uip-nd6.o)
 .comment       0x0000000000000000       0x2a obj_cooja/mtype469.a(rpl-nbr-policy.)
 .comment       0x0000000000000000       0x2a obj_cooja/mtype469.a(frame802154.o)
 .comment       0x0000000000000000       0x2a /usr/lib/gcc/i686-linux-gnu/4.8/crtendS.o

.debug
 *(.debug)

.line
 *(.line)

.debug_srcinfo
 *(.debug_srcinfo)

.debug_sfnames
 *(.debug_sfnames)

.debug_aranges  0x0000000000000000      0x838
 *(.debug_aranges)
 .debug_aranges
                0x0000000000000000       0x20 udp-client.co
 .debug_aranges
                0x0000000000000020       0x20 obj_cooja/mtype469.o
 .debug_aranges
                0x0000000000000040       0x20 obj_cooja/mtype469.a(simEnvChange.o)
 .debug_aranges
                0x0000000000000060       0x20 obj_cooja/mtype469.a(cooja_mt.o)
 .debug_aranges
                0x0000000000000080       0x20 obj_cooja/mtype469.a(cooja_mtarch.o)
 .debug_aranges
                0x00000000000000a0       0x20 obj_cooja/mtype469.a(rtimer-arch.o)
 .debug_aranges
                0x00000000000000c0       0x20 obj_cooja/mtype469.a(beep.o)
 .debug_aranges
                0x00000000000000e0       0x20 obj_cooja/mtype469.a(button-sensor.o)
 .debug_aranges
                0x0000000000000100       0x20 obj_cooja/mtype469.a(leds-arch.o)
 .debug_aranges
                0x0000000000000120       0x20 obj_cooja/mtype469.a(moteid.o)
 .debug_aranges
                0x0000000000000140       0x20 obj_cooja/mtype469.a(pir-sensor.o)
 .debug_aranges
                0x0000000000000160       0x20 obj_cooja/mtype469.a(rs232.o)
 .debug_aranges
                0x0000000000000180       0x20 obj_cooja/mtype469.a(vib-sensor.o)
 .debug_aranges
                0x00000000000001a0       0x20 obj_cooja/mtype469.a(clock.o)
 .debug_aranges
                0x00000000000001c0       0x20 obj_cooja/mtype469.a(log.o)
 .debug_aranges
                0x00000000000001e0       0x20 obj_cooja/mtype469.a(cfs-cooja.o)
 .debug_aranges
                0x0000000000000200       0x20 obj_cooja/mtype469.a(cooja-radio.o)
 .debug_aranges
                0x0000000000000220       0x20 obj_cooja/mtype469.a(eeprom.o)
 .debug_aranges
                0x0000000000000240       0x20 obj_cooja/mtype469.a(random.o)
 .debug_aranges
                0x0000000000000260       0x20 obj_cooja/mtype469.a(sensors.o)
 .debug_aranges
                0x0000000000000280       0x20 obj_cooja/mtype469.a(leds.o)
 .debug_aranges
                0x00000000000002a0       0x20 obj_cooja/mtype469.a(dual_conf.o)
 .debug_aranges
                0x00000000000002c0       0x20 obj_cooja/mtype469.a(autostart.o)
 .debug_aranges
                0x00000000000002e0       0x20 obj_cooja/mtype469.a(ctimer.o)
 .debug_aranges
                0x0000000000000300       0x20 obj_cooja/mtype469.a(etimer.o)
 .debug_aranges
                0x0000000000000320       0x20 obj_cooja/mtype469.a(log_message.o)
 .debug_aranges
                0x0000000000000340       0x20 obj_cooja/mtype469.a(process.o)
 .debug_aranges
                0x0000000000000360       0x20 obj_cooja/mtype469.a(residual.o)
 .debug_aranges
                0x0000000000000380       0x20 obj_cooja/mtype469.a(rtimer.o)
 .debug_aranges
                0x00000000000003a0       0x20 obj_cooja/mtype469.a(stimer.o)
 .debug_aranges
                0x00000000000003c0       0x20 obj_cooja/mtype469.a(timer.o)
 .debug_aranges
                0x00000000000003e0       0x20 obj_cooja/mtype469.a(serial-line.o)
 .debug_aranges
                0x0000000000000400       0x20 obj_cooja/mtype469.a(list.o)
 .debug_aranges
                0x0000000000000420       0x20 obj_cooja/mtype469.a(ringbuf.o)
 .debug_aranges
                0x0000000000000440       0x20 obj_cooja/mtype469.a(sicslowpan.o)
 .debug_aranges
                0x0000000000000460       0x20 obj_cooja/mtype469.a(uip-ds6-nbr.o)
 .debug_aranges
                0x0000000000000480       0x20 obj_cooja/mtype469.a(uip-ds6-route.o)
 .debug_aranges
                0x00000000000004a0       0x20 obj_cooja/mtype469.a(uip-ds6.o)
 .debug_aranges
                0x00000000000004c0       0x20 obj_cooja/mtype469.a(uip6.o)
 .debug_aranges
                0x00000000000004e0       0x20 obj_cooja/mtype469.a(tcpip.o)
 .debug_aranges
                0x0000000000000500       0x20 obj_cooja/mtype469.a(uip-debug.o)
 .debug_aranges
                0x0000000000000520       0x20 obj_cooja/mtype469.a(uip-packetqueue)
 .debug_aranges
                0x0000000000000540       0x20 obj_cooja/mtype469.a(uip-udp-packet.)
 .debug_aranges
                0x0000000000000560       0x20 obj_cooja/mtype469.a(rpl-dag.o)
 .debug_aranges
                0x0000000000000580       0x20 obj_cooja/mtype469.a(rpl-ext-header.)
 .debug_aranges
                0x00000000000005a0       0x20 obj_cooja/mtype469.a(rpl-icmp6.o)
 .debug_aranges
                0x00000000000005c0       0x20 obj_cooja/mtype469.a(rpl-of0.o)
 .debug_aranges
                0x00000000000005e0       0x20 obj_cooja/mtype469.a(rpl-timers.o)
 .debug_aranges
                0x0000000000000600       0x20 obj_cooja/mtype469.a(rpl.o)
 .debug_aranges
                0x0000000000000620       0x20 obj_cooja/mtype469.a(csma.o)
 .debug_aranges
                0x0000000000000640       0x20 obj_cooja/mtype469.a(framer-802154.o)
 .debug_aranges
                0x0000000000000660       0x20 obj_cooja/mtype469.a(mac.o)
 .debug_aranges
                0x0000000000000680       0x20 obj_cooja/mtype469.a(dualmac.o)
 .debug_aranges
                0x00000000000006a0       0x20 obj_cooja/mtype469.a(linkaddr.o)
 .debug_aranges
                0x00000000000006c0       0x20 obj_cooja/mtype469.a(nbr-table.o)
 .debug_aranges
                0x00000000000006e0       0x20 obj_cooja/mtype469.a(netstack.o)
 .debug_aranges
                0x0000000000000700       0x20 obj_cooja/mtype469.a(packetbuf.o)
 .debug_aranges
                0x0000000000000720       0x20 obj_cooja/mtype469.a(queuebuf.o)
 .debug_aranges
                0x0000000000000740       0x20 obj_cooja/mtype469.a(nullsec.o)
 .debug_aranges